Archive member included to satisfy reference by file (symbol)

/opt/wonderful/thirdparty/blocksds/core/libs/dswifi/lib/libdswifi9.a(wifi_arm9.c.o)
                              build/source/obd.c.o (Wifi_InitDefault)
/opt/wonderful/thirdparty/blocksds/core/libs/dswifi/lib/libdswifi9.a(sgIP_sockets.c.o)
                              build/source/obd.c.o (socket)
/opt/wonderful/thirdparty/blocksds/core/libs/dswifi/lib/libdswifi9.a(sgIP_DHCP.c.o)
                              /opt/wonderful/thirdparty/blocksds/core/libs/dswifi/lib/libdswifi9.a(wifi_arm9.c.o) (sgIP_DHCP_Start)
/opt/wonderful/thirdparty/blocksds/core/libs/dswifi/lib/libdswifi9.a(sgIP_memblock.c.o)
                              /opt/wonderful/thirdparty/blocksds/core/libs/dswifi/lib/libdswifi9.a(wifi_arm9.c.o) (sgIP_memblock_allocHW)
/opt/wonderful/thirdparty/blocksds/core/libs/dswifi/lib/libdswifi9.a(sgIP_DNS.c.o)
                              /opt/wonderful/thirdparty/blocksds/core/libs/dswifi/lib/libdswifi9.a(sgIP_DHCP.c.o) (sgIP_DNS_FindDNSRecord)
/opt/wonderful/thirdparty/blocksds/core/libs/dswifi/lib/libdswifi9.a(sgIP_TCP.c.o)
                              /opt/wonderful/thirdparty/blocksds/core/libs/dswifi/lib/libdswifi9.a(sgIP_sockets.c.o) (sgIP_TCP_AllocRecord)
/opt/wonderful/thirdparty/blocksds/core/libs/dswifi/lib/libdswifi9.a(sgIP_UDP.c.o)
                              /opt/wonderful/thirdparty/blocksds/core/libs/dswifi/lib/libdswifi9.a(sgIP_sockets.c.o) (sgIP_UDP_AllocRecord)
/opt/wonderful/thirdparty/blocksds/core/libs/dswifi/lib/libdswifi9.a(sgIP_Hub.c.o)
                              /opt/wonderful/thirdparty/blocksds/core/libs/dswifi/lib/libdswifi9.a(wifi_arm9.c.o) (sgIP_Hub_AddHardwareInterface)
/opt/wonderful/thirdparty/blocksds/core/libs/dswifi/lib/libdswifi9.a(spinlock.s.o)
                              /opt/wonderful/thirdparty/blocksds/core/libs/dswifi/lib/libdswifi9.a(wifi_arm9.c.o) (SLasm_Acquire)
/opt/wonderful/thirdparty/blocksds/core/libs/dswifi/lib/libdswifi9.a(sgIP_ARP.c.o)
                              /opt/wonderful/thirdparty/blocksds/core/libs/dswifi/lib/libdswifi9.a(wifi_arm9.c.o) (sgIP_ARP_FlushInterface)
/opt/wonderful/thirdparty/blocksds/core/libs/dswifi/lib/libdswifi9.a(sgIP.c.o)
                              /opt/wonderful/thirdparty/blocksds/core/libs/dswifi/lib/libdswifi9.a(wifi_arm9.c.o) (sgIP_Init)
/opt/wonderful/thirdparty/blocksds/core/libs/dswifi/lib/libdswifi9.a(sgIP_IP.c.o)
                              /opt/wonderful/thirdparty/blocksds/core/libs/dswifi/lib/libdswifi9.a(sgIP.c.o) (sgIP_IP_ReceivePacket)
/opt/wonderful/thirdparty/blocksds/core/libs/dswifi/lib/libdswifi9.a(sgIP_ICMP.c.o)
                              /opt/wonderful/thirdparty/blocksds/core/libs/dswifi/lib/libdswifi9.a(sgIP_IP.c.o) (sgIP_ICMP_ReceivePacket)
/opt/wonderful/thirdparty/blocksds/core/libs/libnds/lib/libnds9.a(IntrWait.s.o)
                              build/source/obd.c.o (swiWaitForVBlank)
/opt/wonderful/thirdparty/blocksds/core/libs/libnds/lib/libnds9.a(mpu_setup.s.o)
                              /opt/wonderful/thirdparty/blocksds/core/sys/crts/ds_arm9_crt0.o (__libnds_mpu_setup)
/opt/wonderful/thirdparty/blocksds/core/libs/libnds/lib/libnds9.a(cp15.s.o)
                              /opt/wonderful/thirdparty/blocksds/core/libs/dswifi/lib/libdswifi9.a(wifi_arm9.c.o) (CP15_CleanAndFlushDCache)
/opt/wonderful/thirdparty/blocksds/core/libs/libnds/lib/libnds9.a(memmove.s.o)
                              /opt/wonderful/thirdparty/blocksds/core/libs/dswifi/lib/libdswifi9.a(sgIP_TCP.c.o) (memmove)
/opt/wonderful/thirdparty/blocksds/core/libs/libnds/lib/libnds9.a(memcpy.s.o)
                              /opt/wonderful/thirdparty/blocksds/core/libs/libnds/lib/libnds9.a(memmove.s.o) (__aeabi_memcpy)
/opt/wonderful/thirdparty/blocksds/core/libs/libnds/lib/libnds9.a(memset.s.o)
                              /opt/wonderful/thirdparty/blocksds/core/libs/dswifi/lib/libdswifi9.a(wifi_arm9.c.o) (memset)
/opt/wonderful/thirdparty/blocksds/core/libs/libnds/lib/libnds9.a(aeabi_read_tp.s.o)
                              /opt/wonderful/thirdparty/blocksds/core/libs/dswifi/lib/libdswifi9.a(sgIP_sockets.c.o) (__aeabi_read_tp)
/opt/wonderful/thirdparty/blocksds/core/libs/libnds/lib/libnds9.a(securearea.c.o)
                              /opt/wonderful/thirdparty/blocksds/core/sys/crts/ds_arm9_crt0.o (__secure_area__)
/opt/wonderful/thirdparty/blocksds/core/libs/libnds/lib/libnds9.a(initSystem.c.o)
                              /opt/wonderful/thirdparty/blocksds/core/sys/crts/ds_arm9_crt0.o (initSystem)
/opt/wonderful/thirdparty/blocksds/core/libs/libnds/lib/libnds9.a(console.c.o)
                              build/source/main.c.o (consoleDemoInit)
/opt/wonderful/thirdparty/blocksds/core/libs/libnds/lib/libnds9.a(filesystem.c.o)
                              build/source/obd.c.o (close)
/opt/wonderful/thirdparty/blocksds/core/libs/libnds/lib/libnds9.a(fatfs.c.o)
[...]
Memory Configuration

Name             Origin             Length             Attributes
ewram            0x02000000         0x00380000
dtcm             0x02ff0000         0x00004000
vectors          0x01000000         0x00000100
itcm             0x01000100         0x00007f00
*default*        0x00000000         0xffffffff

Linker script and memory map

LOAD build/source/main.c.o
LOAD build/source/obd.c.o
LOAD /opt/wonderful/thirdparty/blocksds/core/sys/crts/ds_arm9_crt0.o
START GROUP
LOAD /opt/wonderful/thirdparty/blocksds/external/nflib/lib/libnflib.a
LOAD /opt/wonderful/thirdparty/blocksds/core/libs/dswifi/lib/libdswifi9.a
LOAD /opt/wonderful/thirdparty/blocksds/core/libs/libnds/lib/libnds9.a
LOAD /opt/wonderful/toolchain/gcc-arm-none-eabi/lib/gcc/arm-none-eabi/13.2.0/../../../../arm-none-eabi/lib/thumb/arm7tdmi/libc.a
LOAD /opt/wonderful/toolchain/gcc-arm-none-eabi/lib/gcc/arm-none-eabi/13.2.0/../../../../arm-none-eabi/lib/thumb/arm7tdmi/libc.a
LOAD /opt/wonderful/toolchain/gcc-arm-none-eabi/lib/gcc/arm-none-eabi/13.2.0/thumb/arm7tdmi/libgcc.a
END GROUP
                0x02380000                        __ewram_end = (ORIGIN (ewram) + LENGTH (ewram))
                0x02380000                        __eheap_end = (ORIGIN (ewram) + LENGTH (ewram))
                0x02ff4000                        __dtcm_top = (ORIGIN (dtcm) + LENGTH (dtcm))
                0x02ff3ff8                        __irq_flags = (__dtcm_top - 0x8)
                0x02ff3ffc                        __irq_vector = (__dtcm_top - 0x4)
                0x02ff3f00                        __sp_svc = (__dtcm_top - 0x100)
                0x02ff3e00                        __sp_irq = (__sp_svc - 0x100)
                0x02ff3d00                        __sp_usr = (__sp_irq - 0x100)

.secure         0x02000000      0x800
 *(.secure)
 .secure        0x02000000      0x800 /opt/wonderful/thirdparty/blocksds/core/libs/libnds/lib/libnds9.a(securearea.c.o)
                0x02000000                __secure_area__

.crt0           0x02000800      0x314
                0x02000800                        __text_start = .
 *(.crt0)
 .crt0          0x02000800      0x314 /opt/wonderful/thirdparty/blocksds/core/sys/crts/ds_arm9_crt0.o
                0x02000800                _start
                0x02000b14                        . = ALIGN (0x4)
                0x00004000                        PROVIDE (__dldi_size = 0x4000)
                0x0000000e                        __dldi_log2_size = (LOG2CEIL ((__dldi_size + 0x1)) - 0x1)

.dldi           0x02000b14        0x0
                0x02000b14                        __dldi_start = .
 *(.dldi)
                0x02000b14                        . = ALIGN (0x4)
                0x02000b14                        __dldi_data_end = .
                0x02000b14                        __dldi_end = (__dldi_data_end > __dldi_start)?(__dldi_start + __dldi_size):__dldi_start
                0x02000b14                        . = __dldi_end
                0x02000b14                        . = ALIGN (0x4)

.plt
 *(.plt)

.init
 *(SORT_NONE(.init))

.text           0x02000b18     0xbe88
 *(EXCLUDE_FILE(*.twl* *.vectors* *.itcm*) .text)
 .text          0x02000b18       0x5c /opt/wonderful/thirdparty/blocksds/core/libs/dswifi/lib/libdswifi9.a(spinlock.s.o)
                0x02000b18                SLasm_Acquire
                0x02000b4c                SLasm_Release
 .text          0x02000b74        0xe /opt/wonderful/toolchain/gcc-arm-none-eabi/lib/gcc/arm-none-eabi/13.2.0/../../../../arm-none-eabi/lib/thumb/arm7tdmi/libc.a(strlen.S.o)
                0x02000b74                strlen
 *fill*         0x02000b82        0x2 ff
 .text          0x02000b84       0x14 /opt/wonderful/toolchain/gcc-arm-none-eabi/lib/gcc/arm-none-eabi/13.2.0/thumb/arm7tdmi/libgcc.a(_thumb1_case_uqi.o)
                0x02000b84                __gnu_thumb1_case_uqi
 .text          0x02000b98       0x14 /opt/wonderful/toolchain/gcc-arm-none-eabi/lib/gcc/arm-none-eabi/13.2.0/thumb/arm7tdmi/libgcc.a(_thumb1_case_uhi.o)
                0x02000b98                __gnu_thumb1_case_uhi
 .text          0x02000bac      0x11c /opt/wonderful/toolchain/gcc-arm-none-eabi/lib/gcc/arm-none-eabi/13.2.0/thumb/arm7tdmi/libgcc.a(_udivsi3.o)
                0x02000bac                __udivsi3
                0x02000bac                __aeabi_uidiv
                0x02000ca8                __aeabi_uidivmod
 .text          0x02000cc8      0x150 /opt/wonderful/toolchain/gcc-arm-none-eabi/lib/gcc/arm-none-eabi/13.2.0/thumb/arm7tdmi/libgcc.a(_divsi3.o)
                0x02000cc8                __aeabi_idiv
                0x02000cc8                __divsi3
                0x02000df8                __aeabi_idivmod
 .text          0x02000e18        0x4 /opt/wonderful/toolchain/gcc-arm-none-eabi/lib/gcc/arm-none-eabi/13.2.0/thumb/arm7tdmi/libgcc.a(_dvmd_tls.o)
                0x02000e18                __aeabi_ldiv0
                0x02000e18                __aeabi_idiv0
 .text          0x02000e1c       0x18 /opt/wonderful/toolchain/gcc-arm-none-eabi/lib/gcc/arm-none-eabi/13.2.0/thumb/arm7tdmi/libgcc.a(_lshrdi3.o)
                0x02000e1c                __aeabi_llsr
                0x02000e1c                __lshrdi3
 .text          0x02000e34       0x1c /opt/wonderful/toolchain/gcc-arm-none-eabi/lib/gcc/arm-none-eabi/13.2.0/thumb/arm7tdmi/libgcc.a(_ashrdi3.o)
                0x02000e34                __ashrdi3
                0x02000e34                __aeabi_lasr
 .text          0x02000e50       0x18 /opt/wonderful/toolchain/gcc-arm-none-eabi/lib/gcc/arm-none-eabi/13.2.0/thumb/arm7tdmi/libgcc.a(_ashldi3.o)
                0x02000e50                __ashldi3
                0x02000e50                __aeabi_llsl
 .text          0x02000e68      0x424 /opt/wonderful/toolchain/gcc-arm-none-eabi/lib/gcc/arm-none-eabi/13.2.0/thumb/arm7tdmi/libgcc.a(_arm_addsubdf3.o)
                0x02000e68                __aeabi_drsub
                0x02000e70                __subdf3
                0x02000e70                __aeabi_dsub
                0x02000e74                __adddf3
                0x02000e74                __aeabi_dadd
                0x02001184                __aeabi_ui2d
                0x02001184                __floatunsidf
                0x020011a8                __floatsidf
                0x020011a8                __aeabi_i2d
                0x020011d0                __extendsfdf2
                0x020011d0                __aeabi_f2d
                0x02001218                __aeabi_ul2d
                0x02001218                __floatundidf
                0x0200122c                __aeabi_l2d
                0x0200122c                __floatdidf
 .text          0x0200128c       0xa0 /opt/wonderful/toolchain/gcc-arm-none-eabi/lib/gcc/arm-none-eabi/13.2.0/thumb/arm7tdmi/libgcc.a(_arm_truncdfsf2.o)
                0x0200128c                __aeabi_d2f
                0x0200128c                __truncdfsf2
 .text          0x0200132c       0x48 /opt/wonderful/toolchain/gcc-arm-none-eabi/lib/gcc/arm-none-eabi/13.2.0/thumb/arm7tdmi/libgcc.a(_clzsi2.o)
                0x0200132c                __clzsi2
 .text          0x02001374       0x28 /opt/wonderful/toolchain/gcc-arm-none-eabi/lib/gcc/arm-none-eabi/13.2.0/thumb/arm7tdmi/libgcc.a(_clzdi2.o)
                0x02001374                __clzdi2
 .text          0x0200139c       0xd4 /opt/wonderful/toolchain/gcc-arm-none-eabi/lib/gcc/arm-none-eabi/13.2.0/thumb/arm7tdmi/libgcc.a(_aeabi_ldivmod.o)
                0x0200139c                __aeabi_ldivmod
 .text          0x02001470       0x3c /opt/wonderful/toolchain/gcc-arm-none-eabi/lib/gcc/arm-none-eabi/13.2.0/thumb/arm7tdmi/libgcc.a(_aeabi_uldivmod.o)
                0x02001470                __aeabi_uldivmod
 .text          0x020014ac       0x64 /opt/wonderful/toolchain/gcc-arm-none-eabi/lib/gcc/arm-none-eabi/13.2.0/thumb/arm7tdmi/libgcc.a(_muldi3.o)
                0x020014ac                __aeabi_lmul
                0x020014ac                __muldi3
 .text          0x02001510      0x19c /opt/wonderful/toolchain/gcc-arm-none-eabi/lib/gcc/arm-none-eabi/13.2.0/thumb/arm7tdmi/libgcc.a(_udivmoddi4.o)
                0x02001510                __udivmoddi4
 *(EXCLUDE_FILE(*.twl* *.vectors* *.itcm*) .stub)
 *(EXCLUDE_FILE(*.twl* *.vectors* *.itcm*) .text.*)
 .text.startup.main
                0x020016ac       0x5c build/source/main.c.o
                0x020016ac                main
 .text.dumpSockOutput
                0x02001708       0x14 build/source/obd.c.o
                0x02001708                dumpSockOutput
 .text.getRPM   0x0200171c       0x98 build/source/obd.c.o
                0x0200171c                getRPM
 .text.initOBD  0x020017b4      0x160 build/source/obd.c.o
                0x020017b4                initOBD
 .text.Wifi_Interface_Init
                0x02001914       0x48 /opt/wonderful/thirdparty/blocksds/core/libs/dswifi/lib/libdswifi9.a(wifi_arm9.c.o)
                0x02001914                Wifi_Interface_Init
 .text.arm9_synctoarm7
                0x0200195c        0xc /opt/wonderful/thirdparty/blocksds/core/libs/dswifi/lib/libdswifi9.a(wifi_arm9.c.o)
                0x0200195c                arm9_synctoarm7
 .text.Wifi_TransmitFunction
                0x02001968      0x3e4 /opt/wonderful/thirdparty/blocksds/core/libs/dswifi/lib/libdswifi9.a(wifi_arm9.c.o)
                0x02001968                Wifi_TransmitFunction
 .text.sgIP_IntrWaitEvent
                0x02001d4c        0x4 /opt/wonderful/thirdparty/blocksds/core/libs/dswifi/lib/libdswifi9.a(wifi_arm9.c.o)
                0x02001d4c                sgIP_IntrWaitEvent
 .text.wHeapAlloc
                0x02001d50       0xcc /opt/wonderful/thirdparty/blocksds/core/libs/dswifi/lib/libdswifi9.a(wifi_arm9.c.o)
                0x02001d50                wHeapAlloc
 .text.sgIP_malloc
                0x02001e1c        0x8 /opt/wonderful/thirdparty/blocksds/core/libs/dswifi/lib/libdswifi9.a(wifi_arm9.c.o)
                0x02001e1c                sgIP_malloc
 .text.sgIP_free
                0x02001e24       0x1c /opt/wonderful/thirdparty/blocksds/core/libs/dswifi/lib/libdswifi9.a(wifi_arm9.c.o)
                0x02001e24                sgIP_free
 .text.Wifi_GetAPData
                0x02001e40       0x88 /opt/wonderful/thirdparty/blocksds/core/libs/dswifi/lib/libdswifi9.a(wifi_arm9.c.o)
                0x02001e40                Wifi_GetAPData
 .text.Wifi_FindMatchingAP
                0x02001ec8      0x12c /opt/wonderful/thirdparty/blocksds/core/libs/dswifi/lib/libdswifi9.a(wifi_arm9.c.o)
                0x02001ec8                Wifi_FindMatchingAP
 .text.Wifi_AssocStatus
                0x02001ff4      0x368 /opt/wonderful/thirdparty/blocksds/core/libs/dswifi/lib/libdswifi9.a(wifi_arm9.c.o)
                0x02001ff4                Wifi_AssocStatus
 .text.Wifi_Init
                0x0200235c      0x10c /opt/wonderful/thirdparty/blocksds/core/libs/dswifi/lib/libdswifi9.a(wifi_arm9.c.o)
                0x0200235c                Wifi_Init
 .text.Wifi_Update
                0x02002468      0x3f0 /opt/wonderful/thirdparty/blocksds/core/libs/dswifi/lib/libdswifi9.a(wifi_arm9.c.o)
                0x02002468                Wifi_Update
 .text.Timer_50ms
                0x02002858       0x10 /opt/wonderful/thirdparty/blocksds/core/libs/dswifi/lib/libdswifi9.a(wifi_arm9.c.o)
                0x02002858                Timer_50ms
 .text.wifiValue32Handler
                0x02002868       0x20 /opt/wonderful/thirdparty/blocksds/core/libs/dswifi/lib/libdswifi9.a(wifi_arm9.c.o)
                0x02002868                wifiValue32Handler
 .text.Wifi_InitDefault
                0x02002888       0xbc /opt/wonderful/thirdparty/blocksds/core/libs/dswifi/lib/libdswifi9.a(wifi_arm9.c.o)
                0x02002888                Wifi_InitDefault
 .text.sgIP_sockets_Init
                0x02002944       0x18 /opt/wonderful/thirdparty/blocksds/core/libs/dswifi/lib/libdswifi9.a(sgIP_sockets.c.o)
                0x02002944                sgIP_sockets_Init
 .text.socket   0x0200295c       0x94 /opt/wonderful/thirdparty/blocksds/core/libs/dswifi/lib/libdswifi9.a(sgIP_sockets.c.o)
                0x0200295c                socket
 .text.forceclosesocket
                0x020029f0       0x5c /opt/wonderful/thirdparty/blocksds/core/libs/dswifi/lib/libdswifi9.a(sgIP_sockets.c.o)
                0x020029f0                forceclosesocket
 .text.sgIP_sockets_Timer1000ms
                0x02002a4c       0x68 /opt/wonderful/thirdparty/blocksds/core/libs/dswifi/lib/libdswifi9.a(sgIP_sockets.c.o)
                0x02002a4c                sgIP_sockets_Timer1000ms
 .text.bind     0x02002ab4       0x84 /opt/wonderful/thirdparty/blocksds/core/libs/dswifi/lib/libdswifi9.a(sgIP_sockets.c.o)
                0x02002ab4                bind
 .text.connect  0x02002b38       0xec /opt/wonderful/thirdparty/blocksds/core/libs/dswifi/lib/libdswifi9.a(sgIP_sockets.c.o)
                0x02002b38                connect
 .text.send     0x02002c24       0xd0 /opt/wonderful/thirdparty/blocksds/core/libs/dswifi/lib/libdswifi9.a(sgIP_sockets.c.o)
                0x02002c24                send
 .text.recv     0x02002cf4       0xd0 /opt/wonderful/thirdparty/blocksds/core/libs/dswifi/lib/libdswifi9.a(sgIP_sockets.c.o)
                0x02002cf4                recv
 .text.sendto   0x02002dc4       0x90 /opt/wonderful/thirdparty/blocksds/core/libs/dswifi/lib/libdswifi9.a(sgIP_sockets.c.o)
                0x02002dc4                sendto
 .text.recvfrom
                0x02002e54       0xf8 /opt/wonderful/thirdparty/blocksds/core/libs/dswifi/lib/libdswifi9.a(sgIP_sockets.c.o)
                0x02002e54                recvfrom
 .text.shutdown
                0x02002f4c       0x78 /opt/wonderful/thirdparty/blocksds/core/libs/dswifi/lib/libdswifi9.a(sgIP_sockets.c.o)
                0x02002f4c                shutdown
 .text.closesocket
                0x02002fc4       0x9c /opt/wonderful/thirdparty/blocksds/core/libs/dswifi/lib/libdswifi9.a(sgIP_sockets.c.o)
                0x02002fc4                closesocket
 .text.ioctl    0x02003060       0xd8 /opt/wonderful/thirdparty/blocksds/core/libs/dswifi/lib/libdswifi9.a(sgIP_sockets.c.o)
                0x02003060                ioctl
 .text.sgIP_DHCP_Init
                0x02003138       0x48 /opt/wonderful/thirdparty/blocksds/core/libs/dswifi/lib/libdswifi9.a(sgIP_DHCP.c.o)
                0x02003138                sgIP_DHCP_Init
 .text.sgIP_DHCP_SendDgram
                0x02003180       0x6c /opt/wonderful/thirdparty/blocksds/core/libs/dswifi/lib/libdswifi9.a(sgIP_DHCP.c.o)
                0x02003180                sgIP_DHCP_SendDgram
 .text.sgIP_DHCP_BeginDgram
                0x020031ec      0x1f0 /opt/wonderful/thirdparty/blocksds/core/libs/dswifi/lib/libdswifi9.a(sgIP_DHCP.c.o)
                0x020031ec                sgIP_DHCP_BeginDgram
 .text.sgIP_DHCP_Start
                0x020033dc       0xec /opt/wonderful/thirdparty/blocksds/core/libs/dswifi/lib/libdswifi9.a(sgIP_DHCP.c.o)
                0x020033dc                sgIP_DHCP_Start
 .text.sgIP_DHCP_Update
                0x020034c8      0x44c /opt/wonderful/thirdparty/blocksds/core/libs/dswifi/lib/libdswifi9.a(sgIP_DHCP.c.o)
                0x020034c8                sgIP_DHCP_Update
 .text.gethostname
                0x02003914       0x4c /opt/wonderful/thirdparty/blocksds/core/libs/dswifi/lib/libdswifi9.a(sgIP_DHCP.c.o)
                0x02003914                gethostname
 .text.sgIP_memblock_Init
                0x02003960        0x4 /opt/wonderful/thirdparty/blocksds/core/libs/dswifi/lib/libdswifi9.a(sgIP_memblock.c.o)
                0x02003960                sgIP_memblock_Init
 .text.sgIP_memblock_allocHW
                0x02003964       0x24 /opt/wonderful/thirdparty/blocksds/core/libs/dswifi/lib/libdswifi9.a(sgIP_memblock.c.o)
                0x02003964                sgIP_memblock_allocHW
 .text.sgIP_memblock_alloc
                0x02003988       0x20 /opt/wonderful/thirdparty/blocksds/core/libs/dswifi/lib/libdswifi9.a(sgIP_memblock.c.o)
                0x02003988                sgIP_memblock_alloc
 .text.sgIP_memblock_free
                0x020039a8       0x2c /opt/wonderful/thirdparty/blocksds/core/libs/dswifi/lib/libdswifi9.a(sgIP_memblock.c.o)
                0x020039a8                sgIP_memblock_free
 .text.sgIP_memblock_exposeheader
                0x020039d4       0x28 /opt/wonderful/thirdparty/blocksds/core/libs/dswifi/lib/libdswifi9.a(sgIP_memblock.c.o)
                0x020039d4                sgIP_memblock_exposeheader
 .text.sgIP_memblock_trimsize
                0x020039fc       0x58 /opt/wonderful/thirdparty/blocksds/core/libs/dswifi/lib/libdswifi9.a(sgIP_memblock.c.o)
                0x020039fc                sgIP_memblock_trimsize
 .text.sgIP_memblock_IPChecksum
                0x02003a54      0x138 /opt/wonderful/thirdparty/blocksds/core/libs/dswifi/lib/libdswifi9.a(sgIP_memblock.c.o)
                0x02003a54                sgIP_memblock_IPChecksum
 .text.sgIP_memblock_CopyToLinear
                0x02003b8c       0x74 /opt/wonderful/thirdparty/blocksds/core/libs/dswifi/lib/libdswifi9.a(sgIP_memblock.c.o)
                0x02003b8c                sgIP_memblock_CopyToLinear
 .text.sgIP_memblock_CopyFromLinear
                0x02003c00       0x74 /opt/wonderful/thirdparty/blocksds/core/libs/dswifi/lib/libdswifi9.a(sgIP_memblock.c.o)
                0x02003c00                sgIP_memblock_CopyFromLinear
 .text.sgIP_DNS_Init
                0x02003c74       0x28 /opt/wonderful/thirdparty/blocksds/core/libs/dswifi/lib/libdswifi9.a(sgIP_DNS.c.o)
                0x02003c74                sgIP_DNS_Init
 .text.sgIP_DNS_Timer1000ms
                0x02003c9c       0x68 /opt/wonderful/thirdparty/blocksds/core/libs/dswifi/lib/libdswifi9.a(sgIP_DNS.c.o)
                0x02003c9c                sgIP_DNS_Timer1000ms
 .text.sgIP_DNS_AllocUnusedRecord
                0x02003d04       0xe4 /opt/wonderful/thirdparty/blocksds/core/libs/dswifi/lib/libdswifi9.a(sgIP_DNS.c.o)
                0x02003d04                sgIP_DNS_AllocUnusedRecord
 .text.sgIP_TCP_FixChecksum.part.0
                0x02003de8       0x68 /opt/wonderful/thirdparty/blocksds/core/libs/dswifi/lib/libdswifi9.a(sgIP_TCP.c.o)
 .text.sgIP_TCP_Init
                0x02003e50       0x34 /opt/wonderful/thirdparty/blocksds/core/libs/dswifi/lib/libdswifi9.a(sgIP_TCP.c.o)
                0x02003e50                sgIP_TCP_Init
 .text.sgIP_TCP_GetUnusedOutgoingPort
                0x02003e84       0x74 /opt/wonderful/thirdparty/blocksds/core/libs/dswifi/lib/libdswifi9.a(sgIP_TCP.c.o)
                0x02003e84                sgIP_TCP_GetUnusedOutgoingPort
 .text.sgIP_TCP_CalcChecksum
                0x02003ef8       0x60 /opt/wonderful/thirdparty/blocksds/core/libs/dswifi/lib/libdswifi9.a(sgIP_TCP.c.o)
                0x02003ef8                sgIP_TCP_CalcChecksum
 .text.sgIP_TCP_GenHeader
                0x02003f58       0xcc /opt/wonderful/thirdparty/blocksds/core/libs/dswifi/lib/libdswifi9.a(sgIP_TCP.c.o)
                0x02003f58                sgIP_TCP_GenHeader
 .text.sgIP_TCP_SendPacket
                0x02004024       0xe8 /opt/wonderful/thirdparty/blocksds/core/libs/dswifi/lib/libdswifi9.a(sgIP_TCP.c.o)
                0x02004024                sgIP_TCP_SendPacket
 .text.sgIP_TCP_SendSynReply
                0x0200410c       0xac /opt/wonderful/thirdparty/blocksds/core/libs/dswifi/lib/libdswifi9.a(sgIP_TCP.c.o)
                0x0200410c                sgIP_TCP_SendSynReply
 .text.sgIP_TCP_Timer
                0x020041b8      0x284 /opt/wonderful/thirdparty/blocksds/core/libs/dswifi/lib/libdswifi9.a(sgIP_TCP.c.o)
                0x020041b8                sgIP_TCP_Timer
 .text.sgIP_TCP_AllocRecord
                0x0200443c       0x4c /opt/wonderful/thirdparty/blocksds/core/libs/dswifi/lib/libdswifi9.a(sgIP_TCP.c.o)
                0x0200443c                sgIP_TCP_AllocRecord
 .text.sgIP_TCP_ReceivePacket
                0x02004488      0x644 /opt/wonderful/thirdparty/blocksds/core/libs/dswifi/lib/libdswifi9.a(sgIP_TCP.c.o)
                0x02004488                sgIP_TCP_ReceivePacket
 .text.sgIP_TCP_FreeRecord
                0x02004acc       0xe8 /opt/wonderful/thirdparty/blocksds/core/libs/dswifi/lib/libdswifi9.a(sgIP_TCP.c.o)
                0x02004acc                sgIP_TCP_FreeRecord
 .text.sgIP_TCP_Bind
                0x02004bb4       0x2c /opt/wonderful/thirdparty/blocksds/core/libs/dswifi/lib/libdswifi9.a(sgIP_TCP.c.o)
                0x02004bb4                sgIP_TCP_Bind
 .text.sgIP_TCP_Close
                0x02004be0       0x40 /opt/wonderful/thirdparty/blocksds/core/libs/dswifi/lib/libdswifi9.a(sgIP_TCP.c.o)
                0x02004be0                sgIP_TCP_Close
 .text.sgIP_TCP_Connect
                0x02004c20      0x10c /opt/wonderful/thirdparty/blocksds/core/libs/dswifi/lib/libdswifi9.a(sgIP_TCP.c.o)
                0x02004c20                sgIP_TCP_Connect
 .text.sgIP_TCP_Send
                0x02004d2c      0x128 /opt/wonderful/thirdparty/blocksds/core/libs/dswifi/lib/libdswifi9.a(sgIP_TCP.c.o)
                0x02004d2c                sgIP_TCP_Send
 .text.sgIP_TCP_Recv
                0x02004e54       0xf8 /opt/wonderful/thirdparty/blocksds/core/libs/dswifi/lib/libdswifi9.a(sgIP_TCP.c.o)
                0x02004e54                sgIP_TCP_Recv
 .text.sgIP_UDP_Init
                0x02004f4c       0x1c /opt/wonderful/thirdparty/blocksds/core/libs/dswifi/lib/libdswifi9.a(sgIP_UDP.c.o)
                0x02004f4c                sgIP_UDP_Init
 .text.sgIP_UDP_GetUnusedOutgoingPort
                0x02004f68       0x6c /opt/wonderful/thirdparty/blocksds/core/libs/dswifi/lib/libdswifi9.a(sgIP_UDP.c.o)
                0x02004f68                sgIP_UDP_GetUnusedOutgoingPort
 .text.sgIP_UDP_CalcChecksum
                0x02004fd4       0x70 /opt/wonderful/thirdparty/blocksds/core/libs/dswifi/lib/libdswifi9.a(sgIP_UDP.c.o)
                0x02004fd4                sgIP_UDP_CalcChecksum
 .text.sgIP_UDP_ReceivePacket
                0x02005044       0xac /opt/wonderful/thirdparty/blocksds/core/libs/dswifi/lib/libdswifi9.a(sgIP_UDP.c.o)
                0x02005044                sgIP_UDP_ReceivePacket
 .text.sgIP_UDP_SendPacket
                0x020050f0       0xec /opt/wonderful/thirdparty/blocksds/core/libs/dswifi/lib/libdswifi9.a(sgIP_UDP.c.o)
                0x020050f0                sgIP_UDP_SendPacket
 .text.sgIP_UDP_AllocRecord
                0x020051dc       0x38 /opt/wonderful/thirdparty/blocksds/core/libs/dswifi/lib/libdswifi9.a(sgIP_UDP.c.o)
                0x020051dc                sgIP_UDP_AllocRecord
 .text.sgIP_UDP_FreeRecord
                0x02005214       0x54 /opt/wonderful/thirdparty/blocksds/core/libs/dswifi/lib/libdswifi9.a(sgIP_UDP.c.o)
                0x02005214                sgIP_UDP_FreeRecord
 .text.sgIP_UDP_Bind
                0x02005268       0x48 /opt/wonderful/thirdparty/blocksds/core/libs/dswifi/lib/libdswifi9.a(sgIP_UDP.c.o)
                0x02005268                sgIP_UDP_Bind
 .text.sgIP_UDP_RecvFrom
                0x020052b0       0xe0 /opt/wonderful/thirdparty/blocksds/core/libs/dswifi/lib/libdswifi9.a(sgIP_UDP.c.o)
                0x020052b0                sgIP_UDP_RecvFrom
 .text.sgIP_UDP_SendTo
                0x02005390       0x14 /opt/wonderful/thirdparty/blocksds/core/libs/dswifi/lib/libdswifi9.a(sgIP_UDP.c.o)
                0x02005390                sgIP_UDP_SendTo
 .text.sgIP_Hub_Init
                0x020053a4       0x14 /opt/wonderful/thirdparty/blocksds/core/libs/dswifi/lib/libdswifi9.a(sgIP_Hub.c.o)
                0x020053a4                sgIP_Hub_Init
 .text.sgIP_Hub_AddProtocolInterface
                0x020053b8       0x44 /opt/wonderful/thirdparty/blocksds/core/libs/dswifi/lib/libdswifi9.a(sgIP_Hub.c.o)
                0x020053b8                sgIP_Hub_AddProtocolInterface
 .text.sgIP_Hub_AddHardwareInterface
                0x020053fc       0x40 /opt/wonderful/thirdparty/blocksds/core/libs/dswifi/lib/libdswifi9.a(sgIP_Hub.c.o)
                0x020053fc                sgIP_Hub_AddHardwareInterface
 .text.sgIP_Hub_ReceiveHardwarePacket
                0x0200543c       0x58 /opt/wonderful/thirdparty/blocksds/core/libs/dswifi/lib/libdswifi9.a(sgIP_Hub.c.o)
                0x0200543c                sgIP_Hub_ReceiveHardwarePacket
 .text.sgIP_Hub_SendProtocolPacket
                0x02005494       0x44 /opt/wonderful/thirdparty/blocksds/core/libs/dswifi/lib/libdswifi9.a(sgIP_Hub.c.o)
                0x02005494                sgIP_Hub_SendProtocolPacket
 .text.sgIP_Hub_SendRawPacket
                0x020054d8       0x24 /opt/wonderful/thirdparty/blocksds/core/libs/dswifi/lib/libdswifi9.a(sgIP_Hub.c.o)
                0x020054d8                sgIP_Hub_SendRawPacket
 .text.sgIP_Hub_IPMaxMessageSize
                0x020054fc        0x8 /opt/wonderful/thirdparty/blocksds/core/libs/dswifi/lib/libdswifi9.a(sgIP_Hub.c.o)
                0x020054fc                sgIP_Hub_IPMaxMessageSize
 .text.sgIP_Hub_GetCompatibleIP
                0x02005504       0x14 /opt/wonderful/thirdparty/blocksds/core/libs/dswifi/lib/libdswifi9.a(sgIP_Hub.c.o)
                0x02005504                sgIP_Hub_GetCompatibleIP
 .text.htons    0x02005518       0x10 /opt/wonderful/thirdparty/blocksds/core/libs/dswifi/lib/libdswifi9.a(sgIP_Hub.c.o)
                0x02005518                htons
 .text.htonl    0x02005528       0x18 /opt/wonderful/thirdparty/blocksds/core/libs/dswifi/lib/libdswifi9.a(sgIP_Hub.c.o)
                0x02005528                htonl
 .text.sgIP_GetArpSlot
                0x02005540       0x4c /opt/wonderful/thirdparty/blocksds/core/libs/dswifi/lib/libdswifi9.a(sgIP_ARP.c.o)
                0x02005540                sgIP_GetArpSlot
 .text.sgIP_ARP_Init
                0x0200558c       0x1c /opt/wonderful/thirdparty/blocksds/core/libs/dswifi/lib/libdswifi9.a(sgIP_ARP.c.o)
                0x0200558c                sgIP_ARP_Init
 .text.sgIP_ARP_FlushInterface
                0x020055a8       0x40 /opt/wonderful/thirdparty/blocksds/core/libs/dswifi/lib/libdswifi9.a(sgIP_ARP.c.o)
                0x020055a8                sgIP_ARP_FlushInterface
 .text.sgIP_ARP_SendARPResponse
                0x020055e8       0xe4 /opt/wonderful/thirdparty/blocksds/core/libs/dswifi/lib/libdswifi9.a(sgIP_ARP.c.o)
                0x020055e8                sgIP_ARP_SendARPResponse
 .text.sgIP_ARP_SendGratARP
                0x020056cc       0xe4 /opt/wonderful/thirdparty/blocksds/core/libs/dswifi/lib/libdswifi9.a(sgIP_ARP.c.o)
                0x020056cc                sgIP_ARP_SendGratARP
 .text.sgIP_ARP_SendARPRequest
                0x020057b0       0xec /opt/wonderful/thirdparty/blocksds/core/libs/dswifi/lib/libdswifi9.a(sgIP_ARP.c.o)
                0x020057b0                sgIP_ARP_SendARPRequest
 .text.sgIP_ARP_Timer100ms
                0x0200589c       0x70 /opt/wonderful/thirdparty/blocksds/core/libs/dswifi/lib/libdswifi9.a(sgIP_ARP.c.o)
                0x0200589c                sgIP_ARP_Timer100ms
 .text.sgIP_ARP_SendProtocolFrame
                0x0200590c      0x11c /opt/wonderful/thirdparty/blocksds/core/libs/dswifi/lib/libdswifi9.a(sgIP_ARP.c.o)
                0x0200590c                sgIP_ARP_SendProtocolFrame
 .text.sgIP_ARP_ProcessARPFrame
                0x02005a28      0x108 /opt/wonderful/thirdparty/blocksds/core/libs/dswifi/lib/libdswifi9.a(sgIP_ARP.c.o)
                0x02005a28                sgIP_ARP_ProcessARPFrame
 .text.sgIP_Init
                0x02005b30       0x3c /opt/wonderful/thirdparty/blocksds/core/libs/dswifi/lib/libdswifi9.a(sgIP.c.o)
                0x02005b30                sgIP_Init
 .text.sgIP_Timer
                0x02005b6c       0x78 /opt/wonderful/thirdparty/blocksds/core/libs/dswifi/lib/libdswifi9.a(sgIP.c.o)
                0x02005b6c                sgIP_Timer
 .text.sgIP_IP_ReceivePacket
                0x02005be4       0x94 /opt/wonderful/thirdparty/blocksds/core/libs/dswifi/lib/libdswifi9.a(sgIP_IP.c.o)
                0x02005be4                sgIP_IP_ReceivePacket
 .text.sgIP_IP_MaxContentsSize
                0x02005c78        0xc /opt/wonderful/thirdparty/blocksds/core/libs/dswifi/lib/libdswifi9.a(sgIP_IP.c.o)
                0x02005c78                sgIP_IP_MaxContentsSize
 .text.sgIP_IP_RequiredHeaderSize
                0x02005c84        0x4 /opt/wonderful/thirdparty/blocksds/core/libs/dswifi/lib/libdswifi9.a(sgIP_IP.c.o)
                0x02005c84                sgIP_IP_RequiredHeaderSize
 .text.sgIP_IP_SendViaIP
                0x02005c88       0x90 /opt/wonderful/thirdparty/blocksds/core/libs/dswifi/lib/libdswifi9.a(sgIP_IP.c.o)
                0x02005c88                sgIP_IP_SendViaIP
 .text.sgIP_IP_GetLocalBindAddr
                0x02005d18       0x10 /opt/wonderful/thirdparty/blocksds/core/libs/dswifi/lib/libdswifi9.a(sgIP_IP.c.o)
                0x02005d18                sgIP_IP_GetLocalBindAddr
 .text.sgIP_ICMP_ReceivePacket
                0x02005d28       0x5c /opt/wonderful/thirdparty/blocksds/core/libs/dswifi/lib/libdswifi9.a(sgIP_ICMP.c.o)
                0x02005d28                sgIP_ICMP_ReceivePacket
 .text.swiWaitForVBlank
                0x02005d84        0x8 /opt/wonderful/thirdparty/blocksds/core/libs/libnds/lib/libnds9.a(IntrWait.s.o)
                0x02005d84                swiWaitForVBlank
 .text.swiIntrWait
                0x02005d8c       0x70 /opt/wonderful/thirdparty/blocksds/core/libs/libnds/lib/libnds9.a(IntrWait.s.o)
                0x02005d8c                swiIntrWait
 .text.__libnds_mpu_setup
                0x02005dfc      0x1c4 /opt/wonderful/thirdparty/blocksds/core/libs/libnds/lib/libnds9.a(mpu_setup.s.o)
                0x02005dfc                __libnds_mpu_setup
 .text.memUncached
                0x02005fc0       0x20 /opt/wonderful/thirdparty/blocksds/core/libs/libnds/lib/libnds9.a(mpu_setup.s.o)
                0x02005fc0                memUncached
 .text.CP15_CleanAndFlushDCache
                0x02005fe0       0x34 /opt/wonderful/thirdparty/blocksds/core/libs/libnds/lib/libnds9.a(cp15.s.o)
                0x02005fe0                CP15_CleanAndFlushDCache
 .text.__aeabi_memmove
                0x02006014        0xc /opt/wonderful/thirdparty/blocksds/core/libs/libnds/lib/libnds9.a(memmove.s.o)
                0x02006014                __aeabi_memmove
 .text.memmove  0x02006020       0x10 /opt/wonderful/thirdparty/blocksds/core/libs/libnds/lib/libnds9.a(memmove.s.o)
                0x02006020                memmove
 .text.__aeabi_memcpy
                0x02006030       0xdc /opt/wonderful/thirdparty/blocksds/core/libs/libnds/lib/libnds9.a(memcpy.s.o)
                0x02006030                __aeabi_memcpy
                0x02006068                __aeabi_memcpy4
                0x02006068                __aeabi_memcpy8
                0x020060d4                __ndsabi_memcpy2
                0x020060f8                __ndsabi_memcpy1
 .text.memcpy   0x0200610c       0x10 /opt/wonderful/thirdparty/blocksds/core/libs/libnds/lib/libnds9.a(memcpy.s.o)
                0x0200610c                memcpy
 .text.__aeabi_memset
                0x0200611c       0x9c /opt/wonderful/thirdparty/blocksds/core/libs/libnds/lib/libnds9.a(memset.s.o)
                0x0200611c                __aeabi_memset
                0x02006140                __aeabi_memset8
                0x02006140                __aeabi_memset4
                0x0200614c                __ndsabi_wordset4
                0x02006150                __ndsabi_lwordset4
 .text.__ndsabi_memset1
                0x020061b8       0x10 /opt/wonderful/thirdparty/blocksds/core/libs/libnds/lib/libnds9.a(memset.s.o)
                0x020061b8                __ndsabi_memset1
 .text.memset   0x020061c8       0x1c /opt/wonderful/thirdparty/blocksds/core/libs/libnds/lib/libnds9.a(memset.s.o)
                0x020061c8                memset
 .text.__aeabi_read_tp
                0x020061e4        0xc /opt/wonderful/thirdparty/blocksds/core/libs/libnds/lib/libnds9.a(aeabi_read_tp.s.o)
                0x020061e4                __aeabi_read_tp
 .text.initSystem
                0x020061f0      0x1a0 /opt/wonderful/thirdparty/blocksds/core/libs/libnds/lib/libnds9.a(initSystem.c.o)
                0x020061f0                initSystem
 .text.newRow   0x02006390       0xdc /opt/wonderful/thirdparty/blocksds/core/libs/libnds/lib/libnds9.a(console.c.o)
 .text.consolePrintChar
                0x0200646c       0xe0 /opt/wonderful/thirdparty/blocksds/core/libs/libnds/lib/libnds9.a(console.c.o)
                0x0200646c                consolePrintChar
 .text.con_write
                0x0200654c      0x344 /opt/wonderful/thirdparty/blocksds/core/libs/libnds/lib/libnds9.a(console.c.o)
 .text.consoleLoadFont
                0x02006890      0x36c /opt/wonderful/thirdparty/blocksds/core/libs/libnds/lib/libnds9.a(console.c.o)
                0x02006890                consoleLoadFont
 .text.consoleInit
                0x02006bfc      0x194 /opt/wonderful/thirdparty/blocksds/core/libs/libnds/lib/libnds9.a(console.c.o)
                0x02006bfc                consoleInit
 .text.consoleDemoInit
                0x02006d90       0x48 /opt/wonderful/thirdparty/blocksds/core/libs/libnds/lib/libnds9.a(console.c.o)
                0x02006d90                consoleDemoInit
 .text.close    0x02006dd8       0x50 /opt/wonderful/thirdparty/blocksds/core/libs/libnds/lib/libnds9.a(filesystem.c.o)
                0x02006dd8                close
 .text.fatfs_error_to_posix
                0x02006e28       0x24 /opt/wonderful/thirdparty/blocksds/core/libs/libnds/lib/libnds9.a(fatfs.c.o)
                0x02006e28                fatfs_error_to_posix
 .text.fatfs_timestamp_to_fattime
                0x02006e4c       0x2c /opt/wonderful/thirdparty/blocksds/core/libs/libnds/lib/libnds9.a(fatfs.c.o)
                0x02006e4c                fatfs_timestamp_to_fattime
 .text.cache_sector_get
                0x02006e78       0x70 /opt/wonderful/thirdparty/blocksds/core/libs/libnds/lib/libnds9.a(cache.c.o)
                0x02006e78                cache_sector_get
 .text.cache_sector_add
                0x02006ee8      0x144 /opt/wonderful/thirdparty/blocksds/core/libs/libnds/lib/libnds9.a(cache.c.o)
                0x02006ee8                cache_sector_add
 .text.cache_sector_invalidate
                0x0200702c       0x44 /opt/wonderful/thirdparty/blocksds/core/libs/libnds/lib/libnds9.a(cache.c.o)
                0x0200702c                cache_sector_invalidate
 .text.nitrofs_close
                0x02007070       0x10 /opt/wonderful/thirdparty/blocksds/core/libs/libnds/lib/libnds9.a(nitrofs.c.o)
                0x02007070                nitrofs_close
 .text.build_argv
                0x02007080       0x58 /opt/wonderful/thirdparty/blocksds/core/libs/libnds/lib/libnds9.a(crt0_argv.c.o)
                0x02007080                build_argv
 .text.putc_buffered
                0x020070d8       0x98 /opt/wonderful/thirdparty/blocksds/core/libs/libnds/lib/libnds9.a(iob.c.o)
 .text.stdout_putc_buffered
                0x02007170       0x20 /opt/wonderful/thirdparty/blocksds/core/libs/libnds/lib/libnds9.a(iob.c.o)
 .text.stderr_putc_buffered
                0x02007190       0x20 /opt/wonderful/thirdparty/blocksds/core/libs/libnds/lib/libnds9.a(iob.c.o)
 .text.dldiGetStubEnd
                0x020071b0        0x8 /opt/wonderful/thirdparty/blocksds/core/libs/libnds/lib/libnds9.a(dldi.c.o)
                0x020071b0                dldiGetStubEnd
 .text.fifo_buffer_enqueue_block
                0x020071b8       0x44 /opt/wonderful/thirdparty/blocksds/core/libs/libnds/lib/libnds9.a(fifosystem.c.o)
 .text.fifo_buffer_wait_block
                0x020071fc       0x80 /opt/wonderful/thirdparty/blocksds/core/libs/libnds/lib/libnds9.a(fifosystem.c.o)
 .text.fifoInternalSend.part.0
                0x0200727c       0xcc /opt/wonderful/thirdparty/blocksds/core/libs/libnds/lib/libnds9.a(fifosystem.c.o)
 .text.fifoInternalSendInterrupt
                0x02007348       0xb0 /opt/wonderful/thirdparty/blocksds/core/libs/libnds/lib/libnds9.a(fifosystem.c.o)
 .text.fifoSetValue32Handler
                0x020073f8       0xd4 /opt/wonderful/thirdparty/blocksds/core/libs/libnds/lib/libnds9.a(fifosystem.c.o)
                0x020073f8                fifoSetValue32Handler
 .text.fifoSendAddress
                0x020074cc       0x38 /opt/wonderful/thirdparty/blocksds/core/libs/libnds/lib/libnds9.a(fifosystem.c.o)
                0x020074cc                fifoSendAddress
 .text.fifoSendValue32
                0x02007504       0x50 /opt/wonderful/thirdparty/blocksds/core/libs/libnds/lib/libnds9.a(fifosystem.c.o)
                0x02007504                fifoSendValue32
 .text.fifoGetValue32
                0x02007554       0x70 /opt/wonderful/thirdparty/blocksds/core/libs/libnds/lib/libnds9.a(fifosystem.c.o)
                0x02007554                fifoGetValue32
 .text.fifoGetDatamsg
                0x020075c4       0xe8 /opt/wonderful/thirdparty/blocksds/core/libs/libnds/lib/libnds9.a(fifosystem.c.o)
                0x020075c4                fifoGetDatamsg
 .text.fifoInternalRecvInterrupt
                0x020076ac      0x310 /opt/wonderful/thirdparty/blocksds/core/libs/libnds/lib/libnds9.a(fifosystem.c.o)
 .text.fifoSetDatamsgHandler
                0x020079bc       0x9c /opt/wonderful/thirdparty/blocksds/core/libs/libnds/lib/libnds9.a(fifosystem.c.o)
                0x020079bc                fifoSetDatamsgHandler
 .text.fifoCheckValue32
                0x02007a58       0x24 /opt/wonderful/thirdparty/blocksds/core/libs/libnds/lib/libnds9.a(fifosystem.c.o)
                0x02007a58                fifoCheckValue32
 .text.fifoInit
                0x02007a7c      0x114 /opt/wonderful/thirdparty/blocksds/core/libs/libnds/lib/libnds9.a(fifosystem.c.o)
                0x02007a7c                fifoInit
 .text.fifoMutexAcquire
                0x02007b90       0x30 /opt/wonderful/thirdparty/blocksds/core/libs/libnds/lib/libnds9.a(fifosystem.c.o)
                0x02007b90                fifoMutexAcquire
 .text.fifoMutexRelease
                0x02007bc0       0x14 /opt/wonderful/thirdparty/blocksds/core/libs/libnds/lib/libnds9.a(fifosystem.c.o)
                0x02007bc0                fifoMutexRelease
 .text.irqDummy
                0x02007bd4        0x4 /opt/wonderful/thirdparty/blocksds/core/libs/libnds/lib/libnds9.a(interrupts.c.o)
                0x02007bd4                irqDummy
 .text.irqSet   0x02007bd8       0x78 /opt/wonderful/thirdparty/blocksds/core/libs/libnds/lib/libnds9.a(interrupts.c.o)
                0x02007bd8                irqSet
 .text.irqInit  0x02007c50       0x50 /opt/wonderful/thirdparty/blocksds/core/libs/libnds/lib/libnds9.a(interrupts.c.o)
                0x02007c50                irqInit
 .text.irqEnable
                0x02007ca0       0x64 /opt/wonderful/thirdparty/blocksds/core/libs/libnds/lib/libnds9.a(interrupts.c.o)
                0x02007ca0                irqEnable
 .text.systemErrorExit
                0x02007d04        0x4 /opt/wonderful/thirdparty/blocksds/core/libs/libnds/lib/libnds9.a(exit.c.o)
                0x02007d04                systemErrorExit
 .text.__libnds_exit
                0x02007d08        0x8 /opt/wonderful/thirdparty/blocksds/core/libs/libnds/lib/libnds9.a(exit.c.o)
                0x02007d08                __libnds_exit
 .text._exit    0x02007d10       0x78 /opt/wonderful/thirdparty/blocksds/core/libs/libnds/lib/libnds9.a(exit.c.o)
                0x02007d10                _exit
 .text.sbrk     0x02007d88       0x5c /opt/wonderful/thirdparty/blocksds/core/libs/libnds/lib/libnds9.a(sbrk.c.o)
                0x02007d88                sbrk
 .text.cothread_delete_internal
                0x02007de4       0x3c /opt/wonderful/thirdparty/blocksds/core/libs/libnds/lib/libnds9.a(threads.c.o)
 .text.cothread_main
                0x02007e20       0x10 /opt/wonderful/thirdparty/blocksds/core/libs/libnds/lib/libnds9.a(threads.c.o)
                0x02007e20                cothread_main
 .text.cothread_yield
                0x02007e30       0x14 /opt/wonderful/thirdparty/blocksds/core/libs/libnds/lib/libnds9.a(threads.c.o)
                0x02007e30                cothread_yield
 .text.cothread_yield_irq
                0x02007e44       0x18 /opt/wonderful/thirdparty/blocksds/core/libs/libnds/lib/libnds9.a(threads.c.o)
                0x02007e44                cothread_yield_irq
 .text.cothread_start
                0x02007e5c       0xe8 /opt/wonderful/thirdparty/blocksds/core/libs/libnds/lib/libnds9.a(threads.c.o)
                0x02007e5c                cothread_start
 .text.sync_fs  0x02007f44       0xb4 /opt/wonderful/thirdparty/blocksds/core/libs/libnds/lib/libnds9.a(ff.c.o)
 .text.move_window
                0x02007ff8       0x6c /opt/wonderful/thirdparty/blocksds/core/libs/libnds/lib/libnds9.a(ff.c.o)
 .text.validate
                0x02008064       0x5c /opt/wonderful/thirdparty/blocksds/core/libs/libnds/lib/libnds9.a(ff.c.o)
 .text.f_sync   0x020080c0       0xe4 /opt/wonderful/thirdparty/blocksds/core/libs/libnds/lib/libnds9.a(ff.c.o)
                0x020080c0                f_sync
 .text.f_close  0x020081a4       0x30 /opt/wonderful/thirdparty/blocksds/core/libs/libnds/lib/libnds9.a(ff.c.o)
                0x020081a4                f_close
 .text.dmaSetParams
                0x020081d4       0x1c /opt/wonderful/thirdparty/blocksds/core/libs/libnds/lib/libnds9.a(dma.s.o)
                0x020081d4                dmaSetParams
 .text.__ndsabi_rmemcpy
                0x020081f0       0xcc /opt/wonderful/thirdparty/blocksds/core/libs/libnds/lib/libnds9.a(rmemcpy.s.o)
                0x020081f0                __ndsabi_rmemcpy
 .text.__ndsabi_rmemcpy1
                0x020082bc       0x14 /opt/wonderful/thirdparty/blocksds/core/libs/libnds/lib/libnds9.a(rmemcpy.s.o)
                0x020082bc                __ndsabi_rmemcpy1
 .text.__ndsabi_coro_resume
                0x020082d0       0x18 /opt/wonderful/thirdparty/blocksds/core/libs/libnds/lib/libnds9.a(coroutine.s.o)
                0x020082d0                __ndsabi_coro_resume
 .text.__ndsabi_coro_yield
                0x020082e8       0x1c /opt/wonderful/thirdparty/blocksds/core/libs/libnds/lib/libnds9.a(coroutine.s.o)
                0x020082e8                __ndsabi_coro_yield
 .text.__ndsabi_coro_pop_noctx
                0x02008304       0x34 /opt/wonderful/thirdparty/blocksds/core/libs/libnds/lib/libnds9.a(coroutine.s.o)
                0x02008304                __ndsabi_coro_pop_noctx
 .text.checkIfText
                0x02008338       0x5c /opt/wonderful/thirdparty/blocksds/core/libs/libnds/lib/libnds9.a(background.c.o)
                0x02008338                checkIfText
 .text.bgUpdate
                0x02008394       0xf4 /opt/wonderful/thirdparty/blocksds/core/libs/libnds/lib/libnds9.a(background.c.o)
                0x02008394                bgUpdate
 .text.bgInit_call
                0x02008488       0xac /opt/wonderful/thirdparty/blocksds/core/libs/libnds/lib/libnds9.a(background.c.o)
                0x02008488                bgInit_call
 .text.bgInitSub_call
                0x02008534       0xb4 /opt/wonderful/thirdparty/blocksds/core/libs/libnds/lib/libnds9.a(background.c.o)
                0x02008534                bgInitSub_call
 .text.setBrightness
                0x020085e8       0x40 /opt/wonderful/thirdparty/blocksds/core/libs/libnds/lib/libnds9.a(video.c.o)
                0x020085e8                setBrightness
 .text.vramDefault
                0x02008628       0xc8 /opt/wonderful/thirdparty/blocksds/core/libs/libnds/lib/libnds9.a(video.c.o)
                0x02008628                vramDefault
 .text.systemValueHandler
                0x020086f0       0x44 /opt/wonderful/thirdparty/blocksds/core/libs/libnds/lib/libnds9.a(system.c.o)
                0x020086f0                systemValueHandler
 .text.systemMsgHandler
                0x02008734       0x2c /opt/wonderful/thirdparty/blocksds/core/libs/libnds/lib/libnds9.a(system.c.o)
                0x02008734                systemMsgHandler
 .text.powerOn  0x02008760       0x2c /opt/wonderful/thirdparty/blocksds/core/libs/libnds/lib/libnds9.a(system.c.o)
                0x02008760                powerOn
 .text.setTransferInputData
                0x0200878c       0x20 /opt/wonderful/thirdparty/blocksds/core/libs/libnds/lib/libnds9.a(keys.c.o)
                0x0200878c                setTransferInputData
 .text.sinLutLookup
                0x020087ac       0x4c /opt/wonderful/thirdparty/blocksds/core/libs/libnds/lib/libnds9.a(trig.c.o)
                0x020087ac                sinLutLookup
 .text.sinLerp  0x020087f8       0x38 /opt/wonderful/thirdparty/blocksds/core/libs/libnds/lib/libnds9.a(trig.c.o)
                0x020087f8                sinLerp
 .text.cosLerp  0x02008830       0x48 /opt/wonderful/thirdparty/blocksds/core/libs/libnds/lib/libnds9.a(trig.c.o)
                0x02008830                cosLerp
 .text.ff_mutex_take
                0x02008878       0x1c /opt/wonderful/thirdparty/blocksds/core/libs/libnds/lib/libnds9.a(ffsystem.c.o)
                0x02008878                ff_mutex_take
 .text.ff_mutex_give
                0x02008894       0x10 /opt/wonderful/thirdparty/blocksds/core/libs/libnds/lib/libnds9.a(ffsystem.c.o)
                0x02008894                ff_mutex_give
 .text.disk_status
                0x020088a4       0x28 /opt/wonderful/thirdparty/blocksds/core/libs/libnds/lib/libnds9.a(diskio.c.o)
                0x020088a4                disk_status
 .text.disk_read
                0x020088cc       0xf8 /opt/wonderful/thirdparty/blocksds/core/libs/libnds/lib/libnds9.a(diskio.c.o)
                0x020088cc                disk_read
 .text.disk_write
                0x020089c4       0xc8 /opt/wonderful/thirdparty/blocksds/core/libs/libnds/lib/libnds9.a(diskio.c.o)
                0x020089c4                disk_write
 .text.disk_ioctl
                0x02008a8c       0x2c /opt/wonderful/thirdparty/blocksds/core/libs/libnds/lib/libnds9.a(diskio.c.o)
                0x02008a8c                disk_ioctl
 .text.get_fattime
                0x02008ab8       0x1c /opt/wonderful/thirdparty/blocksds/core/libs/libnds/lib/libnds9.a(diskio.c.o)
                0x02008ab8                get_fattime
 .text.retarget_lock_crash
                0x02008ad4        0x4 /opt/wonderful/thirdparty/blocksds/core/libs/libnds/lib/libnds9.a(locks.c.o)
 .text.__retarget_lock_acquire_recursive
                0x02008ad8       0x40 /opt/wonderful/thirdparty/blocksds/core/libs/libnds/lib/libnds9.a(locks.c.o)
                0x02008ad8                __retarget_lock_acquire_recursive
 .text.__retarget_lock_release_recursive
                0x02008b18       0x48 /opt/wonderful/thirdparty/blocksds/core/libs/libnds/lib/libnds9.a(locks.c.o)
                0x02008b18                __retarget_lock_release_recursive
 .text.__ndsabi_coro_make_noctx
                0x02008b60       0x24 /opt/wonderful/thirdparty/blocksds/core/libs/libnds/lib/libnds9.a(coroutine.c.o)
                0x02008b60                __ndsabi_coro_make_noctx
 .text.malloc_trim
                0x02008b84       0xa0 /opt/wonderful/toolchain/gcc-arm-none-eabi/lib/gcc/arm-none-eabi/13.2.0/../../../../arm-none-eabi/lib/thumb/arm7tdmi/libc.a(malloc-free.c.o)
                0x02008b84                malloc_trim
 .text.free     0x02008c24      0x168 /opt/wonderful/toolchain/gcc-arm-none-eabi/lib/gcc/arm-none-eabi/13.2.0/../../../../arm-none-eabi/lib/thumb/arm7tdmi/libc.a(malloc-free.c.o)
                0x02008c24                __malloc_free
                0x02008c24                free
 .text.malloc   0x02008d8c      0x434 /opt/wonderful/toolchain/gcc-arm-none-eabi/lib/gcc/arm-none-eabi/13.2.0/../../../../arm-none-eabi/lib/thumb/arm7tdmi/libc.a(malloc-malloc.c.o)
                0x02008d8c                malloc
 .text.__libc_init_array
                0x020091c0       0x60 /opt/wonderful/toolchain/gcc-arm-none-eabi/lib/gcc/arm-none-eabi/13.2.0/../../../../arm-none-eabi/lib/thumb/arm7tdmi/libc.a(libc_misc_init.c.o)
                0x020091c0                __libc_init_array
 .text.exit     0x02009220       0x20 /opt/wonderful/toolchain/gcc-arm-none-eabi/lib/gcc/arm-none-eabi/13.2.0/../../../../arm-none-eabi/lib/thumb/arm7tdmi/libc.a(libc_stdlib_pico-exit.c.o)
                0x02009220                exit
 .text.strchr   0x02009240       0x1e /opt/wonderful/toolchain/gcc-arm-none-eabi/lib/gcc/arm-none-eabi/13.2.0/../../../../arm-none-eabi/lib/thumb/arm7tdmi/libc.a(libc_string_strchr.c.o)
                0x02009240                strchr
 .text.strncmp  0x0200925e       0x26 /opt/wonderful/toolchain/gcc-arm-none-eabi/lib/gcc/arm-none-eabi/13.2.0/../../../../arm-none-eabi/lib/thumb/arm7tdmi/libc.a(libc_string_strncmp.c.o)
                0x0200925e                strncmp
 .text.strncpy  0x02009284       0x26 /opt/wonderful/toolchain/gcc-arm-none-eabi/lib/gcc/arm-none-eabi/13.2.0/../../../../arm-none-eabi/lib/thumb/arm7tdmi/libc.a(libc_string_strncpy.c.o)
                0x02009284                strncpy
 *fill*         0x020092aa        0x2 ff
 .text.localtime
                0x020092ac       0x1c /opt/wonderful/toolchain/gcc-arm-none-eabi/lib/gcc/arm-none-eabi/13.2.0/../../../../arm-none-eabi/lib/thumb/arm7tdmi/libc.a(libc_time_lcltime.c.o)
                0x020092ac                localtime
 .text.localtime_r
                0x020092c8      0x1fc /opt/wonderful/toolchain/gcc-arm-none-eabi/lib/gcc/arm-none-eabi/13.2.0/../../../../arm-none-eabi/lib/thumb/arm7tdmi/libc.a(libc_time_lcltime_r.c.o)
                0x020092c8                localtime_r
 .text.time     0x020094c4       0x2e /opt/wonderful/toolchain/gcc-arm-none-eabi/lib/gcc/arm-none-eabi/13.2.0/../../../../arm-none-eabi/lib/thumb/arm7tdmi/libc.a(libc_time_time.c.o)
                0x020094c4                time
 *fill*         0x020094f2        0x2 ff
 .text.__tzcalc_limits
                0x020094f4      0x180 /opt/wonderful/toolchain/gcc-arm-none-eabi/lib/gcc/arm-none-eabi/13.2.0/../../../../arm-none-eabi/lib/thumb/arm7tdmi/libc.a(libc_time_tzcalc_limits.c.o)
                0x020094f4                __tzcalc_limits
 .text._tzset_unlocked
                0x02009674      0x3f4 /opt/wonderful/toolchain/gcc-arm-none-eabi/lib/gcc/arm-none-eabi/13.2.0/../../../../arm-none-eabi/lib/thumb/arm7tdmi/libc.a(libc_time_tzset.c.o)
                0x02009674                _tzset_unlocked
 .text.fflush   0x02009a68       0x1a /opt/wonderful/toolchain/gcc-arm-none-eabi/lib/gcc/arm-none-eabi/13.2.0/../../../../arm-none-eabi/lib/thumb/arm7tdmi/libc.a(libc_tinystdio_fflush.c.o)
                0x02009a68                fflush
 *fill*         0x02009a82        0x2 ff
 .text.perror   0x02009a84       0x48 /opt/wonderful/toolchain/gcc-arm-none-eabi/lib/gcc/arm-none-eabi/13.2.0/../../../../arm-none-eabi/lib/thumb/arm7tdmi/libc.a(libc_tinystdio_perror.c.o)
                0x02009a84                perror
 .text.printf   0x02009acc       0x20 /opt/wonderful/toolchain/gcc-arm-none-eabi/lib/gcc/arm-none-eabi/13.2.0/../../../../arm-none-eabi/lib/thumb/arm7tdmi/libc.a(libc_tinystdio_printf.c.o)
                0x02009acc                printf
 .text.puts     0x02009aec       0x4c /opt/wonderful/toolchain/gcc-arm-none-eabi/lib/gcc/arm-none-eabi/13.2.0/../../../../arm-none-eabi/lib/thumb/arm7tdmi/libc.a(libc_tinystdio_puts.c.o)
                0x02009aec                puts
 .text.setvbuf  0x02009b38       0x20 /opt/wonderful/toolchain/gcc-arm-none-eabi/lib/gcc/arm-none-eabi/13.2.0/../../../../arm-none-eabi/lib/thumb/arm7tdmi/libc.a(libc_tinystdio_setvbuf.c.o)
                0x02009b38                setvbuf
 .text.sscanf   0x02009b58       0x3c /opt/wonderful/toolchain/gcc-arm-none-eabi/lib/gcc/arm-none-eabi/13.2.0/../../../../arm-none-eabi/lib/thumb/arm7tdmi/libc.a(libc_tinystdio_sscanf.c.o)
                0x02009b58                sscanf
 .text.strtoul  0x02009b94      0x130 /opt/wonderful/toolchain/gcc-arm-none-eabi/lib/gcc/arm-none-eabi/13.2.0/../../../../arm-none-eabi/lib/thumb/arm7tdmi/libc.a(libc_tinystdio_strtoul.c.o)
                0x02009b94                strtoul
 .text.__ultoa_invert
                0x02009cc4       0x56 /opt/wonderful/toolchain/gcc-arm-none-eabi/lib/gcc/arm-none-eabi/13.2.0/../../../../arm-none-eabi/lib/thumb/arm7tdmi/libc.a(libc_tinystdio_vfprintf.c.o)
 *fill*         0x02009d1a        0x2 ff
 .text.skip_to_arg
                0x02009d1c      0x140 /opt/wonderful/toolchain/gcc-arm-none-eabi/lib/gcc/arm-none-eabi/13.2.0/../../../../arm-none-eabi/lib/thumb/arm7tdmi/libc.a(libc_tinystdio_vfprintf.c.o)
 .text.vfprintf
                0x02009e5c      0xa30 /opt/wonderful/toolchain/gcc-arm-none-eabi/lib/gcc/arm-none-eabi/13.2.0/../../../../arm-none-eabi/lib/thumb/arm7tdmi/libc.a(libc_tinystdio_vfprintf.c.o)
                0x02009e5c                __d_vfprintf
                0x02009e5c                vfprintf
 .text.scanf_getc
                0x0200a88c       0x18 /opt/wonderful/toolchain/gcc-arm-none-eabi/lib/gcc/arm-none-eabi/13.2.0/../../../../arm-none-eabi/lib/thumb/arm7tdmi/libc.a(libc_tinystdio_vfscanf.c.o)
 .text.putval   0x0200a8a4       0x2e /opt/wonderful/toolchain/gcc-arm-none-eabi/lib/gcc/arm-none-eabi/13.2.0/../../../../arm-none-eabi/lib/thumb/arm7tdmi/libc.a(libc_tinystdio_vfscanf.c.o)
 .text.scanf_ungetc.isra.0
                0x0200a8d2       0x18 /opt/wonderful/toolchain/gcc-arm-none-eabi/lib/gcc/arm-none-eabi/13.2.0/../../../../arm-none-eabi/lib/thumb/arm7tdmi/libc.a(libc_tinystdio_vfscanf.c.o)
 .text.skip_spaces
                0x0200a8ea       0x2e /opt/wonderful/toolchain/gcc-arm-none-eabi/lib/gcc/arm-none-eabi/13.2.0/../../../../arm-none-eabi/lib/thumb/arm7tdmi/libc.a(libc_tinystdio_vfscanf.c.o)
 .text.vfscanf  0x0200a918      0x984 /opt/wonderful/toolchain/gcc-arm-none-eabi/lib/gcc/arm-none-eabi/13.2.0/../../../../arm-none-eabi/lib/thumb/arm7tdmi/libc.a(libc_tinystdio_vfscanf.c.o)
                0x0200a918                __d_vfscanf
                0x0200a918                vfscanf
 .text.mulShift64
                0x0200b29c       0x68 /opt/wonderful/toolchain/gcc-arm-none-eabi/lib/gcc/arm-none-eabi/13.2.0/../../../../arm-none-eabi/lib/thumb/arm7tdmi/libc.a(libc_tinystdio_atod_ryu.c.o)
 .text.__atod_engine
                0x0200b304      0x164 /opt/wonderful/toolchain/gcc-arm-none-eabi/lib/gcc/arm-none-eabi/13.2.0/../../../../arm-none-eabi/lib/thumb/arm7tdmi/libc.a(libc_tinystdio_atod_ryu.c.o)
                0x0200b304                __atod_engine
 .text.__atof_engine
                0x0200b468      0x122 /opt/wonderful/toolchain/gcc-arm-none-eabi/lib/gcc/arm-none-eabi/13.2.0/../../../../arm-none-eabi/lib/thumb/arm7tdmi/libc.a(libc_tinystdio_atof_ryu.c.o)
                0x0200b468                __atof_engine
 .text.mulShiftAll64
                0x0200b58a      0x1ea /opt/wonderful/toolchain/gcc-arm-none-eabi/lib/gcc/arm-none-eabi/13.2.0/../../../../arm-none-eabi/lib/thumb/arm7tdmi/libc.a(libc_tinystdio_dtoa_ryu.c.o)
 .text.div10    0x0200b774       0x28 /opt/wonderful/toolchain/gcc-arm-none-eabi/lib/gcc/arm-none-eabi/13.2.0/../../../../arm-none-eabi/lib/thumb/arm7tdmi/libc.a(libc_tinystdio_dtoa_ryu.c.o)
 .text.__dtoa_engine
                0x0200b79c      0x494 /opt/wonderful/toolchain/gcc-arm-none-eabi/lib/gcc/arm-none-eabi/13.2.0/../../../../arm-none-eabi/lib/thumb/arm7tdmi/libc.a(libc_tinystdio_dtoa_ryu.c.o)
                0x0200b79c                __dtoa_engine
 .text.mulShift32
                0x0200bc30       0x4e /opt/wonderful/toolchain/gcc-arm-none-eabi/lib/gcc/arm-none-eabi/13.2.0/../../../../arm-none-eabi/lib/thumb/arm7tdmi/libc.a(libc_tinystdio_ryu_divpow2.c.o)
 .text.__mulPow5InvDivPow2
                0x0200bc7e       0x2c /opt/wonderful/toolchain/gcc-arm-none-eabi/lib/gcc/arm-none-eabi/13.2.0/../../../../arm-none-eabi/lib/thumb/arm7tdmi/libc.a(libc_tinystdio_ryu_divpow2.c.o)
                0x0200bc7e                __mulPow5InvDivPow2
 .text.__mulPow5divPow2
                0x0200bcaa       0x24 /opt/wonderful/toolchain/gcc-arm-none-eabi/lib/gcc/arm-none-eabi/13.2.0/../../../../arm-none-eabi/lib/thumb/arm7tdmi/libc.a(libc_tinystdio_ryu_divpow2.c.o)
                0x0200bcaa                __mulPow5divPow2
 *fill*         0x0200bcce        0x2 ff
 .text.__log10Pow2
                0x0200bcd0        0xc /opt/wonderful/toolchain/gcc-arm-none-eabi/lib/gcc/arm-none-eabi/13.2.0/../../../../arm-none-eabi/lib/thumb/arm7tdmi/libc.a(libc_tinystdio_ryu_log10.c.o)
                0x0200bcd0                __log10Pow2
 .text.__log10Pow5
                0x0200bcdc        0xc /opt/wonderful/toolchain/gcc-arm-none-eabi/lib/gcc/arm-none-eabi/13.2.0/../../../../arm-none-eabi/lib/thumb/arm7tdmi/libc.a(libc_tinystdio_ryu_log10.c.o)
                0x0200bcdc                __log10Pow5
 .text.__log2pow5
                0x0200bce8        0xc /opt/wonderful/toolchain/gcc-arm-none-eabi/lib/gcc/arm-none-eabi/13.2.0/../../../../arm-none-eabi/lib/thumb/arm7tdmi/libc.a(libc_tinystdio_ryu_log2pow5.c.o)
                0x0200bce8                __log2pow5
 .text.__ceil_log2pow5
                0x0200bcf4       0x10 /opt/wonderful/toolchain/gcc-arm-none-eabi/lib/gcc/arm-none-eabi/13.2.0/../../../../arm-none-eabi/lib/thumb/arm7tdmi/libc.a(libc_tinystdio_ryu_log2pow5.c.o)
                0x0200bcf4                __ceil_log2pow5
 .text.__pow5bits
                0x0200bd04       0x10 /opt/wonderful/toolchain/gcc-arm-none-eabi/lib/gcc/arm-none-eabi/13.2.0/../../../../arm-none-eabi/lib/thumb/arm7tdmi/libc.a(libc_tinystdio_ryu_pow5bits.c.o)
                0x0200bd04                __pow5bits
 .text.__pow5Factor
                0x0200bd14       0x30 /opt/wonderful/toolchain/gcc-arm-none-eabi/lib/gcc/arm-none-eabi/13.2.0/../../../../arm-none-eabi/lib/thumb/arm7tdmi/libc.a(libc_tinystdio_ryu_table.c.o)
                0x0200bd14                __pow5Factor
 .text.__double_computePow5
                0x0200bd44      0x100 /opt/wonderful/toolchain/gcc-arm-none-eabi/lib/gcc/arm-none-eabi/13.2.0/../../../../arm-none-eabi/lib/thumb/arm7tdmi/libc.a(libc_tinystdio_ryu_table.c.o)
                0x0200bd44                __double_computePow5
 .text.__double_computeInvPow5
                0x0200be44      0x104 /opt/wonderful/toolchain/gcc-arm-none-eabi/lib/gcc/arm-none-eabi/13.2.0/../../../../arm-none-eabi/lib/thumb/arm7tdmi/libc.a(libc_tinystdio_ryu_table.c.o)
                0x0200be44                __double_computeInvPow5
 .text.__umul128
                0x0200bf48       0x74 /opt/wonderful/toolchain/gcc-arm-none-eabi/lib/gcc/arm-none-eabi/13.2.0/../../../../arm-none-eabi/lib/thumb/arm7tdmi/libc.a(libc_tinystdio_ryu_umul128.c.o)
                0x0200bf48                __umul128
 .text.__shiftright128
                0x0200bfbc       0x2c /opt/wonderful/toolchain/gcc-arm-none-eabi/lib/gcc/arm-none-eabi/13.2.0/../../../../arm-none-eabi/lib/thumb/arm7tdmi/libc.a(libc_tinystdio_ryu_umul128.c.o)
                0x0200bfbc                __shiftright128
 .text.__picolibc_non_atomic_exchange_ungetc
                0x0200bfe8        0x8 /opt/wonderful/toolchain/gcc-arm-none-eabi/lib/gcc/arm-none-eabi/13.2.0/../../../../arm-none-eabi/lib/thumb/arm7tdmi/libc.a(libc_tinystdio_exchange.c.o)
                0x0200bfe8                __atomic_exchange_ungetc
                0x0200bfe8                __picolibc_non_atomic_exchange_ungetc
 .text.__libc_fini_array
                0x0200bff0       0x3c /opt/wonderful/toolchain/gcc-arm-none-eabi/lib/gcc/arm-none-eabi/13.2.0/../../../../arm-none-eabi/lib/thumb/arm7tdmi/libc.a(libc_misc_fini.c.o)
                0x0200bff0                __libc_fini_array
 .text.getenv   0x0200c02c        0xe /opt/wonderful/toolchain/gcc-arm-none-eabi/lib/gcc/arm-none-eabi/13.2.0/../../../../arm-none-eabi/lib/thumb/arm7tdmi/libc.a(libc_stdlib_getenv.c.o)
                0x0200c02c                getenv
 *fill*         0x0200c03a        0x2 ff
 .text._findenv
                0x0200c03c       0x80 /opt/wonderful/toolchain/gcc-arm-none-eabi/lib/gcc/arm-none-eabi/13.2.0/../../../../arm-none-eabi/lib/thumb/arm7tdmi/libc.a(libc_stdlib_getenv_r.c.o)
                0x0200c03c                _findenv
 .text._strerror_r
                0x0200c0bc      0x3cc /opt/wonderful/toolchain/gcc-arm-none-eabi/lib/gcc/arm-none-eabi/13.2.0/../../../../arm-none-eabi/lib/thumb/arm7tdmi/libc.a(libc_string_strerror.c.o)
                0x0200c0bc                _strerror_r
 .text.strerror
                0x0200c488       0x10 /opt/wonderful/toolchain/gcc-arm-none-eabi/lib/gcc/arm-none-eabi/13.2.0/../../../../arm-none-eabi/lib/thumb/arm7tdmi/libc.a(libc_string_strerror.c.o)
                0x0200c488                strerror
 .text.strnlen  0x0200c498       0x16 /opt/wonderful/toolchain/gcc-arm-none-eabi/lib/gcc/arm-none-eabi/13.2.0/../../../../arm-none-eabi/lib/thumb/arm7tdmi/libc.a(libc_string_strnlen.c.o)
                0x0200c498                strnlen
 .text._user_strerror
                0x0200c4ae        0x4 /opt/wonderful/toolchain/gcc-arm-none-eabi/lib/gcc/arm-none-eabi/13.2.0/../../../../arm-none-eabi/lib/thumb/arm7tdmi/libc.a(libc_string_u_strerr.c.o)
                0x0200c4ae                _user_strerror
 *fill*         0x0200c4b2        0x2 ff
 .text.__gettzinfo
                0x0200c4b4        0x8 /opt/wonderful/toolchain/gcc-arm-none-eabi/lib/gcc/arm-none-eabi/13.2.0/../../../../arm-none-eabi/lib/thumb/arm7tdmi/libc.a(libc_time_gettzinfo.c.o)
                0x0200c4b4                __gettzinfo
 .text.gmtime_r
                0x0200c4bc      0x1ac /opt/wonderful/toolchain/gcc-arm-none-eabi/lib/gcc/arm-none-eabi/13.2.0/../../../../arm-none-eabi/lib/thumb/arm7tdmi/libc.a(libc_time_gmtime_r.c.o)
                0x0200c4bc                gmtime_r
 .text.__dtox_engine
                0x0200c668      0x140 /opt/wonderful/toolchain/gcc-arm-none-eabi/lib/gcc/arm-none-eabi/13.2.0/../../../../arm-none-eabi/lib/thumb/arm7tdmi/libc.a(libc_tinystdio_dtox_engine.c.o)
                0x0200c668                __dtox_engine
 .text.fgetc    0x0200c7a8       0x48 /opt/wonderful/toolchain/gcc-arm-none-eabi/lib/gcc/arm-none-eabi/13.2.0/../../../../arm-none-eabi/lib/thumb/arm7tdmi/libc.a(libc_tinystdio_fgetc.c.o)
                0x0200c7a8                getc
                0x0200c7a8                fgetc
 .text.__file_str_get
                0x0200c7f0       0x16 /opt/wonderful/toolchain/gcc-arm-none-eabi/lib/gcc/arm-none-eabi/13.2.0/../../../../arm-none-eabi/lib/thumb/arm7tdmi/libc.a(libc_tinystdio_filestrget.c.o)
                0x0200c7f0                __file_str_get
 .text.fprintf  0x0200c806       0x16 /opt/wonderful/toolchain/gcc-arm-none-eabi/lib/gcc/arm-none-eabi/13.2.0/../../../../arm-none-eabi/lib/thumb/arm7tdmi/libc.a(libc_tinystdio_fprintf.c.o)
                0x0200c806                fprintf
 .text.ungetc   0x0200c81c       0x3a /opt/wonderful/toolchain/gcc-arm-none-eabi/lib/gcc/arm-none-eabi/13.2.0/../../../../arm-none-eabi/lib/thumb/arm7tdmi/libc.a(libc_tinystdio_ungetc.c.o)
                0x0200c81c                ungetc
 .text.__picolibc_non_atomic_compare_exchange_ungetc
                0x0200c856       0x16 /opt/wonderful/toolchain/gcc-arm-none-eabi/lib/gcc/arm-none-eabi/13.2.0/../../../../arm-none-eabi/lib/thumb/arm7tdmi/libc.a(libc_tinystdio_compare_exchange.c.o)
                0x0200c856                __picolibc_non_atomic_compare_exchange_ungetc
                0x0200c856                __atomic_compare_exchange_ungetc
 .text.gettimeofday
                0x0200c86c       0x1c /opt/wonderful/thirdparty/blocksds/core/libs/libnds/lib/libnds9.a(syscalls.c.o)
                0x0200c86c                gettimeofday
 .text.gettimeofday.__stub
                0x0200c888      0x100 linker stubs
 *(EXCLUDE_FILE(*.twl*) .gnu.warning)
 *(EXCLUDE_FILE(*.twl*) .gnu.linkonce.t*)
 *(.glue_7)
 .glue_7        0x0200c9a0        0x0 linker stubs
 *(.glue_7t)
 .glue_7t       0x0200c9a0        0x0 linker stubs
                0x0200c9a0                        . = ALIGN (0x4)

.vfp11_veneer   0x0200c9a0        0x0
 .vfp11_veneer  0x0200c9a0        0x0 linker stubs

.v4_bx          0x0200c9a0        0x0
 .v4_bx         0x0200c9a0        0x0 linker stubs

.iplt           0x0200c9a0        0x0
 .iplt          0x0200c9a0        0x0 build/source/main.c.o

.fini
 *(.fini)
                0x0200c9a0                        __text_end = .

.rodata         0x0200c9a0     0x1164
 *(EXCLUDE_FILE(*.twl*) .rodata)
 .rodata        0x0200c9a0       0x14 /opt/wonderful/thirdparty/blocksds/core/libs/libnds/lib/libnds9.a(fatfs.c.o)
 .rodata        0x0200c9b4       0x18 /opt/wonderful/toolchain/gcc-arm-none-eabi/lib/gcc/arm-none-eabi/13.2.0/../../../../arm-none-eabi/lib/thumb/arm7tdmi/libc.a(libc_time_month_lengths.c.o)
                0x0200c9b4                __month_lengths
 .rodata        0x0200c9cc        0xb /opt/wonderful/toolchain/gcc-arm-none-eabi/lib/gcc/arm-none-eabi/13.2.0/../../../../arm-none-eabi/lib/thumb/arm7tdmi/libc.a(libc_tinystdio_vfscanf.c.o)
 *fill*         0x0200c9d7        0x1 ff
 .rodata        0x0200c9d8      0x338 /opt/wonderful/toolchain/gcc-arm-none-eabi/lib/gcc/arm-none-eabi/13.2.0/../../../../arm-none-eabi/lib/thumb/arm7tdmi/libc.a(libc_tinystdio_ryu_table.c.o)
 *all.rodata*(*)
 *(EXCLUDE_FILE(*.twl*) .roda)
 *(EXCLUDE_FILE(*.twl*) .rodata.*)
 .rodata.main.str1.4
                0x0200cd10      0x194 build/source/main.c.o
                                 0x64 (size before relaxing)
 .rodata.receiveUntilGreater.str1.4
                0x0200cea4       0x32 build/source/obd.c.o
 .rodata.getRPM.str1.4
                0x0200cea4       0x18 build/source/obd.c.o
 .rodata.initOBD.str1.4
                0x0200cea4       0x9e build/source/obd.c.o
 .rodata.Wifi_AssocStatus
                0x0200cea4       0x14 /opt/wonderful/thirdparty/blocksds/core/libs/dswifi/lib/libdswifi9.a(wifi_arm9.c.o)
 .rodata.sgIP_DHCP_Init.str1.4
                0x0200ceb8        0xb /opt/wonderful/thirdparty/blocksds/core/libs/dswifi/lib/libdswifi9.a(sgIP_DHCP.c.o)
 .rodata.sgIP_DHCP_BeginDgram.str1.4
                0x0200ceb8        0x9 /opt/wonderful/thirdparty/blocksds/core/libs/dswifi/lib/libdswifi9.a(sgIP_DHCP.c.o)
 .rodata.sgIP_TCP_Timer
                0x0200ceb8       0x24 /opt/wonderful/thirdparty/blocksds/core/libs/dswifi/lib/libdswifi9.a(sgIP_TCP.c.o)
 .rodata.sgIP_TCP_ReceivePacket
                0x0200cedc       0x48 /opt/wonderful/thirdparty/blocksds/core/libs/dswifi/lib/libdswifi9.a(sgIP_TCP.c.o)
 .rodata.con_write.str1.4
                0x0200cf24       0x30 /opt/wonderful/thirdparty/blocksds/core/libs/libnds/lib/libnds9.a(console.c.o)
 .rodata.con_write
                0x0200cf24       0xd4 /opt/wonderful/thirdparty/blocksds/core/libs/libnds/lib/libnds9.a(console.c.o)
 .rodata.stderr
                0x0200cff8        0x4 /opt/wonderful/thirdparty/blocksds/core/libs/libnds/lib/libnds9.a(iob.c.o)
                0x0200cff8                stderr
 .rodata.stdout
                0x0200cffc        0x4 /opt/wonderful/thirdparty/blocksds/core/libs/libnds/lib/libnds9.a(iob.c.o)
                0x0200cffc                stdout
 .rodata.default_fontTiles
                0x0200d000      0x300 /opt/wonderful/thirdparty/blocksds/core/libs/libnds/lib/libnds9.a(default_font.png.o)
                0x0200d000                default_fontTiles
 .rodata.SIN_LUT
                0x0200d300      0x102 /opt/wonderful/thirdparty/blocksds/core/libs/libnds/lib/libnds9.a(trig.c.o)
                0x0200d300                SIN_LUT
 .rodata.str1.1
                0x0200d402      0x702 /opt/wonderful/toolchain/gcc-arm-none-eabi/lib/gcc/arm-none-eabi/13.2.0/../../../../arm-none-eabi/lib/thumb/arm7tdmi/libc.a(libc_time_tzset.c.o)
                                 0x61 (size before relaxing)
 .rodata.str1.1
                0x0200db04        0x4 /opt/wonderful/toolchain/gcc-arm-none-eabi/lib/gcc/arm-none-eabi/13.2.0/../../../../arm-none-eabi/lib/thumb/arm7tdmi/libc.a(libc_time_tzvars.c.o)
 .rodata.str1.1
                0x0200db04        0x9 /opt/wonderful/toolchain/gcc-arm-none-eabi/lib/gcc/arm-none-eabi/13.2.0/../../../../arm-none-eabi/lib/thumb/arm7tdmi/libc.a(libc_tinystdio_perror.c.o)
 .rodata.str1.1
                0x0200db04        0xf /opt/wonderful/toolchain/gcc-arm-none-eabi/lib/gcc/arm-none-eabi/13.2.0/../../../../arm-none-eabi/lib/thumb/arm7tdmi/libc.a(libc_tinystdio_vfprintf.c.o)
 .rodata.str1.1
                0x0200db04       0x13 /opt/wonderful/toolchain/gcc-arm-none-eabi/lib/gcc/arm-none-eabi/13.2.0/../../../../arm-none-eabi/lib/thumb/arm7tdmi/libc.a(libc_tinystdio_vfscanf.c.o)
 .rodata.str1.1
                0x0200db04      0x68a /opt/wonderful/toolchain/gcc-arm-none-eabi/lib/gcc/arm-none-eabi/13.2.0/../../../../arm-none-eabi/lib/thumb/arm7tdmi/libc.a(libc_string_strerror.c.o)
 *(EXCLUDE_FILE(*.twl*) .gnu.linkonce.r*)
                0x0200e190                        . = ALIGN (0x4)

.ARM.extab
 *(.ARM.extab* .gnu.linkonce.armextab.*)
                0x0200db04                        __exidx_start = .

ARM.exidx       0x0200db04        0x8
 *(.ARM.exidx* .gnu.linkonce.armexidx.*)
 .ARM.exidx     0x0200db04        0x8 /opt/wonderful/toolchain/gcc-arm-none-eabi/lib/gcc/arm-none-eabi/13.2.0/thumb/arm7tdmi/libgcc.a(_udivmoddi4.o)
                0x0200db0c                        __exidx_end = .
                0x0200db0c                        . = ALIGN (0x4)
                0x0200db0c                        PROVIDE (__preinit_array_start = .)

.preinit_array
 *(.preinit_array)
                0x0200db0c                        PROVIDE (__preinit_array_end = .)
                0x0200db0c                        PROVIDE (__init_array_start = .)

.init_array
 *(SORT_BY_NAME(.init_array.*))
 *(.init_array)
                0x0200db0c                        PROVIDE (__init_array_end = .)
                0x0200db0c                        PROVIDE (__fini_array_start = .)

.fini_array
 *(.fini_array)
 *(SORT_BY_NAME(.fini_array.*))
                0x0200db0c                        PROVIDE (__fini_array_end = .)

.ctors          0x0200db0c        0x0
 *crtbegin.o(.ctors)
 *(EXCLUDE_FILE(*crtend.o) .ctors)
 *(SORT_BY_NAME(.ctors.*))
 *(.ctors)
                0x0200db0c                        . = ALIGN (0x4)

.dtors          0x0200db0c        0x0
 *crtbegin.o(.dtors)
 *(EXCLUDE_FILE(*crtend.o) .dtors)
 *(SORT_BY_NAME(.dtors.*))
 *(.dtors)
                0x0200db0c                        . = ALIGN (0x4)

.eh_frame       0x0200db0c        0x0
 *(.eh_frame)
                0x0200db0c                        . = ALIGN (0x4)

.gcc_except_table
                0x0200db0c        0x0
 *(.gcc_except_table)
                0x0200db0c                        . = ALIGN (0x4)

.jcr
 *(.jcr)

.got            0x0200db0c       0x10
 *(.got.plt)
 .got.plt       0x0200db0c        0xc build/source/main.c.o
                0x0200db0c                _GLOBAL_OFFSET_TABLE_
 *(.got)
 .got           0x0200db18        0x4 build/source/main.c.o
 *(.rel.got)
 .rel.got       0x0200db1c        0x0 build/source/main.c.o

.ewram          0x0200db1c        0x0
                0x0200db1c                        __ewram_start = ABSOLUTE (.)
 *(.ewram)
 *ewram.*(.text)
                0x0200db1c                        . = ALIGN (0x4)

.data           0x0200db1c      0x53c
                0x0200db1c                        __data_start = ABSOLUTE (.)
 *(EXCLUDE_FILE(*.twl*) .data)
 .data          0x0200db1c       0x28 /opt/wonderful/thirdparty/blocksds/core/libs/libnds/lib/libnds9.a(mpu_setup.s.o)
 .data          0x0200db44      0x410 /opt/wonderful/toolchain/gcc-arm-none-eabi/lib/gcc/arm-none-eabi/13.2.0/../../../../arm-none-eabi/lib/thumb/arm7tdmi/libc.a(malloc-malloc.c.o)
                0x0200db44                __malloc_sbrk_base
                0x0200db48                __malloc_trim_threshold
                0x0200db4c                __malloc_av_
 .data          0x0200df54        0x8 /opt/wonderful/toolchain/gcc-arm-none-eabi/lib/gcc/arm-none-eabi/13.2.0/../../../../arm-none-eabi/lib/thumb/arm7tdmi/libc.a(libc_time_tzvars.c.o)
                0x0200df54                _tzname
 .data          0x0200df5c        0x4 /opt/wonderful/toolchain/gcc-arm-none-eabi/lib/gcc/arm-none-eabi/13.2.0/../../../../arm-none-eabi/lib/thumb/arm7tdmi/libc.a(libc_stdlib_environ.c.o)
                0x0200df5c                environ
 *(EXCLUDE_FILE(*.twl*) .data.*)
 .data.firstConsoleInit.0
                0x0200df60        0x1 /opt/wonderful/thirdparty/blocksds/core/libs/libnds/lib/libnds9.a(console.c.o)
 *fill*         0x0200df61        0x3 ff
 .data.currentConsole
                0x0200df64        0x4 /opt/wonderful/thirdparty/blocksds/core/libs/libnds/lib/libnds9.a(console.c.o)
                0x0200df64                currentConsole
 .data.defaultConsole
                0x0200df68       0x5c /opt/wonderful/thirdparty/blocksds/core/libs/libnds/lib/libnds9.a(console.c.o)
                0x0200df68                defaultConsole
 .data.__stderr
                0x0200dfc4       0x10 /opt/wonderful/thirdparty/blocksds/core/libs/libnds/lib/libnds9.a(iob.c.o)
 .data.__stdout
                0x0200dfd4       0x10 /opt/wonderful/thirdparty/blocksds/core/libs/libnds/lib/libnds9.a(iob.c.o)
 .data.fifo_freewords
                0x0200dfe4        0x4 /opt/wonderful/thirdparty/blocksds/core/libs/libnds/lib/libnds9.a(fifosystem.c.o)
 .data.fifo_receive_queue
                0x0200dfe8        0x4 /opt/wonderful/thirdparty/blocksds/core/libs/libnds/lib/libnds9.a(fifosystem.c.o)
 .data.fifo_send_queue
                0x0200dfec        0x4 /opt/wonderful/thirdparty/blocksds/core/libs/libnds/lib/libnds9.a(fifosystem.c.o)
 .data.fifo_buffer_free
                0x0200dff0        0x4 /opt/wonderful/thirdparty/blocksds/core/libs/libnds/lib/libnds9.a(fifosystem.c.o)
 .data.bgTransform
                0x0200dff4       0x20 /opt/wonderful/thirdparty/blocksds/core/libs/libnds/lib/libnds9.a(background.c.o)
                0x0200dff4                bgTransform
 .data.bgScrollTable
                0x0200e014       0x20 /opt/wonderful/thirdparty/blocksds/core/libs/libnds/lib/libnds9.a(background.c.o)
                0x0200e014                bgScrollTable
 .data.bgControl
                0x0200e034       0x20 /opt/wonderful/thirdparty/blocksds/core/libs/libnds/lib/libnds9.a(background.c.o)
                0x0200e034                bgControl
 .data.receivedArm7Buttons
                0x0200e054        0x2 /opt/wonderful/thirdparty/blocksds/core/libs/libnds/lib/libnds9.a(keys.c.o)
 *(EXCLUDE_FILE(*.twl*) .gnu.linkonce.d*)
                0x0200e058                        . = ALIGN (0x4)
 *fill*         0x0200e056        0x2 ff

.igot.plt       0x0200e058        0x0
 .igot.plt      0x0200e058        0x0 build/source/main.c.o

.tdata          0x0200e058        0x0
                0x0200e058                        __tdata_start = ABSOLUTE (.)
 *(.tdata .tdata.* .gnu.linkonce.td.*)
                0x0200e058                        . = ALIGN (0x4)
                0x0200e058                        __tdata_end = ABSOLUTE (.)
                0x0200e058                        __data_end = .
                0x00000000                        __tdata_size = (__tdata_end - __tdata_start)

.tbss           0x0200e058       0x28
                0x0200e058                        __tbss_start = ABSOLUTE (.)
 *(.tbss .tbss.* .gnu.linkonce.tb.*)
 .tbss          0x0200e058        0x4 /opt/wonderful/toolchain/gcc-arm-none-eabi/lib/gcc/arm-none-eabi/13.2.0/../../../../arm-none-eabi/lib/thumb/arm7tdmi/libc.a(libc_errno_errno.c.o)
                0x0200e058                errno
 .tbss          0x0200e05c       0x24 /opt/wonderful/toolchain/gcc-arm-none-eabi/lib/gcc/arm-none-eabi/13.2.0/../../../../arm-none-eabi/lib/thumb/arm7tdmi/libc.a(libc_time_lcltime_buf.c.o)
                0x0200e05c                _localtime_buf
 *(.tcommon)
                0x0200e080                        . = ALIGN (0x4)
                0x0200e080                        __tbss_end = ABSOLUTE (.)
                0x00000028                        __tbss_size = (__tbss_end - __tbss_start)
                0x0200e058                        __bss_vma = .

.dtcm           0x02ff0000        0x0 load address 0x0200e058
                0x0200e058                        __dtcm_lma = LOADADDR (.dtcm)
                0x02ff0000                        __dtcm_start = ABSOLUTE (.)
 *(.dtcm)
 *(.dtcm.*)
                0x02ff0000                        . = ALIGN (0x4)
                0x02ff0000                        __dtcm_end = ABSOLUTE (.)

.itcm           0x01000100      0x26c load address 0x0200e058
                0x0200e058                        __itcm_lma = LOADADDR (.itcm)
                0x01000100                        __itcm_start = ABSOLUTE (.)
 *(.itcm)
 *(.itcm.*)
 .itcm.data     0x01000100      0x100 /opt/wonderful/thirdparty/blocksds/core/libs/libnds/lib/libnds9.a(interrupts.c.o)
                0x01000100                irqTable
 .itcm.text     0x01000200       0x3c /opt/wonderful/thirdparty/blocksds/core/libs/libnds/lib/libnds9.a(threads.c.o)
                0x01000200                cothread_scheduler_refresh_irq_flags
 .itcm.setCpuClock
                0x0100023c       0x50 /opt/wonderful/thirdparty/blocksds/core/libs/libnds/lib/libnds9.a(cpu_clock.s.o)
                0x0100023c                setCpuClock
 .itcm.IntrMain
                0x0100028c       0xe0 /opt/wonderful/thirdparty/blocksds/core/libs/libnds/lib/libnds9.a(interruptDispatcher.s.o)
                0x0100028c                IntrMain
 *.itcm*(.text .stub .text.*)
                0x0100036c                        . = ALIGN (0x4)
                0x0100036c                        __itcm_end = ABSOLUTE (.)

.vectors        0x01000000        0x0 load address 0x0200e2c4
                0x0200e2c4                        __vectors_lma = LOADADDR (.vectors)
                0x01000000                        __vectors_start = ABSOLUTE (.)
 *(.vectors .vectors.*)
                0x01000000                        . = ALIGN (0x4)
                0x01000000                        __vectors_end = ABSOLUTE (.)

.sbss           0x02ff0000        0x4
                0x02ff0000                        __sbss_start = ABSOLUTE (.)
                0x02ff0000                        __sbss_start__ = ABSOLUTE (.)
 *(.sbss)
 .sbss          0x02ff0000        0x4 /opt/wonderful/thirdparty/blocksds/core/libs/libnds/lib/libnds9.a(threads.c.o)
                0x02ff0000                cothread_irq_flags
                0x02ff0004                        . = ALIGN (0x4)
                0x02ff0004                        __sbss_end = ABSOLUTE (.)

.bss            0x0200e058     0x1c4c
                0x0200e058                        __bss_start = ABSOLUTE (.)
                0x0200e058                        __bss_start__ = ABSOLUTE (.)
 *(EXCLUDE_FILE(*.twl*) .dynbss)
 *(EXCLUDE_FILE(*.twl*) .gnu.linkonce.b*)
 *(EXCLUDE_FILE(*.twl*) .bss*)
 .bss.wifi_connect_point
                0x0200e058       0x58 /opt/wonderful/thirdparty/blocksds/core/libs/dswifi/lib/libdswifi9.a(wifi_arm9.c.o)
                0x0200e058                wifi_connect_point
 .bss.wifi_connect_state
                0x0200e0b0        0x4 /opt/wonderful/thirdparty/blocksds/core/libs/dswifi/lib/libdswifi9.a(wifi_arm9.c.o)
                0x0200e0b0                wifi_connect_state
 .bss.synchandler
                0x0200e0b4        0x4 /opt/wonderful/thirdparty/blocksds/core/libs/dswifi/lib/libdswifi9.a(wifi_arm9.c.o)
                0x0200e0b4                synchandler
 .bss.packethandler
                0x0200e0b8        0x4 /opt/wonderful/thirdparty/blocksds/core/libs/dswifi/lib/libdswifi9.a(wifi_arm9.c.o)
                0x0200e0b8                packethandler
 .bss.WifiData  0x0200e0bc        0x4 /opt/wonderful/thirdparty/blocksds/core/libs/dswifi/lib/libdswifi9.a(wifi_arm9.c.o)
                0x0200e0bc                WifiData
 .bss.Wifi_Data_Struct
                0x0200e0c0        0x4 /opt/wonderful/thirdparty/blocksds/core/libs/dswifi/lib/libdswifi9.a(wifi_arm9.c.o)
                0x0200e0c0                Wifi_Data_Struct
 .bss.wHeapFirst
                0x0200e0c4        0x4 /opt/wonderful/thirdparty/blocksds/core/libs/dswifi/lib/libdswifi9.a(wifi_arm9.c.o)
                0x0200e0c4                wHeapFirst
 .bss.wHeapStart
                0x0200e0c8        0x4 /opt/wonderful/thirdparty/blocksds/core/libs/dswifi/lib/libdswifi9.a(wifi_arm9.c.o)
                0x0200e0c8                wHeapStart
 .bss.wifi_hw   0x0200e0cc        0x4 /opt/wonderful/thirdparty/blocksds/core/libs/dswifi/lib/libdswifi9.a(wifi_arm9.c.o)
                0x0200e0cc                wifi_hw
 .bss.socketlist
                0x0200e0d0      0x100 /opt/wonderful/thirdparty/blocksds/core/libs/dswifi/lib/libdswifi9.a(sgIP_sockets.c.o)
                0x0200e0d0                socketlist
 .bss.dhcp_serverip
                0x0200e1d0        0x4 /opt/wonderful/thirdparty/blocksds/core/libs/dswifi/lib/libdswifi9.a(sgIP_DHCP.c.o)
                0x0200e1d0                dhcp_serverip
 *fill*         0x0200e1d4        0x4 
 .bss.dhcp_rcvd_dns
                0x0200e1d8        0xc /opt/wonderful/thirdparty/blocksds/core/libs/dswifi/lib/libdswifi9.a(sgIP_DHCP.c.o)
                0x0200e1d8                dhcp_rcvd_dns
 .bss.dhcp_rcvd_snmask
                0x0200e1e4        0x4 /opt/wonderful/thirdparty/blocksds/core/libs/dswifi/lib/libdswifi9.a(sgIP_DHCP.c.o)
                0x0200e1e4                dhcp_rcvd_snmask
 .bss.dhcp_rcvd_gateway
                0x0200e1e8        0x4 /opt/wonderful/thirdparty/blocksds/core/libs/dswifi/lib/libdswifi9.a(sgIP_DHCP.c.o)
                0x0200e1e8                dhcp_rcvd_gateway
 .bss.dhcp_rcvd_ip
                0x0200e1ec        0x4 /opt/wonderful/thirdparty/blocksds/core/libs/dswifi/lib/libdswifi9.a(sgIP_DHCP.c.o)
                0x0200e1ec                dhcp_rcvd_ip
 .bss.dhcp_state
                0x0200e1f0        0x4 /opt/wonderful/thirdparty/blocksds/core/libs/dswifi/lib/libdswifi9.a(sgIP_DHCP.c.o)
                0x0200e1f0                dhcp_state
 .bss.dhcp_status
                0x0200e1f4        0x4 /opt/wonderful/thirdparty/blocksds/core/libs/dswifi/lib/libdswifi9.a(sgIP_DHCP.c.o)
                0x0200e1f4                dhcp_status
 .bss.dhcp_requestDNS
                0x0200e1f8        0x4 /opt/wonderful/thirdparty/blocksds/core/libs/dswifi/lib/libdswifi9.a(sgIP_DHCP.c.o)
                0x0200e1f8                dhcp_requestDNS
 .bss.dhcp_optionptr
                0x0200e1fc        0x4 /opt/wonderful/thirdparty/blocksds/core/libs/dswifi/lib/libdswifi9.a(sgIP_DHCP.c.o)
                0x0200e1fc                dhcp_optionptr
 .bss.dhcp_int  0x0200e200        0x4 /opt/wonderful/thirdparty/blocksds/core/libs/dswifi/lib/libdswifi9.a(sgIP_DHCP.c.o)
                0x0200e200                dhcp_int
 .bss.dhcp_p    0x0200e204        0x4 /opt/wonderful/thirdparty/blocksds/core/libs/dswifi/lib/libdswifi9.a(sgIP_DHCP.c.o)
                0x0200e204                dhcp_p
 .bss.dhcp_timelastaction
                0x0200e208        0x4 /opt/wonderful/thirdparty/blocksds/core/libs/dswifi/lib/libdswifi9.a(sgIP_DHCP.c.o)
                0x0200e208                dhcp_timelastaction
 .bss.dhcp_timestart
                0x0200e20c        0x4 /opt/wonderful/thirdparty/blocksds/core/libs/dswifi/lib/libdswifi9.a(sgIP_DHCP.c.o)
                0x0200e20c                dhcp_timestart
 .bss.dhcp_tid  0x0200e210        0x4 /opt/wonderful/thirdparty/blocksds/core/libs/dswifi/lib/libdswifi9.a(sgIP_DHCP.c.o)
                0x0200e210                dhcp_tid
 .bss.dhcp_hostname
                0x0200e214       0x40 /opt/wonderful/thirdparty/blocksds/core/libs/dswifi/lib/libdswifi9.a(sgIP_DHCP.c.o)
                0x0200e214                dhcp_hostname
 .bss.dhcp_socket
                0x0200e254        0x4 /opt/wonderful/thirdparty/blocksds/core/libs/dswifi/lib/libdswifi9.a(sgIP_DHCP.c.o)
                0x0200e254                dhcp_socket
 .bss.dnsrecords
                0x0200e258       0x40 /opt/wonderful/thirdparty/blocksds/core/libs/dswifi/lib/libdswifi9.a(sgIP_DNS.c.o)
                0x0200e258                dnsrecords
 .bss.time_count
                0x0200e298        0x4 /opt/wonderful/thirdparty/blocksds/core/libs/dswifi/lib/libdswifi9.a(sgIP_DNS.c.o)
                0x0200e298                time_count
 .bss.dns_sock  0x0200e29c        0x4 /opt/wonderful/thirdparty/blocksds/core/libs/dswifi/lib/libdswifi9.a(sgIP_DNS.c.o)
                0x0200e29c                dns_sock
 .bss.numsynlist
                0x0200e2a0        0x4 /opt/wonderful/thirdparty/blocksds/core/libs/dswifi/lib/libdswifi9.a(sgIP_TCP.c.o)
                0x0200e2a0                numsynlist
 .bss.synlist   0x0200e2a4      0x800 /opt/wonderful/thirdparty/blocksds/core/libs/dswifi/lib/libdswifi9.a(sgIP_TCP.c.o)
                0x0200e2a4                synlist
 .bss.lasttime  0x0200eaa4        0x4 /opt/wonderful/thirdparty/blocksds/core/libs/dswifi/lib/libdswifi9.a(sgIP_TCP.c.o)
                0x0200eaa4                lasttime
 .bss.port_counter
                0x0200eaa8        0x4 /opt/wonderful/thirdparty/blocksds/core/libs/dswifi/lib/libdswifi9.a(sgIP_TCP.c.o)
                0x0200eaa8                port_counter
 .bss.tcprecords
                0x0200eaac        0x4 /opt/wonderful/thirdparty/blocksds/core/libs/dswifi/lib/libdswifi9.a(sgIP_TCP.c.o)
                0x0200eaac                tcprecords
 .bss.udpport_counter
                0x0200eab0        0x4 /opt/wonderful/thirdparty/blocksds/core/libs/dswifi/lib/libdswifi9.a(sgIP_UDP.c.o)
                0x0200eab0                udpport_counter
 .bss.udprecords
                0x0200eab4        0x4 /opt/wonderful/thirdparty/blocksds/core/libs/dswifi/lib/libdswifi9.a(sgIP_UDP.c.o)
                0x0200eab4                udprecords
 .bss.HWInterfaces
                0x0200eab8       0x30 /opt/wonderful/thirdparty/blocksds/core/libs/dswifi/lib/libdswifi9.a(sgIP_Hub.c.o)
                0x0200eab8                HWInterfaces
 .bss.ProtocolInterfaces
                0x0200eae8        0x8 /opt/wonderful/thirdparty/blocksds/core/libs/dswifi/lib/libdswifi9.a(sgIP_Hub.c.o)
                0x0200eae8                ProtocolInterfaces
 .bss.NumProtocolInterfaces
                0x0200eaf0        0x4 /opt/wonderful/thirdparty/blocksds/core/libs/dswifi/lib/libdswifi9.a(sgIP_Hub.c.o)
                0x0200eaf0                NumProtocolInterfaces
 .bss.NumHWInterfaces
                0x0200eaf4        0x4 /opt/wonderful/thirdparty/blocksds/core/libs/dswifi/lib/libdswifi9.a(sgIP_Hub.c.o)
                0x0200eaf4                NumHWInterfaces
 .bss.ArpRecords
                0x0200eaf8      0x400 /opt/wonderful/thirdparty/blocksds/core/libs/dswifi/lib/libdswifi9.a(sgIP_ARP.c.o)
                0x0200eaf8                ArpRecords
 .bss.count_1000ms
                0x0200eef8        0x4 /opt/wonderful/thirdparty/blocksds/core/libs/dswifi/lib/libdswifi9.a(sgIP.c.o)
                0x0200eef8                count_1000ms
 .bss.count_100ms
                0x0200eefc        0x4 /opt/wonderful/thirdparty/blocksds/core/libs/dswifi/lib/libdswifi9.a(sgIP.c.o)
                0x0200eefc                count_100ms
 .bss.sgIP_timems
                0x0200ef00        0x4 /opt/wonderful/thirdparty/blocksds/core/libs/dswifi/lib/libdswifi9.a(sgIP.c.o)
                0x0200ef00                sgIP_timems
 .bss.idnum_count
                0x0200ef04        0x4 /opt/wonderful/thirdparty/blocksds/core/libs/dswifi/lib/libdswifi9.a(sgIP_IP.c.o)
                0x0200ef04                idnum_count
 .bss.punixTime
                0x0200ef08        0x4 /opt/wonderful/thirdparty/blocksds/core/libs/libnds/lib/libnds9.a(initSystem.c.o)
                0x0200ef08                punixTime
 .bss.__debugger_unit
                0x0200ef0c        0x1 /opt/wonderful/thirdparty/blocksds/core/libs/libnds/lib/libnds9.a(initSystem.c.o)
                0x0200ef0c                __debugger_unit
 .bss.__dsimode
                0x0200ef0d        0x1 /opt/wonderful/thirdparty/blocksds/core/libs/libnds/lib/libnds9.a(initSystem.c.o)
                0x0200ef0d                __dsimode
 *fill*         0x0200ef0e        0x2 
 .bss.libnds_stderr_write
                0x0200ef10        0x4 /opt/wonderful/thirdparty/blocksds/core/libs/libnds/lib/libnds9.a(console.c.o)
                0x0200ef10                libnds_stderr_write
 .bss.libnds_stdout_write
                0x0200ef14        0x4 /opt/wonderful/thirdparty/blocksds/core/libs/libnds/lib/libnds9.a(console.c.o)
                0x0200ef14                libnds_stdout_write
 .bss.currentCopy
                0x0200ef18       0x5c /opt/wonderful/thirdparty/blocksds/core/libs/libnds/lib/libnds9.a(console.c.o)
                0x0200ef18                currentCopy
 .bss.selected_entry.0
                0x0200ef74        0x4 /opt/wonderful/thirdparty/blocksds/core/libs/libnds/lib/libnds9.a(cache.c.o)
 .bss.dldi_stub_space_sectors
                0x0200ef78        0x4 /opt/wonderful/thirdparty/blocksds/core/libs/libnds/lib/libnds9.a(cache.c.o)
 .bss.cache_num_sectors
                0x0200ef7c        0x4 /opt/wonderful/thirdparty/blocksds/core/libs/libnds/lib/libnds9.a(cache.c.o)
 .bss.cache_mem
                0x0200ef80        0x4 /opt/wonderful/thirdparty/blocksds/core/libs/libnds/lib/libnds9.a(cache.c.o)
 .bss.cache_entries
                0x0200ef84        0x4 /opt/wonderful/thirdparty/blocksds/core/libs/libnds/lib/libnds9.a(cache.c.o)
 .bss.stderr_buf_len
                0x0200ef88        0x2 /opt/wonderful/thirdparty/blocksds/core/libs/libnds/lib/libnds9.a(iob.c.o)
 .bss.stdout_buf_len
                0x0200ef8a        0x2 /opt/wonderful/thirdparty/blocksds/core/libs/libnds/lib/libnds9.a(iob.c.o)
 .bss.stderr_buf
                0x0200ef8c       0x11 /opt/wonderful/thirdparty/blocksds/core/libs/libnds/lib/libnds9.a(iob.c.o)
 *fill*         0x0200ef9d        0x3 
 .bss.stdout_buf
                0x0200efa0       0x11 /opt/wonderful/thirdparty/blocksds/core/libs/libnds/lib/libnds9.a(iob.c.o)
 *fill*         0x0200efb1        0x3 
 .bss.fifo_mutex
                0x0200efb4       0x40 /opt/wonderful/thirdparty/blocksds/core/libs/libnds/lib/libnds9.a(fifosystem.c.o)
 .bss.processing
                0x0200eff4        0x4 /opt/wonderful/thirdparty/blocksds/core/libs/libnds/lib/libnds9.a(fifosystem.c.o)
 .bss.fifo_datamsg_data
                0x0200eff8       0x40 /opt/wonderful/thirdparty/blocksds/core/libs/libnds/lib/libnds9.a(fifosystem.c.o)
 .bss.fifo_value32_data
                0x0200f038       0x40 /opt/wonderful/thirdparty/blocksds/core/libs/libnds/lib/libnds9.a(fifosystem.c.o)
 .bss.fifo_address_data
                0x0200f078       0x40 /opt/wonderful/thirdparty/blocksds/core/libs/libnds/lib/libnds9.a(fifosystem.c.o)
 .bss.fifo_datamsg_func
                0x0200f0b8       0x40 /opt/wonderful/thirdparty/blocksds/core/libs/libnds/lib/libnds9.a(fifosystem.c.o)
 .bss.fifo_value32_func
                0x0200f0f8       0x40 /opt/wonderful/thirdparty/blocksds/core/libs/libnds/lib/libnds9.a(fifosystem.c.o)
 .bss.fifo_address_func
                0x0200f138       0x40 /opt/wonderful/thirdparty/blocksds/core/libs/libnds/lib/libnds9.a(fifosystem.c.o)
 .bss.fifo_value32_queue
                0x0200f178       0x40 /opt/wonderful/thirdparty/blocksds/core/libs/libnds/lib/libnds9.a(fifosystem.c.o)
 .bss.fifo_data_queue
                0x0200f1b8       0x40 /opt/wonderful/thirdparty/blocksds/core/libs/libnds/lib/libnds9.a(fifosystem.c.o)
 .bss.fifo_address_queue
                0x0200f1f8       0x40 /opt/wonderful/thirdparty/blocksds/core/libs/libnds/lib/libnds9.a(fifosystem.c.o)
 .bss.fifo_buffer
                0x0200f238      0x800 /opt/wonderful/thirdparty/blocksds/core/libs/libnds/lib/libnds9.a(fifosystem.c.o)
 .bss.heap_start.0
                0x0200fa38        0x4 /opt/wonderful/thirdparty/blocksds/core/libs/libnds/lib/libnds9.a(sbrk.c.o)
 .bss.fake_heap_start
                0x0200fa3c        0x4 /opt/wonderful/thirdparty/blocksds/core/libs/libnds/lib/libnds9.a(sbrk.c.o)
                0x0200fa3c                fake_heap_start
 .bss.fake_heap_end
                0x0200fa40        0x4 /opt/wonderful/thirdparty/blocksds/core/libs/libnds/lib/libnds9.a(sbrk.c.o)
                0x0200fa40                fake_heap_end
 .bss.main_args
                0x0200fa44        0x8 /opt/wonderful/thirdparty/blocksds/core/libs/libnds/lib/libnds9.a(threads.c.o)
 .bss.__tls     0x0200fa4c        0x4 /opt/wonderful/thirdparty/blocksds/core/libs/libnds/lib/libnds9.a(threads.c.o)
                0x0200fa4c                __tls
 .bss.cothread_list
                0x0200fa50       0x1c /opt/wonderful/thirdparty/blocksds/core/libs/libnds/lib/libnds9.a(threads.c.o)
 .bss.cothread_active_thread
                0x0200fa6c        0x4 /opt/wonderful/thirdparty/blocksds/core/libs/libnds/lib/libnds9.a(threads.c.o)
 .bss.free_fn   0x0200fa70        0x4 /opt/wonderful/thirdparty/blocksds/core/libs/libnds/lib/libnds9.a(threads.c.o)
 .bss.bgIsTextLut
                0x0200fa74        0x8 /opt/wonderful/thirdparty/blocksds/core/libs/libnds/lib/libnds9.a(background.c.o)
                0x0200fa74                bgIsTextLut
 .bss.bgState   0x0200fa7c      0x140 /opt/wonderful/thirdparty/blocksds/core/libs/libnds/lib/libnds9.a(background.c.o)
                0x0200fa7c                bgState
 .bss.SDcallback
                0x0200fbbc        0x4 /opt/wonderful/thirdparty/blocksds/core/libs/libnds/lib/libnds9.a(system.c.o)
 .bss.receivedTouchPosition
                0x0200fbc0        0xc /opt/wonderful/thirdparty/blocksds/core/libs/libnds/lib/libnds9.a(keys.c.o)
 .bss.Mutex     0x0200fbcc        0xc /opt/wonderful/thirdparty/blocksds/core/libs/libnds/lib/libnds9.a(ffsystem.c.o)
 .bss.fs_io     0x0200fbd8        0x8 /opt/wonderful/thirdparty/blocksds/core/libs/libnds/lib/libnds9.a(diskio.c.o)
 .bss.fs_initialized
                0x0200fbe0        0x2 /opt/wonderful/thirdparty/blocksds/core/libs/libnds/lib/libnds9.a(diskio.c.o)
 *fill*         0x0200fbe2        0x2 
 .bss.__lock___libc_recursive_mutex
                0x0200fbe4       0x10 /opt/wonderful/thirdparty/blocksds/core/libs/libnds/lib/libnds9.a(locks.c.o)
                0x0200fbe4                __lock___libc_recursive_mutex
 .bss           0x0200fbf4       0x34 /opt/wonderful/toolchain/gcc-arm-none-eabi/lib/gcc/arm-none-eabi/13.2.0/../../../../arm-none-eabi/lib/thumb/arm7tdmi/libc.a(malloc-malloc.c.o)
                0x0200fbf4                __malloc_top_pad
                0x0200fbf8                __malloc_current_mallinfo
                0x0200fc20                __malloc_max_sbrked_mem
                0x0200fc24                __malloc_max_total_mem