Archive member included to satisfy reference by file (symbol)

/opt/wonderful/thirdparty/blocksds/core/libs/dswifi/lib/libdswifi9.a(wifi_arm9.c.o)
                              build/source/obd.c.o (Wifi_InitDefault)
/opt/wonderful/thirdparty/blocksds/core/libs/dswifi/lib/libdswifi9.a(sgIP_sockets.c.o)
                              build/source/obd.c.o (socket)
/opt/wonderful/thirdparty/blocksds/core/libs/dswifi/lib/libdswifi9.a(sgIP_DHCP.c.o)
                              /opt/wonderful/thirdparty/blocksds/core/libs/dswifi/lib/libdswifi9.a(wifi_arm9.c.o) (sgIP_DHCP_Start)
/opt/wonderful/thirdparty/blocksds/core/libs/dswifi/lib/libdswifi9.a(sgIP_memblock.c.o)
                              /opt/wonderful/thirdparty/blocksds/core/libs/dswifi/lib/libdswifi9.a(wifi_arm9.c.o) (sgIP_memblock_allocHW)
/opt/wonderful/thirdparty/blocksds/core/libs/dswifi/lib/libdswifi9.a(sgIP_DNS.c.o)
                              /opt/wonderful/thirdparty/blocksds/core/libs/dswifi/lib/libdswifi9.a(sgIP_DHCP.c.o) (sgIP_DNS_FindDNSRecord)
/opt/wonderful/thirdparty/blocksds/core/libs/dswifi/lib/libdswifi9.a(sgIP_TCP.c.o)
                              /opt/wonderful/thirdparty/blocksds/core/libs/dswifi/lib/libdswifi9.a(sgIP_sockets.c.o) (sgIP_TCP_AllocRecord)
/opt/wonderful/thirdparty/blocksds/core/libs/dswifi/lib/libdswifi9.a(sgIP_UDP.c.o)
                              /opt/wonderful/thirdparty/blocksds/core/libs/dswifi/lib/libdswifi9.a(sgIP_sockets.c.o) (sgIP_UDP_AllocRecord)
/opt/wonderful/thirdparty/blocksds/core/libs/dswifi/lib/libdswifi9.a(sgIP_Hub.c.o)
                              /opt/wonderful/thirdparty/blocksds/core/libs/dswifi/lib/libdswifi9.a(wifi_arm9.c.o) (sgIP_Hub_AddHardwareInterface)
/opt/wonderful/thirdparty/blocksds/core/libs/dswifi/lib/libdswifi9.a(spinlock.s.o)
                              /opt/wonderful/thirdparty/blocksds/core/libs/dswifi/lib/libdswifi9.a(wifi_arm9.c.o) (SLasm_Acquire)
/opt/wonderful/thirdparty/blocksds/core/libs/dswifi/lib/libdswifi9.a(sgIP_ARP.c.o)
                              /opt/wonderful/thirdparty/blocksds/core/libs/dswifi/lib/libdswifi9.a(wifi_arm9.c.o) (sgIP_ARP_FlushInterface)
/opt/wonderful/thirdparty/blocksds/core/libs/dswifi/lib/libdswifi9.a(sgIP.c.o)
                              /opt/wonderful/thirdparty/blocksds/core/libs/dswifi/lib/libdswifi9.a(wifi_arm9.c.o) (sgIP_Init)
/opt/wonderful/thirdparty/blocksds/core/libs/dswifi/lib/libdswifi9.a(sgIP_IP.c.o)
                              /opt/wonderful/thirdparty/blocksds/core/libs/dswifi/lib/libdswifi9.a(sgIP.c.o) (sgIP_IP_ReceivePacket)
/opt/wonderful/thirdparty/blocksds/core/libs/dswifi/lib/libdswifi9.a(sgIP_ICMP.c.o)
                              /opt/wonderful/thirdparty/blocksds/core/libs/dswifi/lib/libdswifi9.a(sgIP_IP.c.o) (sgIP_ICMP_ReceivePacket)
/opt/wonderful/thirdparty/blocksds/core/libs/libnds/lib/libnds9.a(IntrWait.s.o)
                              build/source/main.c.o (swiWaitForVBlank)
/opt/wonderful/thirdparty/blocksds/core/libs/libnds/lib/libnds9.a(mpu_setup.s.o)
                              /opt/wonderful/thirdparty/blocksds/core/sys/crts/ds_arm9_crt0.o (__libnds_mpu_setup)
/opt/wonderful/thirdparty/blocksds/core/libs/libnds/lib/libnds9.a(cp15.s.o)
                              /opt/wonderful/thirdparty/blocksds/core/libs/dswifi/lib/libdswifi9.a(wifi_arm9.c.o) (CP15_CleanAndFlushDCache)
/opt/wonderful/thirdparty/blocksds/core/libs/libnds/lib/libnds9.a(memmove.s.o)
                              /opt/wonderful/thirdparty/blocksds/core/libs/dswifi/lib/libdswifi9.a(sgIP_TCP.c.o) (memmove)
/opt/wonderful/thirdparty/blocksds/core/libs/libnds/lib/libnds9.a(memcpy.s.o)
                              /opt/wonderful/thirdparty/blocksds/core/libs/libnds/lib/libnds9.a(memmove.s.o) (__aeabi_memcpy)
/opt/wonderful/thirdparty/blocksds/core/libs/libnds/lib/libnds9.a(memset.s.o)
                              /opt/wonderful/thirdparty/blocksds/core/libs/dswifi/lib/libdswifi9.a(wifi_arm9.c.o) (memset)
/opt/wonderful/thirdparty/blocksds/core/libs/libnds/lib/libnds9.a(aeabi_read_tp.s.o)
                              /opt/wonderful/thirdparty/blocksds/core/libs/dswifi/lib/libdswifi9.a(sgIP_sockets.c.o) (__aeabi_read_tp)
/opt/wonderful/thirdparty/blocksds/core/libs/libnds/lib/libnds9.a(securearea.c.o)
                              /opt/wonderful/thirdparty/blocksds/core/sys/crts/ds_arm9_crt0.o (__secure_area__)
/opt/wonderful/thirdparty/blocksds/core/libs/libnds/lib/libnds9.a(keys.c.o)
                              build/source/main.c.o (scanKeys)
/opt/wonderful/thirdparty/blocksds/core/libs/libnds/lib/libnds9.a(initSystem.c.o)
                              /opt/wonderful/thirdparty/blocksds/core/sys/crts/ds_arm9_crt0.o (initSystem)
/opt/wonderful/thirdparty/blocksds/core/libs/libnds/lib/libnds9.a(console.c.o)
                              build/source/main.c.o (consoleDemoInit)
/opt/wonderful/thirdparty/blocksds/core/libs/libnds/lib/libnds9.a(filesystem.c.o)
                              build/source/obd.c.o (close)
[...]
Memory Configuration

Name             Origin             Length             Attributes
ewram            0x02000000         0x00380000
dtcm             0x02ff0000         0x00004000
vectors          0x01000000         0x00000100
itcm             0x01000100         0x00007f00
*default*        0x00000000         0xffffffff

Linker script and memory map

LOAD build/source/main.c.o
LOAD build/source/obd.c.o
LOAD /opt/wonderful/thirdparty/blocksds/core/sys/crts/ds_arm9_crt0.o
START GROUP
LOAD /opt/wonderful/thirdparty/blocksds/external/nflib/lib/libnflib.a
LOAD /opt/wonderful/thirdparty/blocksds/core/libs/dswifi/lib/libdswifi9.a
LOAD /opt/wonderful/thirdparty/blocksds/core/libs/libnds/lib/libnds9.a
LOAD /opt/wonderful/toolchain/gcc-arm-none-eabi/lib/gcc/arm-none-eabi/13.2.0/../../../../arm-none-eabi/lib/thumb/arm7tdmi/libc.a
LOAD /opt/wonderful/toolchain/gcc-arm-none-eabi/lib/gcc/arm-none-eabi/13.2.0/../../../../arm-none-eabi/lib/thumb/arm7tdmi/libc.a
LOAD /opt/wonderful/toolchain/gcc-arm-none-eabi/lib/gcc/arm-none-eabi/13.2.0/thumb/arm7tdmi/libgcc.a
END GROUP
                0x02380000                        __ewram_end = (ORIGIN (ewram) + LENGTH (ewram))
                0x02380000                        __eheap_end = (ORIGIN (ewram) + LENGTH (ewram))
                0x02ff4000                        __dtcm_top = (ORIGIN (dtcm) + LENGTH (dtcm))
                0x02ff3ff8                        __irq_flags = (__dtcm_top - 0x8)
                0x02ff3ffc                        __irq_vector = (__dtcm_top - 0x4)
                0x02ff3f00                        __sp_svc = (__dtcm_top - 0x100)
                0x02ff3e00                        __sp_irq = (__sp_svc - 0x100)
                0x02ff3d00                        __sp_usr = (__sp_irq - 0x100)

.secure         0x02000000      0x800
 *(.secure)
 .secure        0x02000000      0x800 /opt/wonderful/thirdparty/blocksds/core/libs/libnds/lib/libnds9.a(securearea.c.o)
                0x02000000                __secure_area__

.crt0           0x02000800      0x314
                0x02000800                        __text_start = .
 *(.crt0)
 .crt0          0x02000800      0x314 /opt/wonderful/thirdparty/blocksds/core/sys/crts/ds_arm9_crt0.o
                0x02000800                _start
                0x02000b14                        . = ALIGN (0x4)
                0x00004000                        PROVIDE (__dldi_size = 0x4000)
                0x0000000e                        __dldi_log2_size = (LOG2CEIL ((__dldi_size + 0x1)) - 0x1)

.dldi           0x02000b14        0x0
                0x02000b14                        __dldi_start = .
 *(.dldi)
                0x02000b14                        . = ALIGN (0x4)
                0x02000b14                        __dldi_data_end = .
                0x02000b14                        __dldi_end = (__dldi_data_end > __dldi_start)?(__dldi_start + __dldi_size):__dldi_start
                0x02000b14                        . = __dldi_end
                0x02000b14                        . = ALIGN (0x4)

.plt
 *(.plt)

.init
 *(SORT_NONE(.init))

.text           0x02000b18     0xbac0
 *(EXCLUDE_FILE(*.twl* *.vectors* *.itcm*) .text)
 .text          0x02000b18       0x5c /opt/wonderful/thirdparty/blocksds/core/libs/dswifi/lib/libdswifi9.a(spinlock.s.o)
                0x02000b18                SLasm_Acquire
                0x02000b4c                SLasm_Release
 .text          0x02000b74        0xe /opt/wonderful/toolchain/gcc-arm-none-eabi/lib/gcc/arm-none-eabi/13.2.0/../../../../arm-none-eabi/lib/thumb/arm7tdmi/libc.a(strlen.S.o)
                0x02000b74                strlen
 *fill*         0x02000b82        0x2 ff
 .text          0x02000b84       0x14 /opt/wonderful/toolchain/gcc-arm-none-eabi/lib/gcc/arm-none-eabi/13.2.0/thumb/arm7tdmi/libgcc.a(_thumb1_case_uqi.o)
                0x02000b84                __gnu_thumb1_case_uqi
 .text          0x02000b98      0x11c /opt/wonderful/toolchain/gcc-arm-none-eabi/lib/gcc/arm-none-eabi/13.2.0/thumb/arm7tdmi/libgcc.a(_udivsi3.o)
                0x02000b98                __udivsi3
                0x02000b98                __aeabi_uidiv
                0x02000c94                __aeabi_uidivmod
 .text          0x02000cb4      0x150 /opt/wonderful/toolchain/gcc-arm-none-eabi/lib/gcc/arm-none-eabi/13.2.0/thumb/arm7tdmi/libgcc.a(_divsi3.o)
                0x02000cb4                __aeabi_idiv
                0x02000cb4                __divsi3
                0x02000de4                __aeabi_idivmod
 .text          0x02000e04        0x4 /opt/wonderful/toolchain/gcc-arm-none-eabi/lib/gcc/arm-none-eabi/13.2.0/thumb/arm7tdmi/libgcc.a(_dvmd_tls.o)
                0x02000e04                __aeabi_ldiv0
                0x02000e04                __aeabi_idiv0
 .text          0x02000e08       0x18 /opt/wonderful/toolchain/gcc-arm-none-eabi/lib/gcc/arm-none-eabi/13.2.0/thumb/arm7tdmi/libgcc.a(_lshrdi3.o)
                0x02000e08                __aeabi_llsr
                0x02000e08                __lshrdi3
 .text          0x02000e20       0x1c /opt/wonderful/toolchain/gcc-arm-none-eabi/lib/gcc/arm-none-eabi/13.2.0/thumb/arm7tdmi/libgcc.a(_ashrdi3.o)
                0x02000e20                __ashrdi3
                0x02000e20                __aeabi_lasr
 .text          0x02000e3c       0x18 /opt/wonderful/toolchain/gcc-arm-none-eabi/lib/gcc/arm-none-eabi/13.2.0/thumb/arm7tdmi/libgcc.a(_ashldi3.o)
                0x02000e3c                __ashldi3
                0x02000e3c                __aeabi_llsl
 .text          0x02000e54      0x424 /opt/wonderful/toolchain/gcc-arm-none-eabi/lib/gcc/arm-none-eabi/13.2.0/thumb/arm7tdmi/libgcc.a(_arm_addsubdf3.o)
                0x02000e54                __aeabi_drsub
                0x02000e5c                __subdf3
                0x02000e5c                __aeabi_dsub
                0x02000e60                __adddf3
                0x02000e60                __aeabi_dadd
                0x02001170                __aeabi_ui2d
                0x02001170                __floatunsidf
                0x02001194                __floatsidf
                0x02001194                __aeabi_i2d
                0x020011bc                __extendsfdf2
                0x020011bc                __aeabi_f2d
                0x02001204                __aeabi_ul2d
                0x02001204                __floatundidf
                0x02001218                __aeabi_l2d
                0x02001218                __floatdidf
 .text          0x02001278       0xa0 /opt/wonderful/toolchain/gcc-arm-none-eabi/lib/gcc/arm-none-eabi/13.2.0/thumb/arm7tdmi/libgcc.a(_arm_truncdfsf2.o)
                0x02001278                __aeabi_d2f
                0x02001278                __truncdfsf2
 .text          0x02001318       0x48 /opt/wonderful/toolchain/gcc-arm-none-eabi/lib/gcc/arm-none-eabi/13.2.0/thumb/arm7tdmi/libgcc.a(_clzsi2.o)
                0x02001318                __clzsi2
 .text          0x02001360       0x28 /opt/wonderful/toolchain/gcc-arm-none-eabi/lib/gcc/arm-none-eabi/13.2.0/thumb/arm7tdmi/libgcc.a(_clzdi2.o)
                0x02001360                __clzdi2
 .text          0x02001388       0xd4 /opt/wonderful/toolchain/gcc-arm-none-eabi/lib/gcc/arm-none-eabi/13.2.0/thumb/arm7tdmi/libgcc.a(_aeabi_ldivmod.o)
                0x02001388                __aeabi_ldivmod
 .text          0x0200145c       0x3c /opt/wonderful/toolchain/gcc-arm-none-eabi/lib/gcc/arm-none-eabi/13.2.0/thumb/arm7tdmi/libgcc.a(_aeabi_uldivmod.o)
                0x0200145c                __aeabi_uldivmod
 .text          0x02001498       0x64 /opt/wonderful/toolchain/gcc-arm-none-eabi/lib/gcc/arm-none-eabi/13.2.0/thumb/arm7tdmi/libgcc.a(_muldi3.o)
                0x02001498                __aeabi_lmul
                0x02001498                __muldi3
 .text          0x020014fc      0x19c /opt/wonderful/toolchain/gcc-arm-none-eabi/lib/gcc/arm-none-eabi/13.2.0/thumb/arm7tdmi/libgcc.a(_udivmoddi4.o)
                0x020014fc                __udivmoddi4
 *(EXCLUDE_FILE(*.twl* *.vectors* *.itcm*) .stub)
 *(EXCLUDE_FILE(*.twl* *.vectors* *.itcm*) .text.*)
 .text.startup.main
                0x02001698       0x6c build/source/main.c.o
                0x02001698                main
 .text.dumpSockOutput
                0x02001704       0x14 build/source/obd.c.o
                0x02001704                dumpSockOutput
 .text.getRPM   0x02001718       0x3c build/source/obd.c.o
                0x02001718                getRPM
 .text.initOBD  0x02001754      0x120 build/source/obd.c.o
                0x02001754                initOBD
 .text.Wifi_Interface_Init
                0x02001874       0x48 /opt/wonderful/thirdparty/blocksds/core/libs/dswifi/lib/libdswifi9.a(wifi_arm9.c.o)
                0x02001874                Wifi_Interface_Init
 .text.arm9_synctoarm7
                0x020018bc        0xc /opt/wonderful/thirdparty/blocksds/core/libs/dswifi/lib/libdswifi9.a(wifi_arm9.c.o)
                0x020018bc                arm9_synctoarm7
 .text.Wifi_TransmitFunction
                0x020018c8      0x3e4 /opt/wonderful/thirdparty/blocksds/core/libs/dswifi/lib/libdswifi9.a(wifi_arm9.c.o)
                0x020018c8                Wifi_TransmitFunction
 .text.sgIP_IntrWaitEvent
                0x02001cac        0x4 /opt/wonderful/thirdparty/blocksds/core/libs/dswifi/lib/libdswifi9.a(wifi_arm9.c.o)
                0x02001cac                sgIP_IntrWaitEvent
 .text.wHeapAlloc
                0x02001cb0       0xcc /opt/wonderful/thirdparty/blocksds/core/libs/dswifi/lib/libdswifi9.a(wifi_arm9.c.o)
                0x02001cb0                wHeapAlloc
 .text.sgIP_malloc
                0x02001d7c        0x8 /opt/wonderful/thirdparty/blocksds/core/libs/dswifi/lib/libdswifi9.a(wifi_arm9.c.o)
                0x02001d7c                sgIP_malloc
 .text.sgIP_free
                0x02001d84       0x1c /opt/wonderful/thirdparty/blocksds/core/libs/dswifi/lib/libdswifi9.a(wifi_arm9.c.o)
                0x02001d84                sgIP_free
 .text.Wifi_GetAPData
                0x02001da0       0x88 /opt/wonderful/thirdparty/blocksds/core/libs/dswifi/lib/libdswifi9.a(wifi_arm9.c.o)
                0x02001da0                Wifi_GetAPData
 .text.Wifi_FindMatchingAP
                0x02001e28      0x12c /opt/wonderful/thirdparty/blocksds/core/libs/dswifi/lib/libdswifi9.a(wifi_arm9.c.o)
                0x02001e28                Wifi_FindMatchingAP
 .text.Wifi_AssocStatus
                0x02001f54      0x368 /opt/wonderful/thirdparty/blocksds/core/libs/dswifi/lib/libdswifi9.a(wifi_arm9.c.o)
                0x02001f54                Wifi_AssocStatus
 .text.Wifi_Init
                0x020022bc      0x10c /opt/wonderful/thirdparty/blocksds/core/libs/dswifi/lib/libdswifi9.a(wifi_arm9.c.o)
                0x020022bc                Wifi_Init
 .text.Wifi_Update
                0x020023c8      0x3f0 /opt/wonderful/thirdparty/blocksds/core/libs/dswifi/lib/libdswifi9.a(wifi_arm9.c.o)
                0x020023c8                Wifi_Update
 .text.Timer_50ms
                0x020027b8       0x10 /opt/wonderful/thirdparty/blocksds/core/libs/dswifi/lib/libdswifi9.a(wifi_arm9.c.o)
                0x020027b8                Timer_50ms
 .text.wifiValue32Handler
                0x020027c8       0x20 /opt/wonderful/thirdparty/blocksds/core/libs/dswifi/lib/libdswifi9.a(wifi_arm9.c.o)
                0x020027c8                wifiValue32Handler
 .text.Wifi_InitDefault
                0x020027e8       0xbc /opt/wonderful/thirdparty/blocksds/core/libs/dswifi/lib/libdswifi9.a(wifi_arm9.c.o)
                0x020027e8                Wifi_InitDefault
 .text.sgIP_sockets_Init
                0x020028a4       0x18 /opt/wonderful/thirdparty/blocksds/core/libs/dswifi/lib/libdswifi9.a(sgIP_sockets.c.o)
                0x020028a4                sgIP_sockets_Init
 .text.socket   0x020028bc       0x94 /opt/wonderful/thirdparty/blocksds/core/libs/dswifi/lib/libdswifi9.a(sgIP_sockets.c.o)
                0x020028bc                socket
 .text.forceclosesocket
                0x02002950       0x5c /opt/wonderful/thirdparty/blocksds/core/libs/dswifi/lib/libdswifi9.a(sgIP_sockets.c.o)
                0x02002950                forceclosesocket
 .text.sgIP_sockets_Timer1000ms
                0x020029ac       0x68 /opt/wonderful/thirdparty/blocksds/core/libs/dswifi/lib/libdswifi9.a(sgIP_sockets.c.o)
                0x020029ac                sgIP_sockets_Timer1000ms
 .text.bind     0x02002a14       0x84 /opt/wonderful/thirdparty/blocksds/core/libs/dswifi/lib/libdswifi9.a(sgIP_sockets.c.o)
                0x02002a14                bind
 .text.connect  0x02002a98       0xec /opt/wonderful/thirdparty/blocksds/core/libs/dswifi/lib/libdswifi9.a(sgIP_sockets.c.o)
                0x02002a98                connect
 .text.send     0x02002b84       0xd0 /opt/wonderful/thirdparty/blocksds/core/libs/dswifi/lib/libdswifi9.a(sgIP_sockets.c.o)
                0x02002b84                send
 .text.recv     0x02002c54       0xd0 /opt/wonderful/thirdparty/blocksds/core/libs/dswifi/lib/libdswifi9.a(sgIP_sockets.c.o)
                0x02002c54                recv
 .text.sendto   0x02002d24       0x90 /opt/wonderful/thirdparty/blocksds/core/libs/dswifi/lib/libdswifi9.a(sgIP_sockets.c.o)
                0x02002d24                sendto
 .text.recvfrom
                0x02002db4       0xf8 /opt/wonderful/thirdparty/blocksds/core/libs/dswifi/lib/libdswifi9.a(sgIP_sockets.c.o)
                0x02002db4                recvfrom
 .text.shutdown
                0x02002eac       0x78 /opt/wonderful/thirdparty/blocksds/core/libs/dswifi/lib/libdswifi9.a(sgIP_sockets.c.o)
                0x02002eac                shutdown
 .text.closesocket
                0x02002f24       0x9c /opt/wonderful/thirdparty/blocksds/core/libs/dswifi/lib/libdswifi9.a(sgIP_sockets.c.o)
                0x02002f24                closesocket
 .text.ioctl    0x02002fc0       0xd8 /opt/wonderful/thirdparty/blocksds/core/libs/dswifi/lib/libdswifi9.a(sgIP_sockets.c.o)
                0x02002fc0                ioctl
 .text.sgIP_DHCP_Init
                0x02003098       0x48 /opt/wonderful/thirdparty/blocksds/core/libs/dswifi/lib/libdswifi9.a(sgIP_DHCP.c.o)
                0x02003098                sgIP_DHCP_Init
 .text.sgIP_DHCP_SendDgram
                0x020030e0       0x6c /opt/wonderful/thirdparty/blocksds/core/libs/dswifi/lib/libdswifi9.a(sgIP_DHCP.c.o)
                0x020030e0                sgIP_DHCP_SendDgram
 .text.sgIP_DHCP_BeginDgram
                0x0200314c      0x1f0 /opt/wonderful/thirdparty/blocksds/core/libs/dswifi/lib/libdswifi9.a(sgIP_DHCP.c.o)
                0x0200314c                sgIP_DHCP_BeginDgram
 .text.sgIP_DHCP_Start
                0x0200333c       0xec /opt/wonderful/thirdparty/blocksds/core/libs/dswifi/lib/libdswifi9.a(sgIP_DHCP.c.o)
                0x0200333c                sgIP_DHCP_Start
 .text.sgIP_DHCP_Update
                0x02003428      0x44c /opt/wonderful/thirdparty/blocksds/core/libs/dswifi/lib/libdswifi9.a(sgIP_DHCP.c.o)
                0x02003428                sgIP_DHCP_Update
 .text.gethostname
                0x02003874       0x4c /opt/wonderful/thirdparty/blocksds/core/libs/dswifi/lib/libdswifi9.a(sgIP_DHCP.c.o)
                0x02003874                gethostname
 .text.sgIP_memblock_Init
                0x020038c0        0x4 /opt/wonderful/thirdparty/blocksds/core/libs/dswifi/lib/libdswifi9.a(sgIP_memblock.c.o)
                0x020038c0                sgIP_memblock_Init
 .text.sgIP_memblock_allocHW
                0x020038c4       0x24 /opt/wonderful/thirdparty/blocksds/core/libs/dswifi/lib/libdswifi9.a(sgIP_memblock.c.o)
                0x020038c4                sgIP_memblock_allocHW
 .text.sgIP_memblock_alloc
                0x020038e8       0x20 /opt/wonderful/thirdparty/blocksds/core/libs/dswifi/lib/libdswifi9.a(sgIP_memblock.c.o)
                0x020038e8                sgIP_memblock_alloc
 .text.sgIP_memblock_free
                0x02003908       0x2c /opt/wonderful/thirdparty/blocksds/core/libs/dswifi/lib/libdswifi9.a(sgIP_memblock.c.o)
                0x02003908                sgIP_memblock_free
 .text.sgIP_memblock_exposeheader
                0x02003934       0x28 /opt/wonderful/thirdparty/blocksds/core/libs/dswifi/lib/libdswifi9.a(sgIP_memblock.c.o)
                0x02003934                sgIP_memblock_exposeheader
 .text.sgIP_memblock_trimsize
                0x0200395c       0x58 /opt/wonderful/thirdparty/blocksds/core/libs/dswifi/lib/libdswifi9.a(sgIP_memblock.c.o)
                0x0200395c                sgIP_memblock_trimsize
 .text.sgIP_memblock_IPChecksum
                0x020039b4      0x138 /opt/wonderful/thirdparty/blocksds/core/libs/dswifi/lib/libdswifi9.a(sgIP_memblock.c.o)
                0x020039b4                sgIP_memblock_IPChecksum
 .text.sgIP_memblock_CopyToLinear
                0x02003aec       0x74 /opt/wonderful/thirdparty/blocksds/core/libs/dswifi/lib/libdswifi9.a(sgIP_memblock.c.o)
                0x02003aec                sgIP_memblock_CopyToLinear
 .text.sgIP_memblock_CopyFromLinear
                0x02003b60       0x74 /opt/wonderful/thirdparty/blocksds/core/libs/dswifi/lib/libdswifi9.a(sgIP_memblock.c.o)
                0x02003b60                sgIP_memblock_CopyFromLinear
 .text.sgIP_DNS_Init
                0x02003bd4       0x28 /opt/wonderful/thirdparty/blocksds/core/libs/dswifi/lib/libdswifi9.a(sgIP_DNS.c.o)
                0x02003bd4                sgIP_DNS_Init
 .text.sgIP_DNS_Timer1000ms
                0x02003bfc       0x68 /opt/wonderful/thirdparty/blocksds/core/libs/dswifi/lib/libdswifi9.a(sgIP_DNS.c.o)
                0x02003bfc                sgIP_DNS_Timer1000ms
 .text.sgIP_DNS_AllocUnusedRecord
                0x02003c64       0xe4 /opt/wonderful/thirdparty/blocksds/core/libs/dswifi/lib/libdswifi9.a(sgIP_DNS.c.o)
                0x02003c64                sgIP_DNS_AllocUnusedRecord
 .text.sgIP_TCP_FixChecksum.part.0
                0x02003d48       0x68 /opt/wonderful/thirdparty/blocksds/core/libs/dswifi/lib/libdswifi9.a(sgIP_TCP.c.o)
 .text.sgIP_TCP_Init
                0x02003db0       0x34 /opt/wonderful/thirdparty/blocksds/core/libs/dswifi/lib/libdswifi9.a(sgIP_TCP.c.o)
                0x02003db0                sgIP_TCP_Init
 .text.sgIP_TCP_GetUnusedOutgoingPort
                0x02003de4       0x74 /opt/wonderful/thirdparty/blocksds/core/libs/dswifi/lib/libdswifi9.a(sgIP_TCP.c.o)
                0x02003de4                sgIP_TCP_GetUnusedOutgoingPort
 .text.sgIP_TCP_CalcChecksum
                0x02003e58       0x60 /opt/wonderful/thirdparty/blocksds/core/libs/dswifi/lib/libdswifi9.a(sgIP_TCP.c.o)
                0x02003e58                sgIP_TCP_CalcChecksum
 .text.sgIP_TCP_GenHeader
                0x02003eb8       0xcc /opt/wonderful/thirdparty/blocksds/core/libs/dswifi/lib/libdswifi9.a(sgIP_TCP.c.o)
                0x02003eb8                sgIP_TCP_GenHeader
 .text.sgIP_TCP_SendPacket
                0x02003f84       0xe8 /opt/wonderful/thirdparty/blocksds/core/libs/dswifi/lib/libdswifi9.a(sgIP_TCP.c.o)
                0x02003f84                sgIP_TCP_SendPacket
 .text.sgIP_TCP_SendSynReply
                0x0200406c       0xac /opt/wonderful/thirdparty/blocksds/core/libs/dswifi/lib/libdswifi9.a(sgIP_TCP.c.o)
                0x0200406c                sgIP_TCP_SendSynReply
 .text.sgIP_TCP_Timer
                0x02004118      0x284 /opt/wonderful/thirdparty/blocksds/core/libs/dswifi/lib/libdswifi9.a(sgIP_TCP.c.o)
                0x02004118                sgIP_TCP_Timer
 .text.sgIP_TCP_AllocRecord
                0x0200439c       0x4c /opt/wonderful/thirdparty/blocksds/core/libs/dswifi/lib/libdswifi9.a(sgIP_TCP.c.o)
                0x0200439c                sgIP_TCP_AllocRecord
 .text.sgIP_TCP_ReceivePacket
                0x020043e8      0x644 /opt/wonderful/thirdparty/blocksds/core/libs/dswifi/lib/libdswifi9.a(sgIP_TCP.c.o)
                0x020043e8                sgIP_TCP_ReceivePacket
 .text.sgIP_TCP_FreeRecord
                0x02004a2c       0xe8 /opt/wonderful/thirdparty/blocksds/core/libs/dswifi/lib/libdswifi9.a(sgIP_TCP.c.o)
                0x02004a2c                sgIP_TCP_FreeRecord
 .text.sgIP_TCP_Bind
                0x02004b14       0x2c /opt/wonderful/thirdparty/blocksds/core/libs/dswifi/lib/libdswifi9.a(sgIP_TCP.c.o)
                0x02004b14                sgIP_TCP_Bind
 .text.sgIP_TCP_Close
                0x02004b40       0x40 /opt/wonderful/thirdparty/blocksds/core/libs/dswifi/lib/libdswifi9.a(sgIP_TCP.c.o)
                0x02004b40                sgIP_TCP_Close
 .text.sgIP_TCP_Connect
                0x02004b80      0x10c /opt/wonderful/thirdparty/blocksds/core/libs/dswifi/lib/libdswifi9.a(sgIP_TCP.c.o)
                0x02004b80                sgIP_TCP_Connect
 .text.sgIP_TCP_Send
                0x02004c8c      0x128 /opt/wonderful/thirdparty/blocksds/core/libs/dswifi/lib/libdswifi9.a(sgIP_TCP.c.o)
                0x02004c8c                sgIP_TCP_Send
 .text.sgIP_TCP_Recv
                0x02004db4       0xf8 /opt/wonderful/thirdparty/blocksds/core/libs/dswifi/lib/libdswifi9.a(sgIP_TCP.c.o)
                0x02004db4                sgIP_TCP_Recv
 .text.sgIP_UDP_Init
                0x02004eac       0x1c /opt/wonderful/thirdparty/blocksds/core/libs/dswifi/lib/libdswifi9.a(sgIP_UDP.c.o)
                0x02004eac                sgIP_UDP_Init
 .text.sgIP_UDP_GetUnusedOutgoingPort
                0x02004ec8       0x6c /opt/wonderful/thirdparty/blocksds/core/libs/dswifi/lib/libdswifi9.a(sgIP_UDP.c.o)
                0x02004ec8                sgIP_UDP_GetUnusedOutgoingPort
 .text.sgIP_UDP_CalcChecksum
                0x02004f34       0x70 /opt/wonderful/thirdparty/blocksds/core/libs/dswifi/lib/libdswifi9.a(sgIP_UDP.c.o)
                0x02004f34                sgIP_UDP_CalcChecksum
 .text.sgIP_UDP_ReceivePacket
                0x02004fa4       0xac /opt/wonderful/thirdparty/blocksds/core/libs/dswifi/lib/libdswifi9.a(sgIP_UDP.c.o)
                0x02004fa4                sgIP_UDP_ReceivePacket
 .text.sgIP_UDP_SendPacket
                0x02005050       0xec /opt/wonderful/thirdparty/blocksds/core/libs/dswifi/lib/libdswifi9.a(sgIP_UDP.c.o)
                0x02005050                sgIP_UDP_SendPacket
 .text.sgIP_UDP_AllocRecord
                0x0200513c       0x38 /opt/wonderful/thirdparty/blocksds/core/libs/dswifi/lib/libdswifi9.a(sgIP_UDP.c.o)
                0x0200513c                sgIP_UDP_AllocRecord
 .text.sgIP_UDP_FreeRecord
                0x02005174       0x54 /opt/wonderful/thirdparty/blocksds/core/libs/dswifi/lib/libdswifi9.a(sgIP_UDP.c.o)
                0x02005174                sgIP_UDP_FreeRecord
 .text.sgIP_UDP_Bind
                0x020051c8       0x48 /opt/wonderful/thirdparty/blocksds/core/libs/dswifi/lib/libdswifi9.a(sgIP_UDP.c.o)
                0x020051c8                sgIP_UDP_Bind
 .text.sgIP_UDP_RecvFrom
                0x02005210       0xe0 /opt/wonderful/thirdparty/blocksds/core/libs/dswifi/lib/libdswifi9.a(sgIP_UDP.c.o)
                0x02005210                sgIP_UDP_RecvFrom
 .text.sgIP_UDP_SendTo
                0x020052f0       0x14 /opt/wonderful/thirdparty/blocksds/core/libs/dswifi/lib/libdswifi9.a(sgIP_UDP.c.o)
                0x020052f0                sgIP_UDP_SendTo
 .text.sgIP_Hub_Init
                0x02005304       0x14 /opt/wonderful/thirdparty/blocksds/core/libs/dswifi/lib/libdswifi9.a(sgIP_Hub.c.o)
                0x02005304                sgIP_Hub_Init
 .text.sgIP_Hub_AddProtocolInterface
                0x02005318       0x44 /opt/wonderful/thirdparty/blocksds/core/libs/dswifi/lib/libdswifi9.a(sgIP_Hub.c.o)
                0x02005318                sgIP_Hub_AddProtocolInterface
 .text.sgIP_Hub_AddHardwareInterface
                0x0200535c       0x40 /opt/wonderful/thirdparty/blocksds/core/libs/dswifi/lib/libdswifi9.a(sgIP_Hub.c.o)
                0x0200535c                sgIP_Hub_AddHardwareInterface
 .text.sgIP_Hub_ReceiveHardwarePacket
                0x0200539c       0x58 /opt/wonderful/thirdparty/blocksds/core/libs/dswifi/lib/libdswifi9.a(sgIP_Hub.c.o)
                0x0200539c                sgIP_Hub_ReceiveHardwarePacket
 .text.sgIP_Hub_SendProtocolPacket
                0x020053f4       0x44 /opt/wonderful/thirdparty/blocksds/core/libs/dswifi/lib/libdswifi9.a(sgIP_Hub.c.o)
                0x020053f4                sgIP_Hub_SendProtocolPacket
 .text.sgIP_Hub_SendRawPacket
                0x02005438       0x24 /opt/wonderful/thirdparty/blocksds/core/libs/dswifi/lib/libdswifi9.a(sgIP_Hub.c.o)
                0x02005438                sgIP_Hub_SendRawPacket
 .text.sgIP_Hub_IPMaxMessageSize
                0x0200545c        0x8 /opt/wonderful/thirdparty/blocksds/core/libs/dswifi/lib/libdswifi9.a(sgIP_Hub.c.o)
                0x0200545c                sgIP_Hub_IPMaxMessageSize
 .text.sgIP_Hub_GetCompatibleIP
                0x02005464       0x14 /opt/wonderful/thirdparty/blocksds/core/libs/dswifi/lib/libdswifi9.a(sgIP_Hub.c.o)
                0x02005464                sgIP_Hub_GetCompatibleIP
 .text.htons    0x02005478       0x10 /opt/wonderful/thirdparty/blocksds/core/libs/dswifi/lib/libdswifi9.a(sgIP_Hub.c.o)
                0x02005478                htons
 .text.htonl    0x02005488       0x18 /opt/wonderful/thirdparty/blocksds/core/libs/dswifi/lib/libdswifi9.a(sgIP_Hub.c.o)
                0x02005488                htonl
 .text.sgIP_GetArpSlot
                0x020054a0       0x4c /opt/wonderful/thirdparty/blocksds/core/libs/dswifi/lib/libdswifi9.a(sgIP_ARP.c.o)
                0x020054a0                sgIP_GetArpSlot
 .text.sgIP_ARP_Init
                0x020054ec       0x1c /opt/wonderful/thirdparty/blocksds/core/libs/dswifi/lib/libdswifi9.a(sgIP_ARP.c.o)
                0x020054ec                sgIP_ARP_Init
 .text.sgIP_ARP_FlushInterface
                0x02005508       0x40 /opt/wonderful/thirdparty/blocksds/core/libs/dswifi/lib/libdswifi9.a(sgIP_ARP.c.o)
                0x02005508                sgIP_ARP_FlushInterface
 .text.sgIP_ARP_SendARPResponse
                0x02005548       0xe4 /opt/wonderful/thirdparty/blocksds/core/libs/dswifi/lib/libdswifi9.a(sgIP_ARP.c.o)
                0x02005548                sgIP_ARP_SendARPResponse
 .text.sgIP_ARP_SendGratARP
                0x0200562c       0xe4 /opt/wonderful/thirdparty/blocksds/core/libs/dswifi/lib/libdswifi9.a(sgIP_ARP.c.o)
                0x0200562c                sgIP_ARP_SendGratARP
 .text.sgIP_ARP_SendARPRequest
                0x02005710       0xec /opt/wonderful/thirdparty/blocksds/core/libs/dswifi/lib/libdswifi9.a(sgIP_ARP.c.o)
                0x02005710                sgIP_ARP_SendARPRequest
 .text.sgIP_ARP_Timer100ms
                0x020057fc       0x70 /opt/wonderful/thirdparty/blocksds/core/libs/dswifi/lib/libdswifi9.a(sgIP_ARP.c.o)
                0x020057fc                sgIP_ARP_Timer100ms
 .text.sgIP_ARP_SendProtocolFrame
                0x0200586c      0x11c /opt/wonderful/thirdparty/blocksds/core/libs/dswifi/lib/libdswifi9.a(sgIP_ARP.c.o)
                0x0200586c                sgIP_ARP_SendProtocolFrame
 .text.sgIP_ARP_ProcessARPFrame
                0x02005988      0x108 /opt/wonderful/thirdparty/blocksds/core/libs/dswifi/lib/libdswifi9.a(sgIP_ARP.c.o)
                0x02005988                sgIP_ARP_ProcessARPFrame
 .text.sgIP_Init
                0x02005a90       0x3c /opt/wonderful/thirdparty/blocksds/core/libs/dswifi/lib/libdswifi9.a(sgIP.c.o)
                0x02005a90                sgIP_Init
 .text.sgIP_Timer
                0x02005acc       0x78 /opt/wonderful/thirdparty/blocksds/core/libs/dswifi/lib/libdswifi9.a(sgIP.c.o)
                0x02005acc                sgIP_Timer
 .text.sgIP_IP_ReceivePacket
                0x02005b44       0x94 /opt/wonderful/thirdparty/blocksds/core/libs/dswifi/lib/libdswifi9.a(sgIP_IP.c.o)
                0x02005b44                sgIP_IP_ReceivePacket
 .text.sgIP_IP_MaxContentsSize
                0x02005bd8        0xc /opt/wonderful/thirdparty/blocksds/core/libs/dswifi/lib/libdswifi9.a(sgIP_IP.c.o)
                0x02005bd8                sgIP_IP_MaxContentsSize
 .text.sgIP_IP_RequiredHeaderSize
                0x02005be4        0x4 /opt/wonderful/thirdparty/blocksds/core/libs/dswifi/lib/libdswifi9.a(sgIP_IP.c.o)
                0x02005be4                sgIP_IP_RequiredHeaderSize
 .text.sgIP_IP_SendViaIP
                0x02005be8       0x90 /opt/wonderful/thirdparty/blocksds/core/libs/dswifi/lib/libdswifi9.a(sgIP_IP.c.o)
                0x02005be8                sgIP_IP_SendViaIP
 .text.sgIP_IP_GetLocalBindAddr
                0x02005c78       0x10 /opt/wonderful/thirdparty/blocksds/core/libs/dswifi/lib/libdswifi9.a(sgIP_IP.c.o)
                0x02005c78                sgIP_IP_GetLocalBindAddr
 .text.sgIP_ICMP_ReceivePacket
                0x02005c88       0x5c /opt/wonderful/thirdparty/blocksds/core/libs/dswifi/lib/libdswifi9.a(sgIP_ICMP.c.o)
                0x02005c88                sgIP_ICMP_ReceivePacket
 .text.swiWaitForVBlank
                0x02005ce4        0x8 /opt/wonderful/thirdparty/blocksds/core/libs/libnds/lib/libnds9.a(IntrWait.s.o)
                0x02005ce4                swiWaitForVBlank
 .text.swiIntrWait
                0x02005cec       0x70 /opt/wonderful/thirdparty/blocksds/core/libs/libnds/lib/libnds9.a(IntrWait.s.o)
                0x02005cec                swiIntrWait
 .text.__libnds_mpu_setup
                0x02005d5c      0x1c4 /opt/wonderful/thirdparty/blocksds/core/libs/libnds/lib/libnds9.a(mpu_setup.s.o)
                0x02005d5c                __libnds_mpu_setup
 .text.memUncached
                0x02005f20       0x20 /opt/wonderful/thirdparty/blocksds/core/libs/libnds/lib/libnds9.a(mpu_setup.s.o)
                0x02005f20                memUncached
 .text.CP15_CleanAndFlushDCache
                0x02005f40       0x34 /opt/wonderful/thirdparty/blocksds/core/libs/libnds/lib/libnds9.a(cp15.s.o)
                0x02005f40                CP15_CleanAndFlushDCache
 .text.__aeabi_memmove
                0x02005f74        0xc /opt/wonderful/thirdparty/blocksds/core/libs/libnds/lib/libnds9.a(memmove.s.o)
                0x02005f74                __aeabi_memmove
 .text.memmove  0x02005f80       0x10 /opt/wonderful/thirdparty/blocksds/core/libs/libnds/lib/libnds9.a(memmove.s.o)
                0x02005f80                memmove
 .text.__aeabi_memcpy
                0x02005f90       0xdc /opt/wonderful/thirdparty/blocksds/core/libs/libnds/lib/libnds9.a(memcpy.s.o)
                0x02005f90                __aeabi_memcpy
                0x02005fc8                __aeabi_memcpy4
                0x02005fc8                __aeabi_memcpy8
                0x02006034                __ndsabi_memcpy2
                0x02006058                __ndsabi_memcpy1
 .text.memcpy   0x0200606c       0x10 /opt/wonderful/thirdparty/blocksds/core/libs/libnds/lib/libnds9.a(memcpy.s.o)
                0x0200606c                memcpy
 .text.__aeabi_memset
                0x0200607c       0x9c /opt/wonderful/thirdparty/blocksds/core/libs/libnds/lib/libnds9.a(memset.s.o)
                0x0200607c                __aeabi_memset
                0x020060a0                __aeabi_memset8
                0x020060a0                __aeabi_memset4
                0x020060ac                __ndsabi_wordset4
                0x020060b0                __ndsabi_lwordset4
 .text.__ndsabi_memset1
                0x02006118       0x10 /opt/wonderful/thirdparty/blocksds/core/libs/libnds/lib/libnds9.a(memset.s.o)
                0x02006118                __ndsabi_memset1
 .text.memset   0x02006128       0x1c /opt/wonderful/thirdparty/blocksds/core/libs/libnds/lib/libnds9.a(memset.s.o)
                0x02006128                memset
 .text.__aeabi_read_tp
                0x02006144        0xc /opt/wonderful/thirdparty/blocksds/core/libs/libnds/lib/libnds9.a(aeabi_read_tp.s.o)
                0x02006144                __aeabi_read_tp
 .text.scanKeys
                0x02006150       0xc0 /opt/wonderful/thirdparty/blocksds/core/libs/libnds/lib/libnds9.a(keys.c.o)
                0x02006150                scanKeys
 .text.keysHeld
                0x02006210        0xc /opt/wonderful/thirdparty/blocksds/core/libs/libnds/lib/libnds9.a(keys.c.o)
                0x02006210                keysHeld
 .text.setTransferInputData
                0x0200621c       0x20 /opt/wonderful/thirdparty/blocksds/core/libs/libnds/lib/libnds9.a(keys.c.o)
                0x0200621c                setTransferInputData
 .text.initSystem
                0x0200623c      0x1a0 /opt/wonderful/thirdparty/blocksds/core/libs/libnds/lib/libnds9.a(initSystem.c.o)
                0x0200623c                initSystem
 .text.newRow   0x020063dc       0xdc /opt/wonderful/thirdparty/blocksds/core/libs/libnds/lib/libnds9.a(console.c.o)
 .text.consolePrintChar
                0x020064b8       0xe0 /opt/wonderful/thirdparty/blocksds/core/libs/libnds/lib/libnds9.a(console.c.o)
                0x020064b8                consolePrintChar
 .text.con_write
                0x02006598      0x344 /opt/wonderful/thirdparty/blocksds/core/libs/libnds/lib/libnds9.a(console.c.o)
 .text.consoleLoadFont
                0x020068dc      0x36c /opt/wonderful/thirdparty/blocksds/core/libs/libnds/lib/libnds9.a(console.c.o)
                0x020068dc                consoleLoadFont
 .text.consoleInit
                0x02006c48      0x194 /opt/wonderful/thirdparty/blocksds/core/libs/libnds/lib/libnds9.a(console.c.o)
                0x02006c48                consoleInit
 .text.consoleDemoInit
                0x02006ddc       0x48 /opt/wonderful/thirdparty/blocksds/core/libs/libnds/lib/libnds9.a(console.c.o)
                0x02006ddc                consoleDemoInit
 .text.close    0x02006e24       0x50 /opt/wonderful/thirdparty/blocksds/core/libs/libnds/lib/libnds9.a(filesystem.c.o)
                0x02006e24                close
 .text.fatfs_error_to_posix
                0x02006e74       0x24 /opt/wonderful/thirdparty/blocksds/core/libs/libnds/lib/libnds9.a(fatfs.c.o)
                0x02006e74                fatfs_error_to_posix
 .text.fatfs_timestamp_to_fattime
                0x02006e98       0x2c /opt/wonderful/thirdparty/blocksds/core/libs/libnds/lib/libnds9.a(fatfs.c.o)
                0x02006e98                fatfs_timestamp_to_fattime
 .text.cache_sector_get
                0x02006ec4       0x70 /opt/wonderful/thirdparty/blocksds/core/libs/libnds/lib/libnds9.a(cache.c.o)
                0x02006ec4                cache_sector_get
 .text.cache_sector_add
                0x02006f34      0x144 /opt/wonderful/thirdparty/blocksds/core/libs/libnds/lib/libnds9.a(cache.c.o)
                0x02006f34                cache_sector_add
 .text.cache_sector_invalidate
                0x02007078       0x44 /opt/wonderful/thirdparty/blocksds/core/libs/libnds/lib/libnds9.a(cache.c.o)
                0x02007078                cache_sector_invalidate
 .text.nitrofs_close
                0x020070bc       0x10 /opt/wonderful/thirdparty/blocksds/core/libs/libnds/lib/libnds9.a(nitrofs.c.o)
                0x020070bc                nitrofs_close
 .text.build_argv
                0x020070cc       0x58 /opt/wonderful/thirdparty/blocksds/core/libs/libnds/lib/libnds9.a(crt0_argv.c.o)
                0x020070cc                build_argv
 .text.putc_buffered
                0x02007124       0x98 /opt/wonderful/thirdparty/blocksds/core/libs/libnds/lib/libnds9.a(iob.c.o)
 .text.stdout_putc_buffered
                0x020071bc       0x20 /opt/wonderful/thirdparty/blocksds/core/libs/libnds/lib/libnds9.a(iob.c.o)
 .text.stderr_putc_buffered
                0x020071dc       0x20 /opt/wonderful/thirdparty/blocksds/core/libs/libnds/lib/libnds9.a(iob.c.o)
 .text.dldiGetStubEnd
                0x020071fc        0x8 /opt/wonderful/thirdparty/blocksds/core/libs/libnds/lib/libnds9.a(dldi.c.o)
                0x020071fc                dldiGetStubEnd
 .text.fifo_buffer_enqueue_block
                0x02007204       0x44 /opt/wonderful/thirdparty/blocksds/core/libs/libnds/lib/libnds9.a(fifosystem.c.o)
 .text.fifo_buffer_wait_block
                0x02007248       0x80 /opt/wonderful/thirdparty/blocksds/core/libs/libnds/lib/libnds9.a(fifosystem.c.o)
 .text.fifoInternalSend.part.0
                0x020072c8       0xcc /opt/wonderful/thirdparty/blocksds/core/libs/libnds/lib/libnds9.a(fifosystem.c.o)
 .text.fifoInternalSendInterrupt
                0x02007394       0xb0 /opt/wonderful/thirdparty/blocksds/core/libs/libnds/lib/libnds9.a(fifosystem.c.o)
 .text.fifoSetValue32Handler
                0x02007444       0xd4 /opt/wonderful/thirdparty/blocksds/core/libs/libnds/lib/libnds9.a(fifosystem.c.o)
                0x02007444                fifoSetValue32Handler
 .text.fifoSendAddress
                0x02007518       0x38 /opt/wonderful/thirdparty/blocksds/core/libs/libnds/lib/libnds9.a(fifosystem.c.o)
                0x02007518                fifoSendAddress
 .text.fifoSendValue32
                0x02007550       0x50 /opt/wonderful/thirdparty/blocksds/core/libs/libnds/lib/libnds9.a(fifosystem.c.o)
                0x02007550                fifoSendValue32
 .text.fifoGetValue32
                0x020075a0       0x70 /opt/wonderful/thirdparty/blocksds/core/libs/libnds/lib/libnds9.a(fifosystem.c.o)
                0x020075a0                fifoGetValue32
 .text.fifoGetDatamsg
                0x02007610       0xe8 /opt/wonderful/thirdparty/blocksds/core/libs/libnds/lib/libnds9.a(fifosystem.c.o)
                0x02007610                fifoGetDatamsg
 .text.fifoInternalRecvInterrupt
                0x020076f8      0x310 /opt/wonderful/thirdparty/blocksds/core/libs/libnds/lib/libnds9.a(fifosystem.c.o)
 .text.fifoSetDatamsgHandler
                0x02007a08       0x9c /opt/wonderful/thirdparty/blocksds/core/libs/libnds/lib/libnds9.a(fifosystem.c.o)
                0x02007a08                fifoSetDatamsgHandler
 .text.fifoCheckValue32
                0x02007aa4       0x24 /opt/wonderful/thirdparty/blocksds/core/libs/libnds/lib/libnds9.a(fifosystem.c.o)
                0x02007aa4                fifoCheckValue32
 .text.fifoInit
                0x02007ac8      0x114 /opt/wonderful/thirdparty/blocksds/core/libs/libnds/lib/libnds9.a(fifosystem.c.o)
                0x02007ac8                fifoInit
 .text.fifoMutexAcquire
                0x02007bdc       0x30 /opt/wonderful/thirdparty/blocksds/core/libs/libnds/lib/libnds9.a(fifosystem.c.o)
                0x02007bdc                fifoMutexAcquire
 .text.fifoMutexRelease
                0x02007c0c       0x14 /opt/wonderful/thirdparty/blocksds/core/libs/libnds/lib/libnds9.a(fifosystem.c.o)
                0x02007c0c                fifoMutexRelease
 .text.irqDummy
                0x02007c20        0x4 /opt/wonderful/thirdparty/blocksds/core/libs/libnds/lib/libnds9.a(interrupts.c.o)
                0x02007c20                irqDummy
 .text.irqSet   0x02007c24       0x78 /opt/wonderful/thirdparty/blocksds/core/libs/libnds/lib/libnds9.a(interrupts.c.o)
                0x02007c24                irqSet
 .text.irqInit  0x02007c9c       0x50 /opt/wonderful/thirdparty/blocksds/core/libs/libnds/lib/libnds9.a(interrupts.c.o)
                0x02007c9c                irqInit
 .text.irqEnable
                0x02007cec       0x64 /opt/wonderful/thirdparty/blocksds/core/libs/libnds/lib/libnds9.a(interrupts.c.o)
                0x02007cec                irqEnable
 .text.systemErrorExit
                0x02007d50        0x4 /opt/wonderful/thirdparty/blocksds/core/libs/libnds/lib/libnds9.a(exit.c.o)
                0x02007d50                systemErrorExit
 .text.__libnds_exit
                0x02007d54        0x8 /opt/wonderful/thirdparty/blocksds/core/libs/libnds/lib/libnds9.a(exit.c.o)
                0x02007d54                __libnds_exit
 .text._exit    0x02007d5c       0x78 /opt/wonderful/thirdparty/blocksds/core/libs/libnds/lib/libnds9.a(exit.c.o)
                0x02007d5c                _exit
 .text.sbrk     0x02007dd4       0x5c /opt/wonderful/thirdparty/blocksds/core/libs/libnds/lib/libnds9.a(sbrk.c.o)
                0x02007dd4                sbrk
 .text.cothread_delete_internal
                0x02007e30       0x3c /opt/wonderful/thirdparty/blocksds/core/libs/libnds/lib/libnds9.a(threads.c.o)
 .text.cothread_main
                0x02007e6c       0x10 /opt/wonderful/thirdparty/blocksds/core/libs/libnds/lib/libnds9.a(threads.c.o)
                0x02007e6c                cothread_main
 .text.cothread_yield
                0x02007e7c       0x14 /opt/wonderful/thirdparty/blocksds/core/libs/libnds/lib/libnds9.a(threads.c.o)
                0x02007e7c                cothread_yield
 .text.cothread_yield_irq
                0x02007e90       0x18 /opt/wonderful/thirdparty/blocksds/core/libs/libnds/lib/libnds9.a(threads.c.o)
                0x02007e90                cothread_yield_irq
 .text.cothread_start
                0x02007ea8       0xe8 /opt/wonderful/thirdparty/blocksds/core/libs/libnds/lib/libnds9.a(threads.c.o)
                0x02007ea8                cothread_start
 .text.sync_fs  0x02007f90       0xb4 /opt/wonderful/thirdparty/blocksds/core/libs/libnds/lib/libnds9.a(ff.c.o)
 .text.move_window
                0x02008044       0x6c /opt/wonderful/thirdparty/blocksds/core/libs/libnds/lib/libnds9.a(ff.c.o)
 .text.validate
                0x020080b0       0x5c /opt/wonderful/thirdparty/blocksds/core/libs/libnds/lib/libnds9.a(ff.c.o)
 .text.f_sync   0x0200810c       0xe4 /opt/wonderful/thirdparty/blocksds/core/libs/libnds/lib/libnds9.a(ff.c.o)
                0x0200810c                f_sync
 .text.f_close  0x020081f0       0x30 /opt/wonderful/thirdparty/blocksds/core/libs/libnds/lib/libnds9.a(ff.c.o)
                0x020081f0                f_close
 .text.dmaSetParams
                0x02008220       0x1c /opt/wonderful/thirdparty/blocksds/core/libs/libnds/lib/libnds9.a(dma.s.o)
                0x02008220                dmaSetParams
 .text.__ndsabi_rmemcpy
                0x0200823c       0xcc /opt/wonderful/thirdparty/blocksds/core/libs/libnds/lib/libnds9.a(rmemcpy.s.o)
                0x0200823c                __ndsabi_rmemcpy
 .text.__ndsabi_rmemcpy1
                0x02008308       0x14 /opt/wonderful/thirdparty/blocksds/core/libs/libnds/lib/libnds9.a(rmemcpy.s.o)
                0x02008308                __ndsabi_rmemcpy1
 .text.__ndsabi_coro_resume
                0x0200831c       0x18 /opt/wonderful/thirdparty/blocksds/core/libs/libnds/lib/libnds9.a(coroutine.s.o)
                0x0200831c                __ndsabi_coro_resume
 .text.__ndsabi_coro_yield
                0x02008334       0x1c /opt/wonderful/thirdparty/blocksds/core/libs/libnds/lib/libnds9.a(coroutine.s.o)
                0x02008334                __ndsabi_coro_yield
 .text.__ndsabi_coro_pop_noctx
                0x02008350       0x34 /opt/wonderful/thirdparty/blocksds/core/libs/libnds/lib/libnds9.a(coroutine.s.o)
                0x02008350                __ndsabi_coro_pop_noctx
 .text.checkIfText
                0x02008384       0x5c /opt/wonderful/thirdparty/blocksds/core/libs/libnds/lib/libnds9.a(background.c.o)
                0x02008384                checkIfText
 .text.bgUpdate
                0x020083e0       0xf4 /opt/wonderful/thirdparty/blocksds/core/libs/libnds/lib/libnds9.a(background.c.o)
                0x020083e0                bgUpdate
 .text.bgInit_call
                0x020084d4       0xac /opt/wonderful/thirdparty/blocksds/core/libs/libnds/lib/libnds9.a(background.c.o)
                0x020084d4                bgInit_call
 .text.bgInitSub_call
                0x02008580       0xb4 /opt/wonderful/thirdparty/blocksds/core/libs/libnds/lib/libnds9.a(background.c.o)
                0x02008580                bgInitSub_call
 .text.setBrightness
                0x02008634       0x40 /opt/wonderful/thirdparty/blocksds/core/libs/libnds/lib/libnds9.a(video.c.o)
                0x02008634                setBrightness
 .text.vramDefault
                0x02008674       0xc8 /opt/wonderful/thirdparty/blocksds/core/libs/libnds/lib/libnds9.a(video.c.o)
                0x02008674                vramDefault
 .text.systemValueHandler
                0x0200873c       0x44 /opt/wonderful/thirdparty/blocksds/core/libs/libnds/lib/libnds9.a(system.c.o)
                0x0200873c                systemValueHandler
 .text.systemMsgHandler
                0x02008780       0x2c /opt/wonderful/thirdparty/blocksds/core/libs/libnds/lib/libnds9.a(system.c.o)
                0x02008780                systemMsgHandler
 .text.powerOn  0x020087ac       0x2c /opt/wonderful/thirdparty/blocksds/core/libs/libnds/lib/libnds9.a(system.c.o)
                0x020087ac                powerOn
 .text.sinLutLookup
                0x020087d8       0x4c /opt/wonderful/thirdparty/blocksds/core/libs/libnds/lib/libnds9.a(trig.c.o)
                0x020087d8                sinLutLookup
 .text.sinLerp  0x02008824       0x38 /opt/wonderful/thirdparty/blocksds/core/libs/libnds/lib/libnds9.a(trig.c.o)
                0x02008824                sinLerp
 .text.cosLerp  0x0200885c       0x48 /opt/wonderful/thirdparty/blocksds/core/libs/libnds/lib/libnds9.a(trig.c.o)
                0x0200885c                cosLerp
 .text.ff_mutex_take
                0x020088a4       0x1c /opt/wonderful/thirdparty/blocksds/core/libs/libnds/lib/libnds9.a(ffsystem.c.o)
                0x020088a4                ff_mutex_take
 .text.ff_mutex_give
                0x020088c0       0x10 /opt/wonderful/thirdparty/blocksds/core/libs/libnds/lib/libnds9.a(ffsystem.c.o)
                0x020088c0                ff_mutex_give
 .text.disk_status
                0x020088d0       0x28 /opt/wonderful/thirdparty/blocksds/core/libs/libnds/lib/libnds9.a(diskio.c.o)
                0x020088d0                disk_status
 .text.disk_read
                0x020088f8       0xf8 /opt/wonderful/thirdparty/blocksds/core/libs/libnds/lib/libnds9.a(diskio.c.o)
                0x020088f8                disk_read
 .text.disk_write
                0x020089f0       0xc8 /opt/wonderful/thirdparty/blocksds/core/libs/libnds/lib/libnds9.a(diskio.c.o)
                0x020089f0                disk_write
 .text.disk_ioctl
                0x02008ab8       0x2c /opt/wonderful/thirdparty/blocksds/core/libs/libnds/lib/libnds9.a(diskio.c.o)
                0x02008ab8                disk_ioctl
 .text.get_fattime
                0x02008ae4       0x1c /opt/wonderful/thirdparty/blocksds/core/libs/libnds/lib/libnds9.a(diskio.c.o)
                0x02008ae4                get_fattime
 .text.retarget_lock_crash
                0x02008b00        0x4 /opt/wonderful/thirdparty/blocksds/core/libs/libnds/lib/libnds9.a(locks.c.o)
 .text.__retarget_lock_acquire_recursive
                0x02008b04       0x40 /opt/wonderful/thirdparty/blocksds/core/libs/libnds/lib/libnds9.a(locks.c.o)
                0x02008b04                __retarget_lock_acquire_recursive
 .text.__retarget_lock_release_recursive
                0x02008b44       0x48 /opt/wonderful/thirdparty/blocksds/core/libs/libnds/lib/libnds9.a(locks.c.o)
                0x02008b44                __retarget_lock_release_recursive
 .text.__ndsabi_coro_make_noctx
                0x02008b8c       0x24 /opt/wonderful/thirdparty/blocksds/core/libs/libnds/lib/libnds9.a(coroutine.c.o)
                0x02008b8c                __ndsabi_coro_make_noctx
 .text.malloc_trim
                0x02008bb0       0xa0 /opt/wonderful/toolchain/gcc-arm-none-eabi/lib/gcc/arm-none-eabi/13.2.0/../../../../arm-none-eabi/lib/thumb/arm7tdmi/libc.a(malloc-free.c.o)
                0x02008bb0                malloc_trim
 .text.free     0x02008c50      0x168 /opt/wonderful/toolchain/gcc-arm-none-eabi/lib/gcc/arm-none-eabi/13.2.0/../../../../arm-none-eabi/lib/thumb/arm7tdmi/libc.a(malloc-free.c.o)
                0x02008c50                __malloc_free
                0x02008c50                free
 .text.malloc   0x02008db8      0x434 /opt/wonderful/toolchain/gcc-arm-none-eabi/lib/gcc/arm-none-eabi/13.2.0/../../../../arm-none-eabi/lib/thumb/arm7tdmi/libc.a(malloc-malloc.c.o)
                0x02008db8                malloc
 .text.__libc_init_array
                0x020091ec       0x60 /opt/wonderful/toolchain/gcc-arm-none-eabi/lib/gcc/arm-none-eabi/13.2.0/../../../../arm-none-eabi/lib/thumb/arm7tdmi/libc.a(libc_misc_init.c.o)
                0x020091ec                __libc_init_array
 .text.exit     0x0200924c       0x20 /opt/wonderful/toolchain/gcc-arm-none-eabi/lib/gcc/arm-none-eabi/13.2.0/../../../../arm-none-eabi/lib/thumb/arm7tdmi/libc.a(libc_stdlib_pico-exit.c.o)
                0x0200924c                exit
 .text.strchr   0x0200926c       0x1e /opt/wonderful/toolchain/gcc-arm-none-eabi/lib/gcc/arm-none-eabi/13.2.0/../../../../arm-none-eabi/lib/thumb/arm7tdmi/libc.a(libc_string_strchr.c.o)
                0x0200926c                strchr
 .text.strncmp  0x0200928a       0x26 /opt/wonderful/toolchain/gcc-arm-none-eabi/lib/gcc/arm-none-eabi/13.2.0/../../../../arm-none-eabi/lib/thumb/arm7tdmi/libc.a(libc_string_strncmp.c.o)
                0x0200928a                strncmp
 .text.strncpy  0x020092b0       0x26 /opt/wonderful/toolchain/gcc-arm-none-eabi/lib/gcc/arm-none-eabi/13.2.0/../../../../arm-none-eabi/lib/thumb/arm7tdmi/libc.a(libc_string_strncpy.c.o)
                0x020092b0                strncpy
 *fill*         0x020092d6        0x2 ff
 .text.localtime
                0x020092d8       0x1c /opt/wonderful/toolchain/gcc-arm-none-eabi/lib/gcc/arm-none-eabi/13.2.0/../../../../arm-none-eabi/lib/thumb/arm7tdmi/libc.a(libc_time_lcltime.c.o)
                0x020092d8                localtime
 .text.localtime_r
                0x020092f4      0x1fc /opt/wonderful/toolchain/gcc-arm-none-eabi/lib/gcc/arm-none-eabi/13.2.0/../../../../arm-none-eabi/lib/thumb/arm7tdmi/libc.a(libc_time_lcltime_r.c.o)
                0x020092f4                localtime_r
 .text.time     0x020094f0       0x2e /opt/wonderful/toolchain/gcc-arm-none-eabi/lib/gcc/arm-none-eabi/13.2.0/../../../../arm-none-eabi/lib/thumb/arm7tdmi/libc.a(libc_time_time.c.o)
                0x020094f0                time
 *fill*         0x0200951e        0x2 ff
 .text.__tzcalc_limits
                0x02009520      0x180 /opt/wonderful/toolchain/gcc-arm-none-eabi/lib/gcc/arm-none-eabi/13.2.0/../../../../arm-none-eabi/lib/thumb/arm7tdmi/libc.a(libc_time_tzcalc_limits.c.o)
                0x02009520                __tzcalc_limits
 .text._tzset_unlocked
                0x020096a0      0x3f4 /opt/wonderful/toolchain/gcc-arm-none-eabi/lib/gcc/arm-none-eabi/13.2.0/../../../../arm-none-eabi/lib/thumb/arm7tdmi/libc.a(libc_time_tzset.c.o)
                0x020096a0                _tzset_unlocked
 .text.fflush   0x02009a94       0x1a /opt/wonderful/toolchain/gcc-arm-none-eabi/lib/gcc/arm-none-eabi/13.2.0/../../../../arm-none-eabi/lib/thumb/arm7tdmi/libc.a(libc_tinystdio_fflush.c.o)
                0x02009a94                fflush
 *fill*         0x02009aae        0x2 ff
 .text.printf   0x02009ab0       0x20 /opt/wonderful/toolchain/gcc-arm-none-eabi/lib/gcc/arm-none-eabi/13.2.0/../../../../arm-none-eabi/lib/thumb/arm7tdmi/libc.a(libc_tinystdio_printf.c.o)
                0x02009ab0                printf
 .text.putchar  0x02009ad0       0x14 /opt/wonderful/toolchain/gcc-arm-none-eabi/lib/gcc/arm-none-eabi/13.2.0/../../../../arm-none-eabi/lib/thumb/arm7tdmi/libc.a(libc_tinystdio_putchar.c.o)
                0x02009ad0                putchar
 .text.puts     0x02009ae4       0x4c /opt/wonderful/toolchain/gcc-arm-none-eabi/lib/gcc/arm-none-eabi/13.2.0/../../../../arm-none-eabi/lib/thumb/arm7tdmi/libc.a(libc_tinystdio_puts.c.o)
                0x02009ae4                puts
 .text.setvbuf  0x02009b30       0x20 /opt/wonderful/toolchain/gcc-arm-none-eabi/lib/gcc/arm-none-eabi/13.2.0/../../../../arm-none-eabi/lib/thumb/arm7tdmi/libc.a(libc_tinystdio_setvbuf.c.o)
                0x02009b30                setvbuf
 .text.sscanf   0x02009b50       0x3c /opt/wonderful/toolchain/gcc-arm-none-eabi/lib/gcc/arm-none-eabi/13.2.0/../../../../arm-none-eabi/lib/thumb/arm7tdmi/libc.a(libc_tinystdio_sscanf.c.o)
                0x02009b50                sscanf
 .text.strtoul  0x02009b8c      0x130 /opt/wonderful/toolchain/gcc-arm-none-eabi/lib/gcc/arm-none-eabi/13.2.0/../../../../arm-none-eabi/lib/thumb/arm7tdmi/libc.a(libc_tinystdio_strtoul.c.o)
                0x02009b8c                strtoul
 .text.__ultoa_invert
                0x02009cbc       0x56 /opt/wonderful/toolchain/gcc-arm-none-eabi/lib/gcc/arm-none-eabi/13.2.0/../../../../arm-none-eabi/lib/thumb/arm7tdmi/libc.a(libc_tinystdio_vfprintf.c.o)
 *fill*         0x02009d12        0x2 ff
 .text.skip_to_arg
                0x02009d14      0x140 /opt/wonderful/toolchain/gcc-arm-none-eabi/lib/gcc/arm-none-eabi/13.2.0/../../../../arm-none-eabi/lib/thumb/arm7tdmi/libc.a(libc_tinystdio_vfprintf.c.o)
 .text.vfprintf
                0x02009e54      0xa30 /opt/wonderful/toolchain/gcc-arm-none-eabi/lib/gcc/arm-none-eabi/13.2.0/../../../../arm-none-eabi/lib/thumb/arm7tdmi/libc.a(libc_tinystdio_vfprintf.c.o)
                0x02009e54                __d_vfprintf
                0x02009e54                vfprintf
 .text.scanf_getc
                0x0200a884       0x18 /opt/wonderful/toolchain/gcc-arm-none-eabi/lib/gcc/arm-none-eabi/13.2.0/../../../../arm-none-eabi/lib/thumb/arm7tdmi/libc.a(libc_tinystdio_vfscanf.c.o)
 .text.putval   0x0200a89c       0x2e /opt/wonderful/toolchain/gcc-arm-none-eabi/lib/gcc/arm-none-eabi/13.2.0/../../../../arm-none-eabi/lib/thumb/arm7tdmi/libc.a(libc_tinystdio_vfscanf.c.o)
 .text.scanf_ungetc.isra.0
                0x0200a8ca       0x18 /opt/wonderful/toolchain/gcc-arm-none-eabi/lib/gcc/arm-none-eabi/13.2.0/../../../../arm-none-eabi/lib/thumb/arm7tdmi/libc.a(libc_tinystdio_vfscanf.c.o)
 .text.skip_spaces
                0x0200a8e2       0x2e /opt/wonderful/toolchain/gcc-arm-none-eabi/lib/gcc/arm-none-eabi/13.2.0/../../../../arm-none-eabi/lib/thumb/arm7tdmi/libc.a(libc_tinystdio_vfscanf.c.o)
 .text.vfscanf  0x0200a910      0x984 /opt/wonderful/toolchain/gcc-arm-none-eabi/lib/gcc/arm-none-eabi/13.2.0/../../../../arm-none-eabi/lib/thumb/arm7tdmi/libc.a(libc_tinystdio_vfscanf.c.o)
                0x0200a910                __d_vfscanf
                0x0200a910                vfscanf
 .text.mulShift64
                0x0200b294       0x68 /opt/wonderful/toolchain/gcc-arm-none-eabi/lib/gcc/arm-none-eabi/13.2.0/../../../../arm-none-eabi/lib/thumb/arm7tdmi/libc.a(libc_tinystdio_atod_ryu.c.o)
 .text.__atod_engine
                0x0200b2fc      0x164 /opt/wonderful/toolchain/gcc-arm-none-eabi/lib/gcc/arm-none-eabi/13.2.0/../../../../arm-none-eabi/lib/thumb/arm7tdmi/libc.a(libc_tinystdio_atod_ryu.c.o)
                0x0200b2fc                __atod_engine
 .text.__atof_engine
                0x0200b460      0x122 /opt/wonderful/toolchain/gcc-arm-none-eabi/lib/gcc/arm-none-eabi/13.2.0/../../../../arm-none-eabi/lib/thumb/arm7tdmi/libc.a(libc_tinystdio_atof_ryu.c.o)
                0x0200b460                __atof_engine
 .text.mulShiftAll64
                0x0200b582      0x1ea /opt/wonderful/toolchain/gcc-arm-none-eabi/lib/gcc/arm-none-eabi/13.2.0/../../../../arm-none-eabi/lib/thumb/arm7tdmi/libc.a(libc_tinystdio_dtoa_ryu.c.o)
 .text.div10    0x0200b76c       0x28 /opt/wonderful/toolchain/gcc-arm-none-eabi/lib/gcc/arm-none-eabi/13.2.0/../../../../arm-none-eabi/lib/thumb/arm7tdmi/libc.a(libc_tinystdio_dtoa_ryu.c.o)
 .text.__dtoa_engine
                0x0200b794      0x494 /opt/wonderful/toolchain/gcc-arm-none-eabi/lib/gcc/arm-none-eabi/13.2.0/../../../../arm-none-eabi/lib/thumb/arm7tdmi/libc.a(libc_tinystdio_dtoa_ryu.c.o)
                0x0200b794                __dtoa_engine
 .text.mulShift32
                0x0200bc28       0x4e /opt/wonderful/toolchain/gcc-arm-none-eabi/lib/gcc/arm-none-eabi/13.2.0/../../../../arm-none-eabi/lib/thumb/arm7tdmi/libc.a(libc_tinystdio_ryu_divpow2.c.o)
 .text.__mulPow5InvDivPow2
                0x0200bc76       0x2c /opt/wonderful/toolchain/gcc-arm-none-eabi/lib/gcc/arm-none-eabi/13.2.0/../../../../arm-none-eabi/lib/thumb/arm7tdmi/libc.a(libc_tinystdio_ryu_divpow2.c.o)
                0x0200bc76                __mulPow5InvDivPow2
 .text.__mulPow5divPow2
                0x0200bca2       0x24 /opt/wonderful/toolchain/gcc-arm-none-eabi/lib/gcc/arm-none-eabi/13.2.0/../../../../arm-none-eabi/lib/thumb/arm7tdmi/libc.a(libc_tinystdio_ryu_divpow2.c.o)
                0x0200bca2                __mulPow5divPow2
 *fill*         0x0200bcc6        0x2 ff
 .text.__log10Pow2
                0x0200bcc8        0xc /opt/wonderful/toolchain/gcc-arm-none-eabi/lib/gcc/arm-none-eabi/13.2.0/../../../../arm-none-eabi/lib/thumb/arm7tdmi/libc.a(libc_tinystdio_ryu_log10.c.o)
                0x0200bcc8                __log10Pow2
 .text.__log10Pow5
                0x0200bcd4        0xc /opt/wonderful/toolchain/gcc-arm-none-eabi/lib/gcc/arm-none-eabi/13.2.0/../../../../arm-none-eabi/lib/thumb/arm7tdmi/libc.a(libc_tinystdio_ryu_log10.c.o)
                0x0200bcd4                __log10Pow5
 .text.__log2pow5
                0x0200bce0        0xc /opt/wonderful/toolchain/gcc-arm-none-eabi/lib/gcc/arm-none-eabi/13.2.0/../../../../arm-none-eabi/lib/thumb/arm7tdmi/libc.a(libc_tinystdio_ryu_log2pow5.c.o)
                0x0200bce0                __log2pow5
 .text.__ceil_log2pow5
                0x0200bcec       0x10 /opt/wonderful/toolchain/gcc-arm-none-eabi/lib/gcc/arm-none-eabi/13.2.0/../../../../arm-none-eabi/lib/thumb/arm7tdmi/libc.a(libc_tinystdio_ryu_log2pow5.c.o)
                0x0200bcec                __ceil_log2pow5
 .text.__pow5bits
                0x0200bcfc       0x10 /opt/wonderful/toolchain/gcc-arm-none-eabi/lib/gcc/arm-none-eabi/13.2.0/../../../../arm-none-eabi/lib/thumb/arm7tdmi/libc.a(libc_tinystdio_ryu_pow5bits.c.o)
                0x0200bcfc                __pow5bits
 .text.__pow5Factor
                0x0200bd0c       0x30 /opt/wonderful/toolchain/gcc-arm-none-eabi/lib/gcc/arm-none-eabi/13.2.0/../../../../arm-none-eabi/lib/thumb/arm7tdmi/libc.a(libc_tinystdio_ryu_table.c.o)
                0x0200bd0c                __pow5Factor
 .text.__double_computePow5
                0x0200bd3c      0x100 /opt/wonderful/toolchain/gcc-arm-none-eabi/lib/gcc/arm-none-eabi/13.2.0/../../../../arm-none-eabi/lib/thumb/arm7tdmi/libc.a(libc_tinystdio_ryu_table.c.o)
                0x0200bd3c                __double_computePow5
 .text.__double_computeInvPow5
                0x0200be3c      0x104 /opt/wonderful/toolchain/gcc-arm-none-eabi/lib/gcc/arm-none-eabi/13.2.0/../../../../arm-none-eabi/lib/thumb/arm7tdmi/libc.a(libc_tinystdio_ryu_table.c.o)
                0x0200be3c                __double_computeInvPow5
 .text.__umul128
                0x0200bf40       0x74 /opt/wonderful/toolchain/gcc-arm-none-eabi/lib/gcc/arm-none-eabi/13.2.0/../../../../arm-none-eabi/lib/thumb/arm7tdmi/libc.a(libc_tinystdio_ryu_umul128.c.o)
                0x0200bf40                __umul128
 .text.__shiftright128
                0x0200bfb4       0x2c /opt/wonderful/toolchain/gcc-arm-none-eabi/lib/gcc/arm-none-eabi/13.2.0/../../../../arm-none-eabi/lib/thumb/arm7tdmi/libc.a(libc_tinystdio_ryu_umul128.c.o)
                0x0200bfb4                __shiftright128
 .text.__picolibc_non_atomic_exchange_ungetc
                0x0200bfe0        0x8 /opt/wonderful/toolchain/gcc-arm-none-eabi/lib/gcc/arm-none-eabi/13.2.0/../../../../arm-none-eabi/lib/thumb/arm7tdmi/libc.a(libc_tinystdio_exchange.c.o)
                0x0200bfe0                __atomic_exchange_ungetc
                0x0200bfe0                __picolibc_non_atomic_exchange_ungetc
 .text.__libc_fini_array
                0x0200bfe8       0x3c /opt/wonderful/toolchain/gcc-arm-none-eabi/lib/gcc/arm-none-eabi/13.2.0/../../../../arm-none-eabi/lib/thumb/arm7tdmi/libc.a(libc_misc_fini.c.o)
                0x0200bfe8                __libc_fini_array
 .text.getenv   0x0200c024        0xe /opt/wonderful/toolchain/gcc-arm-none-eabi/lib/gcc/arm-none-eabi/13.2.0/../../../../arm-none-eabi/lib/thumb/arm7tdmi/libc.a(libc_stdlib_getenv.c.o)
                0x0200c024                getenv
 *fill*         0x0200c032        0x2 ff
 .text._findenv
                0x0200c034       0x80 /opt/wonderful/toolchain/gcc-arm-none-eabi/lib/gcc/arm-none-eabi/13.2.0/../../../../arm-none-eabi/lib/thumb/arm7tdmi/libc.a(libc_stdlib_getenv_r.c.o)
                0x0200c034                _findenv
 .text.strnlen  0x0200c0b4       0x16 /opt/wonderful/toolchain/gcc-arm-none-eabi/lib/gcc/arm-none-eabi/13.2.0/../../../../arm-none-eabi/lib/thumb/arm7tdmi/libc.a(libc_string_strnlen.c.o)
                0x0200c0b4                strnlen
 *fill*         0x0200c0ca        0x2 ff
 .text.__gettzinfo
                0x0200c0cc        0x8 /opt/wonderful/toolchain/gcc-arm-none-eabi/lib/gcc/arm-none-eabi/13.2.0/../../../../arm-none-eabi/lib/thumb/arm7tdmi/libc.a(libc_time_gettzinfo.c.o)
                0x0200c0cc                __gettzinfo
 .text.gmtime_r
                0x0200c0d4      0x1ac /opt/wonderful/toolchain/gcc-arm-none-eabi/lib/gcc/arm-none-eabi/13.2.0/../../../../arm-none-eabi/lib/thumb/arm7tdmi/libc.a(libc_time_gmtime_r.c.o)
                0x0200c0d4                gmtime_r
 .text.__dtox_engine
                0x0200c280      0x140 /opt/wonderful/toolchain/gcc-arm-none-eabi/lib/gcc/arm-none-eabi/13.2.0/../../../../arm-none-eabi/lib/thumb/arm7tdmi/libc.a(libc_tinystdio_dtox_engine.c.o)
                0x0200c280                __dtox_engine
 .text.fgetc    0x0200c3c0       0x48 /opt/wonderful/toolchain/gcc-arm-none-eabi/lib/gcc/arm-none-eabi/13.2.0/../../../../arm-none-eabi/lib/thumb/arm7tdmi/libc.a(libc_tinystdio_fgetc.c.o)
                0x0200c3c0                getc
                0x0200c3c0                fgetc
 .text.__file_str_get
                0x0200c408       0x16 /opt/wonderful/toolchain/gcc-arm-none-eabi/lib/gcc/arm-none-eabi/13.2.0/../../../../arm-none-eabi/lib/thumb/arm7tdmi/libc.a(libc_tinystdio_filestrget.c.o)
                0x0200c408                __file_str_get
 .text.fputc    0x0200c41e       0x34 /opt/wonderful/toolchain/gcc-arm-none-eabi/lib/gcc/arm-none-eabi/13.2.0/../../../../arm-none-eabi/lib/thumb/arm7tdmi/libc.a(libc_tinystdio_fputc.c.o)
                0x0200c41e                putc
                0x0200c41e                fputc
 .text.ungetc   0x0200c452       0x3a /opt/wonderful/toolchain/gcc-arm-none-eabi/lib/gcc/arm-none-eabi/13.2.0/../../../../arm-none-eabi/lib/thumb/arm7tdmi/libc.a(libc_tinystdio_ungetc.c.o)
                0x0200c452                ungetc
 .text.__picolibc_non_atomic_compare_exchange_ungetc
                0x0200c48c       0x16 /opt/wonderful/toolchain/gcc-arm-none-eabi/lib/gcc/arm-none-eabi/13.2.0/../../../../arm-none-eabi/lib/thumb/arm7tdmi/libc.a(libc_tinystdio_compare_exchange.c.o)
                0x0200c48c                __picolibc_non_atomic_compare_exchange_ungetc
                0x0200c48c                __atomic_compare_exchange_ungetc
 *fill*         0x0200c4a2        0x2 ff
 .text.gettimeofday
                0x0200c4a4       0x1c /opt/wonderful/thirdparty/blocksds/core/libs/libnds/lib/libnds9.a(syscalls.c.o)
                0x0200c4a4                gettimeofday
 .text.gettimeofday.__stub
                0x0200c4c0      0x100 linker stubs
 *(EXCLUDE_FILE(*.twl*) .gnu.warning)
 *(EXCLUDE_FILE(*.twl*) .gnu.linkonce.t*)
 *(.glue_7)
 .glue_7        0x0200c5d8        0x0 linker stubs
 *(.glue_7t)
 .glue_7t       0x0200c5d8        0x0 linker stubs
                0x0200c5d8                        . = ALIGN (0x4)

.vfp11_veneer   0x0200c5d8        0x0
 .vfp11_veneer  0x0200c5d8        0x0 linker stubs

.v4_bx          0x0200c5d8        0x0
 .v4_bx         0x0200c5d8        0x0 linker stubs

.iplt           0x0200c5d8        0x0
 .iplt          0x0200c5d8        0x0 build/source/main.c.o

.fini
 *(.fini)
                0x0200c5d8                        __text_end = .

.rodata         0x0200c5d8      0xaa4
 *(EXCLUDE_FILE(*.twl*) .rodata)
 .rodata        0x0200c5d8       0x14 /opt/wonderful/thirdparty/blocksds/core/libs/libnds/lib/libnds9.a(fatfs.c.o)
 .rodata        0x0200c5ec       0x18 /opt/wonderful/toolchain/gcc-arm-none-eabi/lib/gcc/arm-none-eabi/13.2.0/../../../../arm-none-eabi/lib/thumb/arm7tdmi/libc.a(libc_time_month_lengths.c.o)
                0x0200c5ec                __month_lengths
 .rodata        0x0200c604        0xb /opt/wonderful/toolchain/gcc-arm-none-eabi/lib/gcc/arm-none-eabi/13.2.0/../../../../arm-none-eabi/lib/thumb/arm7tdmi/libc.a(libc_tinystdio_vfscanf.c.o)
 *fill*         0x0200c60f        0x1 ff
 .rodata        0x0200c610      0x338 /opt/wonderful/toolchain/gcc-arm-none-eabi/lib/gcc/arm-none-eabi/13.2.0/../../../../arm-none-eabi/lib/thumb/arm7tdmi/libc.a(libc_tinystdio_ryu_table.c.o)
 *all.rodata*(*)
 *(EXCLUDE_FILE(*.twl*) .roda)
 *(EXCLUDE_FILE(*.twl*) .rodata.*)
 .rodata.main.str1.4
                0x0200c948      0x164 build/source/main.c.o
                                 0x74 (size before relaxing)
 .rodata.getRPM.str1.4
                0x0200caac        0x6 build/source/obd.c.o
 .rodata.initOBD.str1.4
                0x0200caac       0x9e build/source/obd.c.o
 .rodata.Wifi_AssocStatus
                0x0200caac       0x14 /opt/wonderful/thirdparty/blocksds/core/libs/dswifi/lib/libdswifi9.a(wifi_arm9.c.o)
 .rodata.sgIP_DHCP_Init.str1.4
                0x0200cac0        0xb /opt/wonderful/thirdparty/blocksds/core/libs/dswifi/lib/libdswifi9.a(sgIP_DHCP.c.o)
 .rodata.sgIP_DHCP_BeginDgram.str1.4
                0x0200cac0        0x9 /opt/wonderful/thirdparty/blocksds/core/libs/dswifi/lib/libdswifi9.a(sgIP_DHCP.c.o)
 .rodata.sgIP_TCP_Timer
                0x0200cac0       0x24 /opt/wonderful/thirdparty/blocksds/core/libs/dswifi/lib/libdswifi9.a(sgIP_TCP.c.o)
 .rodata.sgIP_TCP_ReceivePacket
                0x0200cae4       0x48 /opt/wonderful/thirdparty/blocksds/core/libs/dswifi/lib/libdswifi9.a(sgIP_TCP.c.o)
 .rodata.con_write.str1.4
                0x0200cb2c       0x30 /opt/wonderful/thirdparty/blocksds/core/libs/libnds/lib/libnds9.a(console.c.o)
 .rodata.con_write
                0x0200cb2c       0xd4 /opt/wonderful/thirdparty/blocksds/core/libs/libnds/lib/libnds9.a(console.c.o)
 .rodata.stderr
                0x0200cc00        0x4 /opt/wonderful/thirdparty/blocksds/core/libs/libnds/lib/libnds9.a(iob.c.o)
                0x0200cc00                stderr
 .rodata.stdout
                0x0200cc04        0x4 /opt/wonderful/thirdparty/blocksds/core/libs/libnds/lib/libnds9.a(iob.c.o)
                0x0200cc04                stdout
 .rodata.default_fontTiles
                0x0200cc08      0x300 /opt/wonderful/thirdparty/blocksds/core/libs/libnds/lib/libnds9.a(default_font.png.o)
                0x0200cc08                default_fontTiles
 .rodata.SIN_LUT
                0x0200cf08      0x102 /opt/wonderful/thirdparty/blocksds/core/libs/libnds/lib/libnds9.a(trig.c.o)
                0x0200cf08                SIN_LUT
 .rodata.str1.1
                0x0200d00a       0x70 /opt/wonderful/toolchain/gcc-arm-none-eabi/lib/gcc/arm-none-eabi/13.2.0/../../../../arm-none-eabi/lib/thumb/arm7tdmi/libc.a(libc_time_tzset.c.o)
                                 0x61 (size before relaxing)
 .rodata.str1.1
                0x0200d07a        0x4 /opt/wonderful/toolchain/gcc-arm-none-eabi/lib/gcc/arm-none-eabi/13.2.0/../../../../arm-none-eabi/lib/thumb/arm7tdmi/libc.a(libc_time_tzvars.c.o)
 .rodata.str1.1
                0x0200d07a        0xf /opt/wonderful/toolchain/gcc-arm-none-eabi/lib/gcc/arm-none-eabi/13.2.0/../../../../arm-none-eabi/lib/thumb/arm7tdmi/libc.a(libc_tinystdio_vfprintf.c.o)
 .rodata.str1.1
                0x0200d07a       0x13 /opt/wonderful/toolchain/gcc-arm-none-eabi/lib/gcc/arm-none-eabi/13.2.0/../../../../arm-none-eabi/lib/thumb/arm7tdmi/libc.a(libc_tinystdio_vfscanf.c.o)
 *(EXCLUDE_FILE(*.twl*) .gnu.linkonce.r*)
                0x0200d090                        . = ALIGN (0x4)
 *fill*         0x0200d07a        0x2 ff

.ARM.extab
 *(.ARM.extab* .gnu.linkonce.armextab.*)
                0x0200d07c                        __exidx_start = .

ARM.exidx       0x0200d07c        0x8
 *(.ARM.exidx* .gnu.linkonce.armexidx.*)
 .ARM.exidx     0x0200d07c        0x8 /opt/wonderful/toolchain/gcc-arm-none-eabi/lib/gcc/arm-none-eabi/13.2.0/thumb/arm7tdmi/libgcc.a(_udivmoddi4.o)
                0x0200d084                        __exidx_end = .
                0x0200d084                        . = ALIGN (0x4)
                0x0200d084                        PROVIDE (__preinit_array_start = .)

.preinit_array
 *(.preinit_array)
                0x0200d084                        PROVIDE (__preinit_array_end = .)
                0x0200d084                        PROVIDE (__init_array_start = .)

.init_array
 *(SORT_BY_NAME(.init_array.*))
 *(.init_array)
                0x0200d084                        PROVIDE (__init_array_end = .)
                0x0200d084                        PROVIDE (__fini_array_start = .)

.fini_array
 *(.fini_array)
 *(SORT_BY_NAME(.fini_array.*))
                0x0200d084                        PROVIDE (__fini_array_end = .)

.ctors          0x0200d084        0x0
 *crtbegin.o(.ctors)
 *(EXCLUDE_FILE(*crtend.o) .ctors)
 *(SORT_BY_NAME(.ctors.*))
 *(.ctors)
                0x0200d084                        . = ALIGN (0x4)

.dtors          0x0200d084        0x0
 *crtbegin.o(.dtors)
 *(EXCLUDE_FILE(*crtend.o) .dtors)
 *(SORT_BY_NAME(.dtors.*))
 *(.dtors)
                0x0200d084                        . = ALIGN (0x4)

.eh_frame       0x0200d084        0x0
 *(.eh_frame)
                0x0200d084                        . = ALIGN (0x4)

.gcc_except_table
                0x0200d084        0x0
 *(.gcc_except_table)
                0x0200d084                        . = ALIGN (0x4)

.jcr
 *(.jcr)

.got            0x0200d084       0x10
 *(.got.plt)
 .got.plt       0x0200d084        0xc build/source/main.c.o
                0x0200d084                _GLOBAL_OFFSET_TABLE_
 *(.got)
 .got           0x0200d090        0x4 build/source/main.c.o
 *(.rel.got)
 .rel.got       0x0200d094        0x0 build/source/main.c.o

.ewram          0x0200d094        0x0
                0x0200d094                        __ewram_start = ABSOLUTE (.)
 *(.ewram)
 *ewram.*(.text)
                0x0200d094                        . = ALIGN (0x4)

.data           0x0200d094      0x540
                0x0200d094                        __data_start = ABSOLUTE (.)
 *(EXCLUDE_FILE(*.twl*) .data)
 .data          0x0200d094       0x28 /opt/wonderful/thirdparty/blocksds/core/libs/libnds/lib/libnds9.a(mpu_setup.s.o)
 .data          0x0200d0bc      0x410 /opt/wonderful/toolchain/gcc-arm-none-eabi/lib/gcc/arm-none-eabi/13.2.0/../../../../arm-none-eabi/lib/thumb/arm7tdmi/libc.a(malloc-malloc.c.o)
                0x0200d0bc                __malloc_sbrk_base
                0x0200d0c0                __malloc_trim_threshold
                0x0200d0c4                __malloc_av_
 .data          0x0200d4cc        0x8 /opt/wonderful/toolchain/gcc-arm-none-eabi/lib/gcc/arm-none-eabi/13.2.0/../../../../arm-none-eabi/lib/thumb/arm7tdmi/libc.a(libc_time_tzvars.c.o)
                0x0200d4cc                _tzname
 .data          0x0200d4d4        0x4 /opt/wonderful/toolchain/gcc-arm-none-eabi/lib/gcc/arm-none-eabi/13.2.0/../../../../arm-none-eabi/lib/thumb/arm7tdmi/libc.a(libc_stdlib_environ.c.o)
                0x0200d4d4                environ
 *(EXCLUDE_FILE(*.twl*) .data.*)
 .data.count    0x0200d4d8        0x1 /opt/wonderful/thirdparty/blocksds/core/libs/libnds/lib/libnds9.a(keys.c.o)
 .data.repeat   0x0200d4d9        0x1 /opt/wonderful/thirdparty/blocksds/core/libs/libnds/lib/libnds9.a(keys.c.o)
 .data.delay    0x0200d4da        0x1 /opt/wonderful/thirdparty/blocksds/core/libs/libnds/lib/libnds9.a(keys.c.o)
 *fill*         0x0200d4db        0x1 ff
 .data.latchedArm7Buttons
                0x0200d4dc        0x2 /opt/wonderful/thirdparty/blocksds/core/libs/libnds/lib/libnds9.a(keys.c.o)
 .data.receivedArm7Buttons
                0x0200d4de        0x2 /opt/wonderful/thirdparty/blocksds/core/libs/libnds/lib/libnds9.a(keys.c.o)
 .data.firstConsoleInit.0
                0x0200d4e0        0x1 /opt/wonderful/thirdparty/blocksds/core/libs/libnds/lib/libnds9.a(console.c.o)
 *fill*         0x0200d4e1        0x3 ff
 .data.currentConsole
                0x0200d4e4        0x4 /opt/wonderful/thirdparty/blocksds/core/libs/libnds/lib/libnds9.a(console.c.o)
                0x0200d4e4                currentConsole
 .data.defaultConsole
                0x0200d4e8       0x5c /opt/wonderful/thirdparty/blocksds/core/libs/libnds/lib/libnds9.a(console.c.o)
                0x0200d4e8                defaultConsole
 .data.__stderr
                0x0200d544       0x10 /opt/wonderful/thirdparty/blocksds/core/libs/libnds/lib/libnds9.a(iob.c.o)
 .data.__stdout
                0x0200d554       0x10 /opt/wonderful/thirdparty/blocksds/core/libs/libnds/lib/libnds9.a(iob.c.o)
 .data.fifo_freewords
                0x0200d564        0x4 /opt/wonderful/thirdparty/blocksds/core/libs/libnds/lib/libnds9.a(fifosystem.c.o)
 .data.fifo_receive_queue
                0x0200d568        0x4 /opt/wonderful/thirdparty/blocksds/core/libs/libnds/lib/libnds9.a(fifosystem.c.o)
 .data.fifo_send_queue
                0x0200d56c        0x4 /opt/wonderful/thirdparty/blocksds/core/libs/libnds/lib/libnds9.a(fifosystem.c.o)
 .data.fifo_buffer_free
                0x0200d570        0x4 /opt/wonderful/thirdparty/blocksds/core/libs/libnds/lib/libnds9.a(fifosystem.c.o)
 .data.bgTransform
                0x0200d574       0x20 /opt/wonderful/thirdparty/blocksds/core/libs/libnds/lib/libnds9.a(background.c.o)
                0x0200d574                bgTransform
 .data.bgScrollTable
                0x0200d594       0x20 /opt/wonderful/thirdparty/blocksds/core/libs/libnds/lib/libnds9.a(background.c.o)
                0x0200d594                bgScrollTable
 .data.bgControl
                0x0200d5b4       0x20 /opt/wonderful/thirdparty/blocksds/core/libs/libnds/lib/libnds9.a(background.c.o)
                0x0200d5b4                bgControl
 *(EXCLUDE_FILE(*.twl*) .gnu.linkonce.d*)
                0x0200d5d4                        . = ALIGN (0x4)

.igot.plt       0x0200d5d4        0x0
 .igot.plt      0x0200d5d4        0x0 build/source/main.c.o

.tdata          0x0200d5d4        0x0
                0x0200d5d4                        __tdata_start = ABSOLUTE (.)
 *(.tdata .tdata.* .gnu.linkonce.td.*)
                0x0200d5d4                        . = ALIGN (0x4)
                0x0200d5d4                        __tdata_end = ABSOLUTE (.)
                0x0200d5d4                        __data_end = .
                0x00000000                        __tdata_size = (__tdata_end - __tdata_start)

.tbss           0x0200d5d4       0x28
                0x0200d5d4                        __tbss_start = ABSOLUTE (.)
 *(.tbss .tbss.* .gnu.linkonce.tb.*)
 .tbss          0x0200d5d4        0x4 /opt/wonderful/toolchain/gcc-arm-none-eabi/lib/gcc/arm-none-eabi/13.2.0/../../../../arm-none-eabi/lib/thumb/arm7tdmi/libc.a(libc_errno_errno.c.o)
                0x0200d5d4                errno
 .tbss          0x0200d5d8       0x24 /opt/wonderful/toolchain/gcc-arm-none-eabi/lib/gcc/arm-none-eabi/13.2.0/../../../../arm-none-eabi/lib/thumb/arm7tdmi/libc.a(libc_time_lcltime_buf.c.o)
                0x0200d5d8                _localtime_buf
 *(.tcommon)
                0x0200d5fc                        . = ALIGN (0x4)
                0x0200d5fc                        __tbss_end = ABSOLUTE (.)
                0x00000028                        __tbss_size = (__tbss_end - __tbss_start)
                0x0200d5d4                        __bss_vma = .

.dtcm           0x02ff0000        0x0 load address 0x0200d5d4
                0x0200d5d4                        __dtcm_lma = LOADADDR (.dtcm)
                0x02ff0000                        __dtcm_start = ABSOLUTE (.)
 *(.dtcm)
 *(.dtcm.*)
                0x02ff0000                        . = ALIGN (0x4)
                0x02ff0000                        __dtcm_end = ABSOLUTE (.)

.itcm           0x01000100      0x26c load address 0x0200d5d4
                0x0200d5d4                        __itcm_lma = LOADADDR (.itcm)
                0x01000100                        __itcm_start = ABSOLUTE (.)
 *(.itcm)
 *(.itcm.*)
 .itcm.data     0x01000100      0x100 /opt/wonderful/thirdparty/blocksds/core/libs/libnds/lib/libnds9.a(interrupts.c.o)
                0x01000100                irqTable
 .itcm.text     0x01000200       0x3c /opt/wonderful/thirdparty/blocksds/core/libs/libnds/lib/libnds9.a(threads.c.o)
                0x01000200                cothread_scheduler_refresh_irq_flags
 .itcm.setCpuClock
                0x0100023c       0x50 /opt/wonderful/thirdparty/blocksds/core/libs/libnds/lib/libnds9.a(cpu_clock.s.o)
                0x0100023c                setCpuClock
 .itcm.IntrMain
                0x0100028c       0xe0 /opt/wonderful/thirdparty/blocksds/core/libs/libnds/lib/libnds9.a(interruptDispatcher.s.o)
                0x0100028c                IntrMain
 *.itcm*(.text .stub .text.*)
                0x0100036c                        . = ALIGN (0x4)
                0x0100036c                        __itcm_end = ABSOLUTE (.)

.vectors        0x01000000        0x0 load address 0x0200d840
                0x0200d840                        __vectors_lma = LOADADDR (.vectors)
                0x01000000                        __vectors_start = ABSOLUTE (.)
 *(.vectors .vectors.*)
                0x01000000                        . = ALIGN (0x4)
                0x01000000                        __vectors_end = ABSOLUTE (.)

.sbss           0x02ff0000        0x4
                0x02ff0000                        __sbss_start = ABSOLUTE (.)
                0x02ff0000                        __sbss_start__ = ABSOLUTE (.)
 *(.sbss)
 .sbss          0x02ff0000        0x4 /opt/wonderful/thirdparty/blocksds/core/libs/libnds/lib/libnds9.a(threads.c.o)
                0x02ff0000                cothread_irq_flags
                0x02ff0004                        . = ALIGN (0x4)
                0x02ff0004                        __sbss_end = ABSOLUTE (.)

.bss            0x0200d5d4     0x1c60
                0x0200d5d4                        __bss_start = ABSOLUTE (.)
                0x0200d5d4                        __bss_start__ = ABSOLUTE (.)
 *(EXCLUDE_FILE(*.twl*) .dynbss)
 *(EXCLUDE_FILE(*.twl*) .gnu.linkonce.b*)
 *(EXCLUDE_FILE(*.twl*) .bss*)
 .bss.wifi_connect_point
                0x0200d5d4       0x58 /opt/wonderful/thirdparty/blocksds/core/libs/dswifi/lib/libdswifi9.a(wifi_arm9.c.o)
                0x0200d5d4                wifi_connect_point
 .bss.wifi_connect_state
                0x0200d62c        0x4 /opt/wonderful/thirdparty/blocksds/core/libs/dswifi/lib/libdswifi9.a(wifi_arm9.c.o)
                0x0200d62c                wifi_connect_state
 .bss.synchandler
                0x0200d630        0x4 /opt/wonderful/thirdparty/blocksds/core/libs/dswifi/lib/libdswifi9.a(wifi_arm9.c.o)
                0x0200d630                synchandler
 .bss.packethandler
                0x0200d634        0x4 /opt/wonderful/thirdparty/blocksds/core/libs/dswifi/lib/libdswifi9.a(wifi_arm9.c.o)
                0x0200d634                packethandler
 .bss.WifiData  0x0200d638        0x4 /opt/wonderful/thirdparty/blocksds/core/libs/dswifi/lib/libdswifi9.a(wifi_arm9.c.o)
                0x0200d638                WifiData
 .bss.Wifi_Data_Struct
                0x0200d63c        0x4 /opt/wonderful/thirdparty/blocksds/core/libs/dswifi/lib/libdswifi9.a(wifi_arm9.c.o)
                0x0200d63c                Wifi_Data_Struct
 .bss.wHeapFirst
                0x0200d640        0x4 /opt/wonderful/thirdparty/blocksds/core/libs/dswifi/lib/libdswifi9.a(wifi_arm9.c.o)
                0x0200d640                wHeapFirst
 .bss.wHeapStart
                0x0200d644        0x4 /opt/wonderful/thirdparty/blocksds/core/libs/dswifi/lib/libdswifi9.a(wifi_arm9.c.o)
                0x0200d644                wHeapStart
 .bss.wifi_hw   0x0200d648        0x4 /opt/wonderful/thirdparty/blocksds/core/libs/dswifi/lib/libdswifi9.a(wifi_arm9.c.o)
                0x0200d648                wifi_hw
 .bss.socketlist
                0x0200d64c      0x100 /opt/wonderful/thirdparty/blocksds/core/libs/dswifi/lib/libdswifi9.a(sgIP_sockets.c.o)
                0x0200d64c                socketlist
 .bss.dhcp_serverip
                0x0200d74c        0x4 /opt/wonderful/thirdparty/blocksds/core/libs/dswifi/lib/libdswifi9.a(sgIP_DHCP.c.o)
                0x0200d74c                dhcp_serverip
 .bss.dhcp_rcvd_dns
                0x0200d750        0xc /opt/wonderful/thirdparty/blocksds/core/libs/dswifi/lib/libdswifi9.a(sgIP_DHCP.c.o)
                0x0200d750                dhcp_rcvd_dns
 .bss.dhcp_rcvd_snmask
                0x0200d75c        0x4 /opt/wonderful/thirdparty/blocksds/core/libs/dswifi/lib/libdswifi9.a(sgIP_DHCP.c.o)
                0x0200d75c                dhcp_rcvd_snmask
 .bss.dhcp_rcvd_gateway
                0x0200d760        0x4 /opt/wonderful/thirdparty/blocksds/core/libs/dswifi/lib/libdswifi9.a(sgIP_DHCP.c.o)
                0x0200d760                dhcp_rcvd_gateway
 .bss.dhcp_rcvd_ip
                0x0200d764        0x4 /opt/wonderful/thirdparty/blocksds/core/libs/dswifi/lib/libdswifi9.a(sgIP_DHCP.c.o)
                0x0200d764                dhcp_rcvd_ip
 .bss.dhcp_state
                0x0200d768        0x4 /opt/wonderful/thirdparty/blocksds/core/libs/dswifi/lib/libdswifi9.a(sgIP_DHCP.c.o)
                0x0200d768                dhcp_state
 .bss.dhcp_status
                0x0200d76c        0x4 /opt/wonderful/thirdparty/blocksds/core/libs/dswifi/lib/libdswifi9.a(sgIP_DHCP.c.o)
                0x0200d76c                dhcp_status
 .bss.dhcp_requestDNS
                0x0200d770        0x4 /opt/wonderful/thirdparty/blocksds/core/libs/dswifi/lib/libdswifi9.a(sgIP_DHCP.c.o)
                0x0200d770                dhcp_requestDNS
 .bss.dhcp_optionptr
                0x0200d774        0x4 /opt/wonderful/thirdparty/blocksds/core/libs/dswifi/lib/libdswifi9.a(sgIP_DHCP.c.o)
                0x0200d774                dhcp_optionptr
 .bss.dhcp_int  0x0200d778        0x4 /opt/wonderful/thirdparty/blocksds/core/libs/dswifi/lib/libdswifi9.a(sgIP_DHCP.c.o)
                0x0200d778                dhcp_int
 .bss.dhcp_p    0x0200d77c        0x4 /opt/wonderful/thirdparty/blocksds/core/libs/dswifi/lib/libdswifi9.a(sgIP_DHCP.c.o)
                0x0200d77c                dhcp_p
 .bss.dhcp_timelastaction
                0x0200d780        0x4 /opt/wonderful/thirdparty/blocksds/core/libs/dswifi/lib/libdswifi9.a(sgIP_DHCP.c.o)
                0x0200d780                dhcp_timelastaction
 .bss.dhcp_timestart
                0x0200d784        0x4 /opt/wonderful/thirdparty/blocksds/core/libs/dswifi/lib/libdswifi9.a(sgIP_DHCP.c.o)
                0x0200d784                dhcp_timestart
 .bss.dhcp_tid  0x0200d788        0x4 /opt/wonderful/thirdparty/blocksds/core/libs/dswifi/lib/libdswifi9.a(sgIP_DHCP.c.o)
                0x0200d788                dhcp_tid
 .bss.dhcp_hostname
                0x0200d78c       0x40 /opt/wonderful/thirdparty/blocksds/core/libs/dswifi/lib/libdswifi9.a(sgIP_DHCP.c.o)
                0x0200d78c                dhcp_hostname
 .bss.dhcp_socket
                0x0200d7cc        0x4 /opt/wonderful/thirdparty/blocksds/core/libs/dswifi/lib/libdswifi9.a(sgIP_DHCP.c.o)
                0x0200d7cc                dhcp_socket
 .bss.dnsrecords
                0x0200d7d0       0x40 /opt/wonderful/thirdparty/blocksds/core/libs/dswifi/lib/libdswifi9.a(sgIP_DNS.c.o)
                0x0200d7d0                dnsrecords
 .bss.time_count
                0x0200d810        0x4 /opt/wonderful/thirdparty/blocksds/core/libs/dswifi/lib/libdswifi9.a(sgIP_DNS.c.o)
                0x0200d810                time_count
 .bss.dns_sock  0x0200d814        0x4 /opt/wonderful/thirdparty/blocksds/core/libs/dswifi/lib/libdswifi9.a(sgIP_DNS.c.o)
                0x0200d814                dns_sock
 .bss.numsynlist
                0x0200d818        0x4 /opt/wonderful/thirdparty/blocksds/core/libs/dswifi/lib/libdswifi9.a(sgIP_TCP.c.o)
                0x0200d818                numsynlist
 .bss.synlist   0x0200d81c      0x800 /opt/wonderful/thirdparty/blocksds/core/libs/dswifi/lib/libdswifi9.a(sgIP_TCP.c.o)
                0x0200d81c                synlist
 .bss.lasttime  0x0200e01c        0x4 /opt/wonderful/thirdparty/blocksds/core/libs/dswifi/lib/libdswifi9.a(sgIP_TCP.c.o)
                0x0200e01c                lasttime
 .bss.port_counter
                0x0200e020        0x4 /opt/wonderful/thirdparty/blocksds/core/libs/dswifi/lib/libdswifi9.a(sgIP_TCP.c.o)
                0x0200e020                port_counter
 .bss.tcprecords
                0x0200e024        0x4 /opt/wonderful/thirdparty/blocksds/core/libs/dswifi/lib/libdswifi9.a(sgIP_TCP.c.o)
                0x0200e024                tcprecords
 .bss.udpport_counter
                0x0200e028        0x4 /opt/wonderful/thirdparty/blocksds/core/libs/dswifi/lib/libdswifi9.a(sgIP_UDP.c.o)
                0x0200e028                udpport_counter
 .bss.udprecords
                0x0200e02c        0x4 /opt/wonderful/thirdparty/blocksds/core/libs/dswifi/lib/libdswifi9.a(sgIP_UDP.c.o)
                0x0200e02c                udprecords
 .bss.HWInterfaces
                0x0200e030       0x30 /opt/wonderful/thirdparty/blocksds/core/libs/dswifi/lib/libdswifi9.a(sgIP_Hub.c.o)
                0x0200e030                HWInterfaces
 .bss.ProtocolInterfaces
                0x0200e060        0x8 /opt/wonderful/thirdparty/blocksds/core/libs/dswifi/lib/libdswifi9.a(sgIP_Hub.c.o)
                0x0200e060                ProtocolInterfaces
 .bss.NumProtocolInterfaces
                0x0200e068        0x4 /opt/wonderful/thirdparty/blocksds/core/libs/dswifi/lib/libdswifi9.a(sgIP_Hub.c.o)
                0x0200e068                NumProtocolInterfaces
 .bss.NumHWInterfaces
                0x0200e06c        0x4 /opt/wonderful/thirdparty/blocksds/core/libs/dswifi/lib/libdswifi9.a(sgIP_Hub.c.o)
                0x0200e06c                NumHWInterfaces
 .bss.ArpRecords
                0x0200e070      0x400 /opt/wonderful/thirdparty/blocksds/core/libs/dswifi/lib/libdswifi9.a(sgIP_ARP.c.o)
                0x0200e070                ArpRecords
 .bss.count_1000ms
                0x0200e470        0x4 /opt/wonderful/thirdparty/blocksds/core/libs/dswifi/lib/libdswifi9.a(sgIP.c.o)
                0x0200e470                count_1000ms
 .bss.count_100ms
                0x0200e474        0x4 /opt/wonderful/thirdparty/blocksds/core/libs/dswifi/lib/libdswifi9.a(sgIP.c.o)
                0x0200e474                count_100ms
 .bss.sgIP_timems
                0x0200e478        0x4 /opt/wonderful/thirdparty/blocksds/core/libs/dswifi/lib/libdswifi9.a(sgIP.c.o)
                0x0200e478                sgIP_timems
 .bss.idnum_count
                0x0200e47c        0x4 /opt/wonderful/thirdparty/blocksds/core/libs/dswifi/lib/libdswifi9.a(sgIP_IP.c.o)
                0x0200e47c                idnum_count
 .bss.keysrepeat
                0x0200e480        0x2 /opt/wonderful/thirdparty/blocksds/core/libs/libnds/lib/libnds9.a(keys.c.o)
 .bss.keysold   0x0200e482        0x2 /opt/wonderful/thirdparty/blocksds/core/libs/libnds/lib/libnds9.a(keys.c.o)
 .bss.keys      0x0200e484        0x2 /opt/wonderful/thirdparty/blocksds/core/libs/libnds/lib/libnds9.a(keys.c.o)
 *fill*         0x0200e486        0x2 
 .bss.latchedTouchPosition
                0x0200e488        0xc /opt/wonderful/thirdparty/blocksds/core/libs/libnds/lib/libnds9.a(keys.c.o)
 .bss.receivedTouchPosition
                0x0200e494        0xc /opt/wonderful/thirdparty/blocksds/core/libs/libnds/lib/libnds9.a(keys.c.o)
 .bss.punixTime
                0x0200e4a0        0x4 /opt/wonderful/thirdparty/blocksds/core/libs/libnds/lib/libnds9.a(initSystem.c.o)
                0x0200e4a0                punixTime
 .bss.__debugger_unit
                0x0200e4a4        0x1 /opt/wonderful/thirdparty/blocksds/core/libs/libnds/lib/libnds9.a(initSystem.c.o)
                0x0200e4a4                __debugger_unit
 .bss.__dsimode
                0x0200e4a5        0x1 /opt/wonderful/thirdparty/blocksds/core/libs/libnds/lib/libnds9.a(initSystem.c.o)
                0x0200e4a5                __dsimode
 *fill*         0x0200e4a6        0x2 
 .bss.libnds_stderr_write
                0x0200e4a8        0x4 /opt/wonderful/thirdparty/blocksds/core/libs/libnds/lib/libnds9.a(console.c.o)
                0x0200e4a8                libnds_stderr_write
 .bss.libnds_stdout_write
                0x0200e4ac        0x4 /opt/wonderful/thirdparty/blocksds/core/libs/libnds/lib/libnds9.a(console.c.o)
                0x0200e4ac                libnds_stdout_write
 .bss.currentCopy
                0x0200e4b0       0x5c /opt/wonderful/thirdparty/blocksds/core/libs/libnds/lib/libnds9.a(console.c.o)
                0x0200e4b0                currentCopy
 .bss.selected_entry.0
                0x0200e50c        0x4 /opt/wonderful/thirdparty/blocksds/core/libs/libnds/lib/libnds9.a(cache.c.o)
 .bss.dldi_stub_space_sectors
                0x0200e510        0x4 /opt/wonderful/thirdparty/blocksds/core/libs/libnds/lib/libnds9.a(cache.c.o)
 .bss.cache_num_sectors
                0x0200e514        0x4 /opt/wonderful/thirdparty/blocksds/core/libs/libnds/lib/libnds9.a(cache.c.o)
 .bss.cache_mem
                0x0200e518        0x4 /opt/wonderful/thirdparty/blocksds/core/libs/libnds/lib/libnds9.a(cache.c.o)
 .bss.cache_entries
                0x0200e51c        0x4 /opt/wonderful/thirdparty/blocksds/core/libs/libnds/lib/libnds9.a(cache.c.o)
 .bss.stderr_buf_len
                0x0200e520        0x2 /opt/wonderful/thirdparty/blocksds/core/libs/libnds/lib/libnds9.a(iob.c.o)
 .bss.stdout_buf_len
                0x0200e522        0x2 /opt/wonderful/thirdparty/blocksds/core/libs/libnds/lib/libnds9.a(iob.c.o)
 .bss.stderr_buf
                0x0200e524       0x11 /opt/wonderful/thirdparty/blocksds/core/libs/libnds/lib/libnds9.a(iob.c.o)
 *fill*         0x0200e535        0x3 
 .bss.stdout_buf
                0x0200e538       0x11 /opt/wonderful/thirdparty/blocksds/core/libs/libnds/lib/libnds9.a(iob.c.o)
 *fill*         0x0200e549        0x3 
 .bss.fifo_mutex
                0x0200e54c       0x40 /opt/wonderful/thirdparty/blocksds/core/libs/libnds/lib/libnds9.a(fifosystem.c.o)
 .bss.processing
                0x0200e58c        0x4 /opt/wonderful/thirdparty/blocksds/core/libs/libnds/lib/libnds9.a(fifosystem.c.o)
 .bss.fifo_datamsg_data
                0x0200e590       0x40 /opt/wonderful/thirdparty/blocksds/core/libs/libnds/lib/libnds9.a(fifosystem.c.o)
 .bss.fifo_value32_data
                0x0200e5d0       0x40 /opt/wonderful/thirdparty/blocksds/core/libs/libnds/lib/libnds9.a(fifosystem.c.o)
 .bss.fifo_address_data
                0x0200e610       0x40 /opt/wonderful/thirdparty/blocksds/core/libs/libnds/lib/libnds9.a(fifosystem.c.o)
 .bss.fifo_datamsg_func
                0x0200e650       0x40 /opt/wonderful/thirdparty/blocksds/core/libs/libnds/lib/libnds9.a(fifosystem.c.o)
 .bss.fifo_value32_func
                0x0200e690       0x40 /opt/wonderful/thirdparty/blocksds/core/libs/libnds/lib/libnds9.a(fifosystem.c.o)
 .bss.fifo_address_func
                0x0200e6d0       0x40 /opt/wonderful/thirdparty/blocksds/core/libs/libnds/lib/libnds9.a(fifosystem.c.o)
 .bss.fifo_value32_queue
                0x0200e710       0x40 /opt/wonderful/thirdparty/blocksds/core/libs/libnds/lib/libnds9.a(fifosystem.c.o)
 .bss.fifo_data_queue
                0x0200e750       0x40 /opt/wonderful/thirdparty/blocksds/core/libs/libnds/lib/libnds9.a(fifosystem.c.o)
 .bss.fifo_address_queue
                0x0200e790       0x40 /opt/wonderful/thirdparty/blocksds/core/libs/libnds/lib/libnds9.a(fifosystem.c.o)
 .bss.fifo_buffer
                0x0200e7d0      0x800 /opt/wonderful/thirdparty/blocksds/core/libs/libnds/lib/libnds9.a(fifosystem.c.o)
 .bss.heap_start.0
                0x0200efd0        0x4 /opt/wonderful/thirdparty/blocksds/core/libs/libnds/lib/libnds9.a(sbrk.c.o)
 .bss.fake_heap_start
                0x0200efd4        0x4 /opt/wonderful/thirdparty/blocksds/core/libs/libnds/lib/libnds9.a(sbrk.c.o)
                0x0200efd4                fake_heap_start
 .bss.fake_heap_end
                0x0200efd8        0x4 /opt/wonderful/thirdparty/blocksds/core/libs/libnds/lib/libnds9.a(sbrk.c.o)
                0x0200efd8                fake_heap_end
 .bss.main_args
                0x0200efdc        0x8 /opt/wonderful/thirdparty/blocksds/core/libs/libnds/lib/libnds9.a(threads.c.o)
 .bss.__tls     0x0200efe4        0x4 /opt/wonderful/thirdparty/blocksds/core/libs/libnds/lib/libnds9.a(threads.c.o)
                0x0200efe4                __tls
 .bss.cothread_list
                0x0200efe8       0x1c /opt/wonderful/thirdparty/blocksds/core/libs/libnds/lib/libnds9.a(threads.c.o)
 .bss.cothread_active_thread
                0x0200f004        0x4 /opt/wonderful/thirdparty/blocksds/core/libs/libnds/lib/libnds9.a(threads.c.o)
 .bss.free_fn   0x0200f008        0x4 /opt/wonderful/thirdparty/blocksds/core/libs/libnds/lib/libnds9.a(threads.c.o)
 .bss.bgIsTextLut
                0x0200f00c        0x8 /opt/wonderful/thirdparty/blocksds/core/libs/libnds/lib/libnds9.a(background.c.o)
                0x0200f00c                bgIsTextLut
 .bss.bgState   0x0200f014      0x140 /opt/wonderful/thirdparty/blocksds/core/libs/libnds/lib/libnds9.a(background.c.o)
                0x0200f014                bgState
 .bss.SDcallback
                0x0200f154        0x4 /opt/wonderful/thirdparty/blocksds/core/libs/libnds/lib/libnds9.a(system.c.o)
 .bss.Mutex     0x0200f158        0xc /opt/wonderful/thirdparty/blocksds/core/libs/libnds/lib/libnds9.a(ffsystem.c.o)
 .bss.fs_io     0x0200f164        0x8 /opt/wonderful/thirdparty/blocksds/core/libs/libnds/lib/libnds9.a(diskio.c.o)
 .bss.fs_initialized
                0x0200f16c        0x2 /opt/wonderful/thirdparty/blocksds/core/libs/libnds/lib/libnds9.a(diskio.c.o)
 *fill*         0x0200f16e        0x2 
 .bss.__lock___libc_recursive_mutex
                0x0200f170       0x10 /opt/wonderful/thirdparty/blocksds/core/libs/libnds/lib/libnds9.a(locks.c.o)
                0x0200f170                __lock___libc_recursive_mutex
 .bss           0x0200f180       0x34 /opt/wonderful/toolchain/gcc-arm-none-eabi/lib/gcc/arm-none-eabi/13.2.0/../../../../arm-none-eabi/lib/thumb/arm7tdmi/libc.a(malloc-malloc.c.o)
                0x0200f180                __malloc_top_pad
                0x0200f184                __malloc_current_mallinfo
                0x0200f1ac                __malloc_max_sbrked_mem
                0x0200f1b0                __malloc_max_total_mem