Archive member included to satisfy reference by file (symbol)

/opt/wonderful/thirdparty/blocksds/core/libs/dswifi/lib/libdswifi9.a(wifi_arm9.c.o)
                              build/source/main.c.o (Wifi_DisableWifi)
/opt/wonderful/thirdparty/blocksds/core/libs/dswifi/lib/libdswifi9.a(sgIP_sockets.c.o)
                              build/source/main.c.o (socket)
/opt/wonderful/thirdparty/blocksds/core/libs/dswifi/lib/libdswifi9.a(sgIP_DHCP.c.o)
                              /opt/wonderful/thirdparty/blocksds/core/libs/dswifi/lib/libdswifi9.a(wifi_arm9.c.o) (sgIP_DHCP_Start)
/opt/wonderful/thirdparty/blocksds/core/libs/dswifi/lib/libdswifi9.a(sgIP_memblock.c.o)
                              /opt/wonderful/thirdparty/blocksds/core/libs/dswifi/lib/libdswifi9.a(wifi_arm9.c.o) (sgIP_memblock_allocHW)
/opt/wonderful/thirdparty/blocksds/core/libs/dswifi/lib/libdswifi9.a(sgIP_DNS.c.o)
                              /opt/wonderful/thirdparty/blocksds/core/libs/dswifi/lib/libdswifi9.a(sgIP_DHCP.c.o) (sgIP_DNS_FindDNSRecord)
/opt/wonderful/thirdparty/blocksds/core/libs/dswifi/lib/libdswifi9.a(sgIP_TCP.c.o)
                              /opt/wonderful/thirdparty/blocksds/core/libs/dswifi/lib/libdswifi9.a(sgIP_sockets.c.o) (sgIP_TCP_AllocRecord)
/opt/wonderful/thirdparty/blocksds/core/libs/dswifi/lib/libdswifi9.a(sgIP_UDP.c.o)
                              /opt/wonderful/thirdparty/blocksds/core/libs/dswifi/lib/libdswifi9.a(sgIP_sockets.c.o) (sgIP_UDP_AllocRecord)
/opt/wonderful/thirdparty/blocksds/core/libs/dswifi/lib/libdswifi9.a(sgIP_Hub.c.o)
                              /opt/wonderful/thirdparty/blocksds/core/libs/dswifi/lib/libdswifi9.a(wifi_arm9.c.o) (sgIP_Hub_AddHardwareInterface)
/opt/wonderful/thirdparty/blocksds/core/libs/dswifi/lib/libdswifi9.a(spinlock.s.o)
                              /opt/wonderful/thirdparty/blocksds/core/libs/dswifi/lib/libdswifi9.a(wifi_arm9.c.o) (SLasm_Acquire)
/opt/wonderful/thirdparty/blocksds/core/libs/dswifi/lib/libdswifi9.a(sgIP_ARP.c.o)
                              /opt/wonderful/thirdparty/blocksds/core/libs/dswifi/lib/libdswifi9.a(wifi_arm9.c.o) (sgIP_ARP_FlushInterface)
/opt/wonderful/thirdparty/blocksds/core/libs/dswifi/lib/libdswifi9.a(sgIP.c.o)
                              /opt/wonderful/thirdparty/blocksds/core/libs/dswifi/lib/libdswifi9.a(wifi_arm9.c.o) (sgIP_Init)
/opt/wonderful/thirdparty/blocksds/core/libs/dswifi/lib/libdswifi9.a(sgIP_IP.c.o)
                              /opt/wonderful/thirdparty/blocksds/core/libs/dswifi/lib/libdswifi9.a(sgIP.c.o) (sgIP_IP_ReceivePacket)
/opt/wonderful/thirdparty/blocksds/core/libs/dswifi/lib/libdswifi9.a(sgIP_ICMP.c.o)
                              /opt/wonderful/thirdparty/blocksds/core/libs/dswifi/lib/libdswifi9.a(sgIP_IP.c.o) (sgIP_ICMP_ReceivePacket)
/opt/wonderful/thirdparty/blocksds/core/libs/libnds/lib/libnds9.a(IntrWait.s.o)
                              build/source/main.c.o (swiWaitForVBlank)
/opt/wonderful/thirdparty/blocksds/core/libs/libnds/lib/libnds9.a(mpu_setup.s.o)
                              /opt/wonderful/thirdparty/blocksds/core/sys/crts/ds_arm9_crt0.o (__libnds_mpu_setup)
/opt/wonderful/thirdparty/blocksds/core/libs/libnds/lib/libnds9.a(cp15.s.o)
                              /opt/wonderful/thirdparty/blocksds/core/libs/dswifi/lib/libdswifi9.a(wifi_arm9.c.o) (CP15_CleanAndFlushDCache)
/opt/wonderful/thirdparty/blocksds/core/libs/libnds/lib/libnds9.a(memmove.s.o)
                              /opt/wonderful/thirdparty/blocksds/core/libs/dswifi/lib/libdswifi9.a(sgIP_TCP.c.o) (memmove)
/opt/wonderful/thirdparty/blocksds/core/libs/libnds/lib/libnds9.a(memcpy.s.o)
                              /opt/wonderful/thirdparty/blocksds/core/libs/libnds/lib/libnds9.a(memmove.s.o) (__aeabi_memcpy)
/opt/wonderful/thirdparty/blocksds/core/libs/libnds/lib/libnds9.a(memset.s.o)
                              /opt/wonderful/thirdparty/blocksds/core/libs/dswifi/lib/libdswifi9.a(wifi_arm9.c.o) (memset)
/opt/wonderful/thirdparty/blocksds/core/libs/libnds/lib/libnds9.a(aeabi_read_tp.s.o)
                              /opt/wonderful/thirdparty/blocksds/core/libs/dswifi/lib/libdswifi9.a(sgIP_sockets.c.o) (__aeabi_read_tp)
/opt/wonderful/thirdparty/blocksds/core/libs/libnds/lib/libnds9.a(securearea.c.o)
                              /opt/wonderful/thirdparty/blocksds/core/sys/crts/ds_arm9_crt0.o (__secure_area__)
/opt/wonderful/thirdparty/blocksds/core/libs/libnds/lib/libnds9.a(keys.c.o)
                              build/source/main.c.o (scanKeys)
/opt/wonderful/thirdparty/blocksds/core/libs/libnds/lib/libnds9.a(initSystem.c.o)
                              /opt/wonderful/thirdparty/blocksds/core/sys/crts/ds_arm9_crt0.o (initSystem)
/opt/wonderful/thirdparty/blocksds/core/libs/libnds/lib/libnds9.a(console.c.o)
                              build/source/main.c.o (consoleSelect)
/opt/wonderful/thirdparty/blocksds/core/libs/libnds/lib/libnds9.a(filesystem.c.o)
                              build/source/main.c.o (close)
[...]
Memory Configuration

Name             Origin             Length             Attributes
ewram            0x02000000         0x00380000
dtcm             0x02ff0000         0x00004000
vectors          0x01000000         0x00000100
itcm             0x01000100         0x00007f00
*default*        0x00000000         0xffffffff

Linker script and memory map

LOAD build/source/main.c.o
LOAD /opt/wonderful/thirdparty/blocksds/core/sys/crts/ds_arm9_crt0.o
START GROUP
LOAD /opt/wonderful/thirdparty/blocksds/external/nflib/lib/libnflib.a
LOAD /opt/wonderful/thirdparty/blocksds/core/libs/dswifi/lib/libdswifi9.a
LOAD /opt/wonderful/thirdparty/blocksds/core/libs/libnds/lib/libnds9.a
LOAD /opt/wonderful/toolchain/gcc-arm-none-eabi/lib/gcc/arm-none-eabi/13.2.0/../../../../arm-none-eabi/lib/thumb/arm7tdmi/libc.a
LOAD /opt/wonderful/toolchain/gcc-arm-none-eabi/lib/gcc/arm-none-eabi/13.2.0/../../../../arm-none-eabi/lib/thumb/arm7tdmi/libc.a
LOAD /opt/wonderful/toolchain/gcc-arm-none-eabi/lib/gcc/arm-none-eabi/13.2.0/thumb/arm7tdmi/libgcc.a
END GROUP
                0x02380000                        __ewram_end = (ORIGIN (ewram) + LENGTH (ewram))
                0x02380000                        __eheap_end = (ORIGIN (ewram) + LENGTH (ewram))
                0x02ff4000                        __dtcm_top = (ORIGIN (dtcm) + LENGTH (dtcm))
                0x02ff3ff8                        __irq_flags = (__dtcm_top - 0x8)
                0x02ff3ffc                        __irq_vector = (__dtcm_top - 0x4)
                0x02ff3f00                        __sp_svc = (__dtcm_top - 0x100)
                0x02ff3e00                        __sp_irq = (__sp_svc - 0x100)
                0x02ff3d00                        __sp_usr = (__sp_irq - 0x100)

.secure         0x02000000      0x800
 *(.secure)
 .secure        0x02000000      0x800 /opt/wonderful/thirdparty/blocksds/core/libs/libnds/lib/libnds9.a(securearea.c.o)
                0x02000000                __secure_area__

.crt0           0x02000800      0x314
                0x02000800                        __text_start = .
 *(.crt0)
 .crt0          0x02000800      0x314 /opt/wonderful/thirdparty/blocksds/core/sys/crts/ds_arm9_crt0.o
                0x02000800                _start
                0x02000b14                        . = ALIGN (0x4)
                0x00004000                        PROVIDE (__dldi_size = 0x4000)
                0x0000000e                        __dldi_log2_size = (LOG2CEIL ((__dldi_size + 0x1)) - 0x1)

.dldi           0x02000b14        0x0
                0x02000b14                        __dldi_start = .
 *(.dldi)
                0x02000b14                        . = ALIGN (0x4)
                0x02000b14                        __dldi_data_end = .
                0x02000b14                        __dldi_end = (__dldi_data_end > __dldi_start)?(__dldi_start + __dldi_size):__dldi_start
                0x02000b14                        . = __dldi_end
                0x02000b14                        . = ALIGN (0x4)

.plt
 *(.plt)

.init
 *(SORT_NONE(.init))

.text           0x02000b18     0xca60
 *(EXCLUDE_FILE(*.twl* *.vectors* *.itcm*) .text)
 .text          0x02000b18       0x5c /opt/wonderful/thirdparty/blocksds/core/libs/dswifi/lib/libdswifi9.a(spinlock.s.o)
                0x02000b18                SLasm_Acquire
                0x02000b4c                SLasm_Release
 .text          0x02000b74        0xe /opt/wonderful/toolchain/gcc-arm-none-eabi/lib/gcc/arm-none-eabi/13.2.0/../../../../arm-none-eabi/lib/thumb/arm7tdmi/libc.a(strlen.S.o)
                0x02000b74                strlen
 *fill*         0x02000b82        0x2 ff
 .text          0x02000b84       0x14 /opt/wonderful/toolchain/gcc-arm-none-eabi/lib/gcc/arm-none-eabi/13.2.0/thumb/arm7tdmi/libgcc.a(_thumb1_case_uqi.o)
                0x02000b84                __gnu_thumb1_case_uqi
 .text          0x02000b98       0x14 /opt/wonderful/toolchain/gcc-arm-none-eabi/lib/gcc/arm-none-eabi/13.2.0/thumb/arm7tdmi/libgcc.a(_thumb1_case_uhi.o)
                0x02000b98                __gnu_thumb1_case_uhi
 .text          0x02000bac      0x11c /opt/wonderful/toolchain/gcc-arm-none-eabi/lib/gcc/arm-none-eabi/13.2.0/thumb/arm7tdmi/libgcc.a(_udivsi3.o)
                0x02000bac                __udivsi3
                0x02000bac                __aeabi_uidiv
                0x02000ca8                __aeabi_uidivmod
 .text          0x02000cc8      0x150 /opt/wonderful/toolchain/gcc-arm-none-eabi/lib/gcc/arm-none-eabi/13.2.0/thumb/arm7tdmi/libgcc.a(_divsi3.o)
                0x02000cc8                __aeabi_idiv
                0x02000cc8                __divsi3
                0x02000df8                __aeabi_idivmod
 .text          0x02000e18        0x4 /opt/wonderful/toolchain/gcc-arm-none-eabi/lib/gcc/arm-none-eabi/13.2.0/thumb/arm7tdmi/libgcc.a(_dvmd_tls.o)
                0x02000e18                __aeabi_ldiv0
                0x02000e18                __aeabi_idiv0
 .text          0x02000e1c       0x18 /opt/wonderful/toolchain/gcc-arm-none-eabi/lib/gcc/arm-none-eabi/13.2.0/thumb/arm7tdmi/libgcc.a(_lshrdi3.o)
                0x02000e1c                __aeabi_llsr
                0x02000e1c                __lshrdi3
 .text          0x02000e34       0x1c /opt/wonderful/toolchain/gcc-arm-none-eabi/lib/gcc/arm-none-eabi/13.2.0/thumb/arm7tdmi/libgcc.a(_ashrdi3.o)
                0x02000e34                __ashrdi3
                0x02000e34                __aeabi_lasr
 .text          0x02000e50       0x18 /opt/wonderful/toolchain/gcc-arm-none-eabi/lib/gcc/arm-none-eabi/13.2.0/thumb/arm7tdmi/libgcc.a(_ashldi3.o)
                0x02000e50                __ashldi3
                0x02000e50                __aeabi_llsl
 .text          0x02000e68      0x424 /opt/wonderful/toolchain/gcc-arm-none-eabi/lib/gcc/arm-none-eabi/13.2.0/thumb/arm7tdmi/libgcc.a(_arm_addsubdf3.o)
                0x02000e68                __aeabi_drsub
                0x02000e70                __subdf3
                0x02000e70                __aeabi_dsub
                0x02000e74                __adddf3
                0x02000e74                __aeabi_dadd
                0x02001184                __aeabi_ui2d
                0x02001184                __floatunsidf
                0x020011a8                __floatsidf
                0x020011a8                __aeabi_i2d
                0x020011d0                __extendsfdf2
                0x020011d0                __aeabi_f2d
                0x02001218                __aeabi_ul2d
                0x02001218                __floatundidf
                0x0200122c                __aeabi_l2d
                0x0200122c                __floatdidf
 .text          0x0200128c       0xa0 /opt/wonderful/toolchain/gcc-arm-none-eabi/lib/gcc/arm-none-eabi/13.2.0/thumb/arm7tdmi/libgcc.a(_arm_truncdfsf2.o)
                0x0200128c                __aeabi_d2f
                0x0200128c                __truncdfsf2
 .text          0x0200132c       0x48 /opt/wonderful/toolchain/gcc-arm-none-eabi/lib/gcc/arm-none-eabi/13.2.0/thumb/arm7tdmi/libgcc.a(_clzsi2.o)
                0x0200132c                __clzsi2
 .text          0x02001374       0x28 /opt/wonderful/toolchain/gcc-arm-none-eabi/lib/gcc/arm-none-eabi/13.2.0/thumb/arm7tdmi/libgcc.a(_clzdi2.o)
                0x02001374                __clzdi2
 .text          0x0200139c       0xd4 /opt/wonderful/toolchain/gcc-arm-none-eabi/lib/gcc/arm-none-eabi/13.2.0/thumb/arm7tdmi/libgcc.a(_aeabi_ldivmod.o)
                0x0200139c                __aeabi_ldivmod
 .text          0x02001470       0x3c /opt/wonderful/toolchain/gcc-arm-none-eabi/lib/gcc/arm-none-eabi/13.2.0/thumb/arm7tdmi/libgcc.a(_aeabi_uldivmod.o)
                0x02001470                __aeabi_uldivmod
 .text          0x020014ac       0x64 /opt/wonderful/toolchain/gcc-arm-none-eabi/lib/gcc/arm-none-eabi/13.2.0/thumb/arm7tdmi/libgcc.a(_muldi3.o)
                0x020014ac                __aeabi_lmul
                0x020014ac                __muldi3
 .text          0x02001510      0x19c /opt/wonderful/toolchain/gcc-arm-none-eabi/lib/gcc/arm-none-eabi/13.2.0/thumb/arm7tdmi/libgcc.a(_udivmoddi4.o)
                0x02001510                __udivmoddi4
 *(EXCLUDE_FILE(*.twl* *.vectors* *.itcm*) .stub)
 *(EXCLUDE_FILE(*.twl* *.vectors* *.itcm*) .text.*)
 .text.getHttp  0x020016ac      0x2a8 build/source/main.c.o
                0x020016ac                getHttp
 .text.startup.main
                0x02001954       0xe8 build/source/main.c.o
                0x02001954                main
 .text.Wifi_Interface_Init
                0x02001a3c       0x48 /opt/wonderful/thirdparty/blocksds/core/libs/dswifi/lib/libdswifi9.a(wifi_arm9.c.o)
                0x02001a3c                Wifi_Interface_Init
 .text.arm9_synctoarm7
                0x02001a84        0xc /opt/wonderful/thirdparty/blocksds/core/libs/dswifi/lib/libdswifi9.a(wifi_arm9.c.o)
                0x02001a84                arm9_synctoarm7
 .text.Wifi_TransmitFunction
                0x02001a90      0x3e4 /opt/wonderful/thirdparty/blocksds/core/libs/dswifi/lib/libdswifi9.a(wifi_arm9.c.o)
                0x02001a90                Wifi_TransmitFunction
 .text.sgIP_IntrWaitEvent
                0x02001e74        0x4 /opt/wonderful/thirdparty/blocksds/core/libs/dswifi/lib/libdswifi9.a(wifi_arm9.c.o)
                0x02001e74                sgIP_IntrWaitEvent
 .text.wHeapAlloc
                0x02001e78       0xcc /opt/wonderful/thirdparty/blocksds/core/libs/dswifi/lib/libdswifi9.a(wifi_arm9.c.o)
                0x02001e78                wHeapAlloc
 .text.sgIP_malloc
                0x02001f44        0x8 /opt/wonderful/thirdparty/blocksds/core/libs/dswifi/lib/libdswifi9.a(wifi_arm9.c.o)
                0x02001f44                sgIP_malloc
 .text.sgIP_free
                0x02001f4c       0x1c /opt/wonderful/thirdparty/blocksds/core/libs/dswifi/lib/libdswifi9.a(wifi_arm9.c.o)
                0x02001f4c                sgIP_free
 .text.Wifi_DisableWifi
                0x02001f68       0x18 /opt/wonderful/thirdparty/blocksds/core/libs/dswifi/lib/libdswifi9.a(wifi_arm9.c.o)
                0x02001f68                Wifi_DisableWifi
 .text.Wifi_GetAPData
                0x02001f80       0x88 /opt/wonderful/thirdparty/blocksds/core/libs/dswifi/lib/libdswifi9.a(wifi_arm9.c.o)
                0x02001f80                Wifi_GetAPData
 .text.Wifi_FindMatchingAP
                0x02002008      0x12c /opt/wonderful/thirdparty/blocksds/core/libs/dswifi/lib/libdswifi9.a(wifi_arm9.c.o)
                0x02002008                Wifi_FindMatchingAP
 .text.Wifi_AssocStatus
                0x02002134      0x368 /opt/wonderful/thirdparty/blocksds/core/libs/dswifi/lib/libdswifi9.a(wifi_arm9.c.o)
                0x02002134                Wifi_AssocStatus
 .text.Wifi_DisconnectAP
                0x0200249c       0x2c /opt/wonderful/thirdparty/blocksds/core/libs/dswifi/lib/libdswifi9.a(wifi_arm9.c.o)
                0x0200249c                Wifi_DisconnectAP
 .text.Wifi_Init
                0x020024c8      0x10c /opt/wonderful/thirdparty/blocksds/core/libs/dswifi/lib/libdswifi9.a(wifi_arm9.c.o)
                0x020024c8                Wifi_Init
 .text.Wifi_Update
                0x020025d4      0x3f0 /opt/wonderful/thirdparty/blocksds/core/libs/dswifi/lib/libdswifi9.a(wifi_arm9.c.o)
                0x020025d4                Wifi_Update
 .text.Timer_50ms
                0x020029c4       0x10 /opt/wonderful/thirdparty/blocksds/core/libs/dswifi/lib/libdswifi9.a(wifi_arm9.c.o)
                0x020029c4                Timer_50ms
 .text.wifiValue32Handler
                0x020029d4       0x20 /opt/wonderful/thirdparty/blocksds/core/libs/dswifi/lib/libdswifi9.a(wifi_arm9.c.o)
                0x020029d4                wifiValue32Handler
 .text.Wifi_InitDefault
                0x020029f4       0xbc /opt/wonderful/thirdparty/blocksds/core/libs/dswifi/lib/libdswifi9.a(wifi_arm9.c.o)
                0x020029f4                Wifi_InitDefault
 .text.sgIP_sockets_Init
                0x02002ab0       0x18 /opt/wonderful/thirdparty/blocksds/core/libs/dswifi/lib/libdswifi9.a(sgIP_sockets.c.o)
                0x02002ab0                sgIP_sockets_Init
 .text.socket   0x02002ac8       0x94 /opt/wonderful/thirdparty/blocksds/core/libs/dswifi/lib/libdswifi9.a(sgIP_sockets.c.o)
                0x02002ac8                socket
 .text.forceclosesocket
                0x02002b5c       0x5c /opt/wonderful/thirdparty/blocksds/core/libs/dswifi/lib/libdswifi9.a(sgIP_sockets.c.o)
                0x02002b5c                forceclosesocket
 .text.sgIP_sockets_Timer1000ms
                0x02002bb8       0x68 /opt/wonderful/thirdparty/blocksds/core/libs/dswifi/lib/libdswifi9.a(sgIP_sockets.c.o)
                0x02002bb8                sgIP_sockets_Timer1000ms
 .text.bind     0x02002c20       0x84 /opt/wonderful/thirdparty/blocksds/core/libs/dswifi/lib/libdswifi9.a(sgIP_sockets.c.o)
                0x02002c20                bind
 .text.connect  0x02002ca4       0xec /opt/wonderful/thirdparty/blocksds/core/libs/dswifi/lib/libdswifi9.a(sgIP_sockets.c.o)
                0x02002ca4                connect
 .text.send     0x02002d90       0xd0 /opt/wonderful/thirdparty/blocksds/core/libs/dswifi/lib/libdswifi9.a(sgIP_sockets.c.o)
                0x02002d90                send
 .text.recv     0x02002e60       0xd0 /opt/wonderful/thirdparty/blocksds/core/libs/dswifi/lib/libdswifi9.a(sgIP_sockets.c.o)
                0x02002e60                recv
 .text.sendto   0x02002f30       0x90 /opt/wonderful/thirdparty/blocksds/core/libs/dswifi/lib/libdswifi9.a(sgIP_sockets.c.o)
                0x02002f30                sendto
 .text.recvfrom
                0x02002fc0       0xf8 /opt/wonderful/thirdparty/blocksds/core/libs/dswifi/lib/libdswifi9.a(sgIP_sockets.c.o)
                0x02002fc0                recvfrom
 .text.shutdown
                0x020030b8       0x78 /opt/wonderful/thirdparty/blocksds/core/libs/dswifi/lib/libdswifi9.a(sgIP_sockets.c.o)
                0x020030b8                shutdown
 .text.closesocket
                0x02003130       0x9c /opt/wonderful/thirdparty/blocksds/core/libs/dswifi/lib/libdswifi9.a(sgIP_sockets.c.o)
                0x02003130                closesocket
 .text.ioctl    0x020031cc       0xd8 /opt/wonderful/thirdparty/blocksds/core/libs/dswifi/lib/libdswifi9.a(sgIP_sockets.c.o)
                0x020031cc                ioctl
 .text.gethostbyname
                0x020032a4        0x8 /opt/wonderful/thirdparty/blocksds/core/libs/dswifi/lib/libdswifi9.a(sgIP_sockets.c.o)
                0x020032a4                gethostbyname
 .text.sgIP_DHCP_Init
                0x020032ac       0x48 /opt/wonderful/thirdparty/blocksds/core/libs/dswifi/lib/libdswifi9.a(sgIP_DHCP.c.o)
                0x020032ac                sgIP_DHCP_Init
 .text.sgIP_DHCP_SendDgram
                0x020032f4       0x6c /opt/wonderful/thirdparty/blocksds/core/libs/dswifi/lib/libdswifi9.a(sgIP_DHCP.c.o)
                0x020032f4                sgIP_DHCP_SendDgram
 .text.sgIP_DHCP_BeginDgram
                0x02003360      0x1f0 /opt/wonderful/thirdparty/blocksds/core/libs/dswifi/lib/libdswifi9.a(sgIP_DHCP.c.o)
                0x02003360                sgIP_DHCP_BeginDgram
 .text.sgIP_DHCP_Start
                0x02003550       0xec /opt/wonderful/thirdparty/blocksds/core/libs/dswifi/lib/libdswifi9.a(sgIP_DHCP.c.o)
                0x02003550                sgIP_DHCP_Start
 .text.sgIP_DHCP_Update
                0x0200363c      0x44c /opt/wonderful/thirdparty/blocksds/core/libs/dswifi/lib/libdswifi9.a(sgIP_DHCP.c.o)
                0x0200363c                sgIP_DHCP_Update
 .text.gethostname
                0x02003a88       0x4c /opt/wonderful/thirdparty/blocksds/core/libs/dswifi/lib/libdswifi9.a(sgIP_DHCP.c.o)
                0x02003a88                gethostname
 .text.sgIP_memblock_Init
                0x02003ad4        0x4 /opt/wonderful/thirdparty/blocksds/core/libs/dswifi/lib/libdswifi9.a(sgIP_memblock.c.o)
                0x02003ad4                sgIP_memblock_Init
 .text.sgIP_memblock_allocHW
                0x02003ad8       0x24 /opt/wonderful/thirdparty/blocksds/core/libs/dswifi/lib/libdswifi9.a(sgIP_memblock.c.o)
                0x02003ad8                sgIP_memblock_allocHW
 .text.sgIP_memblock_alloc
                0x02003afc       0x20 /opt/wonderful/thirdparty/blocksds/core/libs/dswifi/lib/libdswifi9.a(sgIP_memblock.c.o)
                0x02003afc                sgIP_memblock_alloc
 .text.sgIP_memblock_free
                0x02003b1c       0x2c /opt/wonderful/thirdparty/blocksds/core/libs/dswifi/lib/libdswifi9.a(sgIP_memblock.c.o)
                0x02003b1c                sgIP_memblock_free
 .text.sgIP_memblock_exposeheader
                0x02003b48       0x28 /opt/wonderful/thirdparty/blocksds/core/libs/dswifi/lib/libdswifi9.a(sgIP_memblock.c.o)
                0x02003b48                sgIP_memblock_exposeheader
 .text.sgIP_memblock_trimsize
                0x02003b70       0x58 /opt/wonderful/thirdparty/blocksds/core/libs/dswifi/lib/libdswifi9.a(sgIP_memblock.c.o)
                0x02003b70                sgIP_memblock_trimsize
 .text.sgIP_memblock_IPChecksum
                0x02003bc8      0x138 /opt/wonderful/thirdparty/blocksds/core/libs/dswifi/lib/libdswifi9.a(sgIP_memblock.c.o)
                0x02003bc8                sgIP_memblock_IPChecksum
 .text.sgIP_memblock_CopyToLinear
                0x02003d00       0x74 /opt/wonderful/thirdparty/blocksds/core/libs/dswifi/lib/libdswifi9.a(sgIP_memblock.c.o)
                0x02003d00                sgIP_memblock_CopyToLinear
 .text.sgIP_memblock_CopyFromLinear
                0x02003d74       0x74 /opt/wonderful/thirdparty/blocksds/core/libs/dswifi/lib/libdswifi9.a(sgIP_memblock.c.o)
                0x02003d74                sgIP_memblock_CopyFromLinear
 .text.sgIP_ntoa
                0x02003de8       0xac /opt/wonderful/thirdparty/blocksds/core/libs/dswifi/lib/libdswifi9.a(sgIP_DNS.c.o)
 .text.sgIP_DNS_Init
                0x02003e94       0x28 /opt/wonderful/thirdparty/blocksds/core/libs/dswifi/lib/libdswifi9.a(sgIP_DNS.c.o)
                0x02003e94                sgIP_DNS_Init
 .text.sgIP_DNS_Timer1000ms
                0x02003ebc       0x68 /opt/wonderful/thirdparty/blocksds/core/libs/dswifi/lib/libdswifi9.a(sgIP_DNS.c.o)
                0x02003ebc                sgIP_DNS_Timer1000ms
 .text.sgIP_DNS_isipaddress
                0x02003f24      0x1f0 /opt/wonderful/thirdparty/blocksds/core/libs/dswifi/lib/libdswifi9.a(sgIP_DNS.c.o)
                0x02003f24                sgIP_DNS_isipaddress
 .text.sgIP_DNS_FindDNSRecord
                0x02004114       0x94 /opt/wonderful/thirdparty/blocksds/core/libs/dswifi/lib/libdswifi9.a(sgIP_DNS.c.o)
                0x02004114                sgIP_DNS_FindDNSRecord
 .text.sgIP_DNS_AllocUnusedRecord
                0x020041a8       0xe4 /opt/wonderful/thirdparty/blocksds/core/libs/dswifi/lib/libdswifi9.a(sgIP_DNS.c.o)
                0x020041a8                sgIP_DNS_AllocUnusedRecord
 .text.sgIP_DNS_GenerateHostent
                0x0200428c       0xbc /opt/wonderful/thirdparty/blocksds/core/libs/dswifi/lib/libdswifi9.a(sgIP_DNS.c.o)
                0x0200428c                sgIP_DNS_GenerateHostent
 .text.sgIP_DNS_CopyAliasAt
                0x02004348       0x7c /opt/wonderful/thirdparty/blocksds/core/libs/dswifi/lib/libdswifi9.a(sgIP_DNS.c.o)
                0x02004348                sgIP_DNS_CopyAliasAt
 .text.sgIP_DNS_gethostbyname
                0x020043c4      0x468 /opt/wonderful/thirdparty/blocksds/core/libs/dswifi/lib/libdswifi9.a(sgIP_DNS.c.o)
                0x020043c4                sgIP_DNS_gethostbyname
 .text.sgIP_TCP_FixChecksum.part.0
                0x0200482c       0x68 /opt/wonderful/thirdparty/blocksds/core/libs/dswifi/lib/libdswifi9.a(sgIP_TCP.c.o)
 .text.sgIP_TCP_Init
                0x02004894       0x34 /opt/wonderful/thirdparty/blocksds/core/libs/dswifi/lib/libdswifi9.a(sgIP_TCP.c.o)
                0x02004894                sgIP_TCP_Init
 .text.sgIP_TCP_GetUnusedOutgoingPort
                0x020048c8       0x74 /opt/wonderful/thirdparty/blocksds/core/libs/dswifi/lib/libdswifi9.a(sgIP_TCP.c.o)
                0x020048c8                sgIP_TCP_GetUnusedOutgoingPort
 .text.sgIP_TCP_CalcChecksum
                0x0200493c       0x60 /opt/wonderful/thirdparty/blocksds/core/libs/dswifi/lib/libdswifi9.a(sgIP_TCP.c.o)
                0x0200493c                sgIP_TCP_CalcChecksum
 .text.sgIP_TCP_GenHeader
                0x0200499c       0xcc /opt/wonderful/thirdparty/blocksds/core/libs/dswifi/lib/libdswifi9.a(sgIP_TCP.c.o)
                0x0200499c                sgIP_TCP_GenHeader
 .text.sgIP_TCP_SendPacket
                0x02004a68       0xe8 /opt/wonderful/thirdparty/blocksds/core/libs/dswifi/lib/libdswifi9.a(sgIP_TCP.c.o)
                0x02004a68                sgIP_TCP_SendPacket
 .text.sgIP_TCP_SendSynReply
                0x02004b50       0xac /opt/wonderful/thirdparty/blocksds/core/libs/dswifi/lib/libdswifi9.a(sgIP_TCP.c.o)
                0x02004b50                sgIP_TCP_SendSynReply
 .text.sgIP_TCP_Timer
                0x02004bfc      0x284 /opt/wonderful/thirdparty/blocksds/core/libs/dswifi/lib/libdswifi9.a(sgIP_TCP.c.o)
                0x02004bfc                sgIP_TCP_Timer
 .text.sgIP_TCP_AllocRecord
                0x02004e80       0x4c /opt/wonderful/thirdparty/blocksds/core/libs/dswifi/lib/libdswifi9.a(sgIP_TCP.c.o)
                0x02004e80                sgIP_TCP_AllocRecord
 .text.sgIP_TCP_ReceivePacket
                0x02004ecc      0x644 /opt/wonderful/thirdparty/blocksds/core/libs/dswifi/lib/libdswifi9.a(sgIP_TCP.c.o)
                0x02004ecc                sgIP_TCP_ReceivePacket
 .text.sgIP_TCP_FreeRecord
                0x02005510       0xe8 /opt/wonderful/thirdparty/blocksds/core/libs/dswifi/lib/libdswifi9.a(sgIP_TCP.c.o)
                0x02005510                sgIP_TCP_FreeRecord
 .text.sgIP_TCP_Bind
                0x020055f8       0x2c /opt/wonderful/thirdparty/blocksds/core/libs/dswifi/lib/libdswifi9.a(sgIP_TCP.c.o)
                0x020055f8                sgIP_TCP_Bind
 .text.sgIP_TCP_Close
                0x02005624       0x40 /opt/wonderful/thirdparty/blocksds/core/libs/dswifi/lib/libdswifi9.a(sgIP_TCP.c.o)
                0x02005624                sgIP_TCP_Close
 .text.sgIP_TCP_Connect
                0x02005664      0x10c /opt/wonderful/thirdparty/blocksds/core/libs/dswifi/lib/libdswifi9.a(sgIP_TCP.c.o)
                0x02005664                sgIP_TCP_Connect
 .text.sgIP_TCP_Send
                0x02005770      0x128 /opt/wonderful/thirdparty/blocksds/core/libs/dswifi/lib/libdswifi9.a(sgIP_TCP.c.o)
                0x02005770                sgIP_TCP_Send
 .text.sgIP_TCP_Recv
                0x02005898       0xf8 /opt/wonderful/thirdparty/blocksds/core/libs/dswifi/lib/libdswifi9.a(sgIP_TCP.c.o)
                0x02005898                sgIP_TCP_Recv
 .text.sgIP_UDP_Init
                0x02005990       0x1c /opt/wonderful/thirdparty/blocksds/core/libs/dswifi/lib/libdswifi9.a(sgIP_UDP.c.o)
                0x02005990                sgIP_UDP_Init
 .text.sgIP_UDP_GetUnusedOutgoingPort
                0x020059ac       0x6c /opt/wonderful/thirdparty/blocksds/core/libs/dswifi/lib/libdswifi9.a(sgIP_UDP.c.o)
                0x020059ac                sgIP_UDP_GetUnusedOutgoingPort
 .text.sgIP_UDP_CalcChecksum
                0x02005a18       0x70 /opt/wonderful/thirdparty/blocksds/core/libs/dswifi/lib/libdswifi9.a(sgIP_UDP.c.o)
                0x02005a18                sgIP_UDP_CalcChecksum
 .text.sgIP_UDP_ReceivePacket
                0x02005a88       0xac /opt/wonderful/thirdparty/blocksds/core/libs/dswifi/lib/libdswifi9.a(sgIP_UDP.c.o)
                0x02005a88                sgIP_UDP_ReceivePacket
 .text.sgIP_UDP_SendPacket
                0x02005b34       0xec /opt/wonderful/thirdparty/blocksds/core/libs/dswifi/lib/libdswifi9.a(sgIP_UDP.c.o)
                0x02005b34                sgIP_UDP_SendPacket
 .text.sgIP_UDP_AllocRecord
                0x02005c20       0x38 /opt/wonderful/thirdparty/blocksds/core/libs/dswifi/lib/libdswifi9.a(sgIP_UDP.c.o)
                0x02005c20                sgIP_UDP_AllocRecord
 .text.sgIP_UDP_FreeRecord
                0x02005c58       0x54 /opt/wonderful/thirdparty/blocksds/core/libs/dswifi/lib/libdswifi9.a(sgIP_UDP.c.o)
                0x02005c58                sgIP_UDP_FreeRecord
 .text.sgIP_UDP_Bind
                0x02005cac       0x48 /opt/wonderful/thirdparty/blocksds/core/libs/dswifi/lib/libdswifi9.a(sgIP_UDP.c.o)
                0x02005cac                sgIP_UDP_Bind
 .text.sgIP_UDP_RecvFrom
                0x02005cf4       0xe0 /opt/wonderful/thirdparty/blocksds/core/libs/dswifi/lib/libdswifi9.a(sgIP_UDP.c.o)
                0x02005cf4                sgIP_UDP_RecvFrom
 .text.sgIP_UDP_SendTo
                0x02005dd4       0x14 /opt/wonderful/thirdparty/blocksds/core/libs/dswifi/lib/libdswifi9.a(sgIP_UDP.c.o)
                0x02005dd4                sgIP_UDP_SendTo
 .text.sgIP_Hub_Init
                0x02005de8       0x14 /opt/wonderful/thirdparty/blocksds/core/libs/dswifi/lib/libdswifi9.a(sgIP_Hub.c.o)
                0x02005de8                sgIP_Hub_Init
 .text.sgIP_Hub_AddProtocolInterface
                0x02005dfc       0x44 /opt/wonderful/thirdparty/blocksds/core/libs/dswifi/lib/libdswifi9.a(sgIP_Hub.c.o)
                0x02005dfc                sgIP_Hub_AddProtocolInterface
 .text.sgIP_Hub_AddHardwareInterface
                0x02005e40       0x40 /opt/wonderful/thirdparty/blocksds/core/libs/dswifi/lib/libdswifi9.a(sgIP_Hub.c.o)
                0x02005e40                sgIP_Hub_AddHardwareInterface
 .text.sgIP_Hub_ReceiveHardwarePacket
                0x02005e80       0x58 /opt/wonderful/thirdparty/blocksds/core/libs/dswifi/lib/libdswifi9.a(sgIP_Hub.c.o)
                0x02005e80                sgIP_Hub_ReceiveHardwarePacket
 .text.sgIP_Hub_SendProtocolPacket
                0x02005ed8       0x44 /opt/wonderful/thirdparty/blocksds/core/libs/dswifi/lib/libdswifi9.a(sgIP_Hub.c.o)
                0x02005ed8                sgIP_Hub_SendProtocolPacket
 .text.sgIP_Hub_SendRawPacket
                0x02005f1c       0x24 /opt/wonderful/thirdparty/blocksds/core/libs/dswifi/lib/libdswifi9.a(sgIP_Hub.c.o)
                0x02005f1c                sgIP_Hub_SendRawPacket
 .text.sgIP_Hub_IPMaxMessageSize
                0x02005f40        0x8 /opt/wonderful/thirdparty/blocksds/core/libs/dswifi/lib/libdswifi9.a(sgIP_Hub.c.o)
                0x02005f40                sgIP_Hub_IPMaxMessageSize
 .text.sgIP_Hub_GetCompatibleIP
                0x02005f48       0x14 /opt/wonderful/thirdparty/blocksds/core/libs/dswifi/lib/libdswifi9.a(sgIP_Hub.c.o)
                0x02005f48                sgIP_Hub_GetCompatibleIP
 .text.sgIP_Hub_GetDefaultInterface
                0x02005f5c       0x10 /opt/wonderful/thirdparty/blocksds/core/libs/dswifi/lib/libdswifi9.a(sgIP_Hub.c.o)
                0x02005f5c                sgIP_Hub_GetDefaultInterface
 .text.htons    0x02005f6c       0x10 /opt/wonderful/thirdparty/blocksds/core/libs/dswifi/lib/libdswifi9.a(sgIP_Hub.c.o)
                0x02005f6c                htons
 .text.htonl    0x02005f7c       0x18 /opt/wonderful/thirdparty/blocksds/core/libs/dswifi/lib/libdswifi9.a(sgIP_Hub.c.o)
                0x02005f7c                htonl
 .text.sgIP_GetArpSlot
                0x02005f94       0x4c /opt/wonderful/thirdparty/blocksds/core/libs/dswifi/lib/libdswifi9.a(sgIP_ARP.c.o)
                0x02005f94                sgIP_GetArpSlot
 .text.sgIP_ARP_Init
                0x02005fe0       0x1c /opt/wonderful/thirdparty/blocksds/core/libs/dswifi/lib/libdswifi9.a(sgIP_ARP.c.o)
                0x02005fe0                sgIP_ARP_Init
 .text.sgIP_ARP_FlushInterface
                0x02005ffc       0x40 /opt/wonderful/thirdparty/blocksds/core/libs/dswifi/lib/libdswifi9.a(sgIP_ARP.c.o)
                0x02005ffc                sgIP_ARP_FlushInterface
 .text.sgIP_ARP_SendARPResponse
                0x0200603c       0xe4 /opt/wonderful/thirdparty/blocksds/core/libs/dswifi/lib/libdswifi9.a(sgIP_ARP.c.o)
                0x0200603c                sgIP_ARP_SendARPResponse
 .text.sgIP_ARP_SendGratARP
                0x02006120       0xe4 /opt/wonderful/thirdparty/blocksds/core/libs/dswifi/lib/libdswifi9.a(sgIP_ARP.c.o)
                0x02006120                sgIP_ARP_SendGratARP
 .text.sgIP_ARP_SendARPRequest
                0x02006204       0xec /opt/wonderful/thirdparty/blocksds/core/libs/dswifi/lib/libdswifi9.a(sgIP_ARP.c.o)
                0x02006204                sgIP_ARP_SendARPRequest
 .text.sgIP_ARP_Timer100ms
                0x020062f0       0x70 /opt/wonderful/thirdparty/blocksds/core/libs/dswifi/lib/libdswifi9.a(sgIP_ARP.c.o)
                0x020062f0                sgIP_ARP_Timer100ms
 .text.sgIP_ARP_SendProtocolFrame
                0x02006360      0x11c /opt/wonderful/thirdparty/blocksds/core/libs/dswifi/lib/libdswifi9.a(sgIP_ARP.c.o)
                0x02006360                sgIP_ARP_SendProtocolFrame
 .text.sgIP_ARP_ProcessARPFrame
                0x0200647c      0x108 /opt/wonderful/thirdparty/blocksds/core/libs/dswifi/lib/libdswifi9.a(sgIP_ARP.c.o)
                0x0200647c                sgIP_ARP_ProcessARPFrame
 .text.sgIP_Init
                0x02006584       0x3c /opt/wonderful/thirdparty/blocksds/core/libs/dswifi/lib/libdswifi9.a(sgIP.c.o)
                0x02006584                sgIP_Init
 .text.sgIP_Timer
                0x020065c0       0x78 /opt/wonderful/thirdparty/blocksds/core/libs/dswifi/lib/libdswifi9.a(sgIP.c.o)
                0x020065c0                sgIP_Timer
 .text.sgIP_IP_ReceivePacket
                0x02006638       0x94 /opt/wonderful/thirdparty/blocksds/core/libs/dswifi/lib/libdswifi9.a(sgIP_IP.c.o)
                0x02006638                sgIP_IP_ReceivePacket
 .text.sgIP_IP_MaxContentsSize
                0x020066cc        0xc /opt/wonderful/thirdparty/blocksds/core/libs/dswifi/lib/libdswifi9.a(sgIP_IP.c.o)
                0x020066cc                sgIP_IP_MaxContentsSize
 .text.sgIP_IP_RequiredHeaderSize
                0x020066d8        0x4 /opt/wonderful/thirdparty/blocksds/core/libs/dswifi/lib/libdswifi9.a(sgIP_IP.c.o)
                0x020066d8                sgIP_IP_RequiredHeaderSize
 .text.sgIP_IP_SendViaIP
                0x020066dc       0x90 /opt/wonderful/thirdparty/blocksds/core/libs/dswifi/lib/libdswifi9.a(sgIP_IP.c.o)
                0x020066dc                sgIP_IP_SendViaIP
 .text.sgIP_IP_GetLocalBindAddr
                0x0200676c       0x10 /opt/wonderful/thirdparty/blocksds/core/libs/dswifi/lib/libdswifi9.a(sgIP_IP.c.o)
                0x0200676c                sgIP_IP_GetLocalBindAddr
 .text.sgIP_ICMP_ReceivePacket
                0x0200677c       0x5c /opt/wonderful/thirdparty/blocksds/core/libs/dswifi/lib/libdswifi9.a(sgIP_ICMP.c.o)
                0x0200677c                sgIP_ICMP_ReceivePacket
 .text.swiWaitForVBlank
                0x020067d8        0x8 /opt/wonderful/thirdparty/blocksds/core/libs/libnds/lib/libnds9.a(IntrWait.s.o)
                0x020067d8                swiWaitForVBlank
 .text.swiIntrWait
                0x020067e0       0x70 /opt/wonderful/thirdparty/blocksds/core/libs/libnds/lib/libnds9.a(IntrWait.s.o)
                0x020067e0                swiIntrWait
 .text.__libnds_mpu_setup
                0x02006850      0x1c4 /opt/wonderful/thirdparty/blocksds/core/libs/libnds/lib/libnds9.a(mpu_setup.s.o)
                0x02006850                __libnds_mpu_setup
 .text.memUncached
                0x02006a14       0x20 /opt/wonderful/thirdparty/blocksds/core/libs/libnds/lib/libnds9.a(mpu_setup.s.o)
                0x02006a14                memUncached
 .text.CP15_CleanAndFlushDCache
                0x02006a34       0x34 /opt/wonderful/thirdparty/blocksds/core/libs/libnds/lib/libnds9.a(cp15.s.o)
                0x02006a34                CP15_CleanAndFlushDCache
 .text.__aeabi_memmove
                0x02006a68        0xc /opt/wonderful/thirdparty/blocksds/core/libs/libnds/lib/libnds9.a(memmove.s.o)
                0x02006a68                __aeabi_memmove
 .text.memmove  0x02006a74       0x10 /opt/wonderful/thirdparty/blocksds/core/libs/libnds/lib/libnds9.a(memmove.s.o)
                0x02006a74                memmove
 .text.__aeabi_memcpy
                0x02006a84       0xdc /opt/wonderful/thirdparty/blocksds/core/libs/libnds/lib/libnds9.a(memcpy.s.o)
                0x02006a84                __aeabi_memcpy
                0x02006abc                __aeabi_memcpy4
                0x02006abc                __aeabi_memcpy8
                0x02006b28                __ndsabi_memcpy2
                0x02006b4c                __ndsabi_memcpy1
 .text.memcpy   0x02006b60       0x10 /opt/wonderful/thirdparty/blocksds/core/libs/libnds/lib/libnds9.a(memcpy.s.o)
                0x02006b60                memcpy
 .text.__aeabi_memset
                0x02006b70       0x9c /opt/wonderful/thirdparty/blocksds/core/libs/libnds/lib/libnds9.a(memset.s.o)
                0x02006b70                __aeabi_memset
                0x02006b94                __aeabi_memset8
                0x02006b94                __aeabi_memset4
                0x02006ba0                __ndsabi_wordset4
                0x02006ba4                __ndsabi_lwordset4
 .text.__ndsabi_memset1
                0x02006c0c       0x10 /opt/wonderful/thirdparty/blocksds/core/libs/libnds/lib/libnds9.a(memset.s.o)
                0x02006c0c                __ndsabi_memset1
 .text.memset   0x02006c1c       0x1c /opt/wonderful/thirdparty/blocksds/core/libs/libnds/lib/libnds9.a(memset.s.o)
                0x02006c1c                memset
 .text.__aeabi_read_tp
                0x02006c38        0xc /opt/wonderful/thirdparty/blocksds/core/libs/libnds/lib/libnds9.a(aeabi_read_tp.s.o)
                0x02006c38                __aeabi_read_tp
 .text.scanKeys
                0x02006c44       0xc0 /opt/wonderful/thirdparty/blocksds/core/libs/libnds/lib/libnds9.a(keys.c.o)
                0x02006c44                scanKeys
 .text.keysHeld
                0x02006d04        0xc /opt/wonderful/thirdparty/blocksds/core/libs/libnds/lib/libnds9.a(keys.c.o)
                0x02006d04                keysHeld
 .text.setTransferInputData
                0x02006d10       0x20 /opt/wonderful/thirdparty/blocksds/core/libs/libnds/lib/libnds9.a(keys.c.o)
                0x02006d10                setTransferInputData
 .text.initSystem
                0x02006d30      0x1a0 /opt/wonderful/thirdparty/blocksds/core/libs/libnds/lib/libnds9.a(initSystem.c.o)
                0x02006d30                initSystem
 .text.newRow   0x02006ed0       0xdc /opt/wonderful/thirdparty/blocksds/core/libs/libnds/lib/libnds9.a(console.c.o)
 .text.consoleSelect
                0x02006fac       0x28 /opt/wonderful/thirdparty/blocksds/core/libs/libnds/lib/libnds9.a(console.c.o)
                0x02006fac                consoleSelect
 .text.consolePrintChar
                0x02006fd4       0xe0 /opt/wonderful/thirdparty/blocksds/core/libs/libnds/lib/libnds9.a(console.c.o)
                0x02006fd4                consolePrintChar
 .text.con_write
                0x020070b4      0x344 /opt/wonderful/thirdparty/blocksds/core/libs/libnds/lib/libnds9.a(console.c.o)
 .text.consoleLoadFont
                0x020073f8      0x36c /opt/wonderful/thirdparty/blocksds/core/libs/libnds/lib/libnds9.a(console.c.o)
                0x020073f8                consoleLoadFont
 .text.consoleInit
                0x02007764      0x194 /opt/wonderful/thirdparty/blocksds/core/libs/libnds/lib/libnds9.a(console.c.o)
                0x02007764                consoleInit
 .text.close    0x020078f8       0x50 /opt/wonderful/thirdparty/blocksds/core/libs/libnds/lib/libnds9.a(filesystem.c.o)
                0x020078f8                close
 .text.fatfs_error_to_posix
                0x02007948       0x24 /opt/wonderful/thirdparty/blocksds/core/libs/libnds/lib/libnds9.a(fatfs.c.o)
                0x02007948                fatfs_error_to_posix
 .text.fatfs_timestamp_to_fattime
                0x0200796c       0x2c /opt/wonderful/thirdparty/blocksds/core/libs/libnds/lib/libnds9.a(fatfs.c.o)
                0x0200796c                fatfs_timestamp_to_fattime
 .text.cache_sector_get
                0x02007998       0x70 /opt/wonderful/thirdparty/blocksds/core/libs/libnds/lib/libnds9.a(cache.c.o)
                0x02007998                cache_sector_get
 .text.cache_sector_add
                0x02007a08      0x144 /opt/wonderful/thirdparty/blocksds/core/libs/libnds/lib/libnds9.a(cache.c.o)
                0x02007a08                cache_sector_add
 .text.cache_sector_invalidate
                0x02007b4c       0x44 /opt/wonderful/thirdparty/blocksds/core/libs/libnds/lib/libnds9.a(cache.c.o)
                0x02007b4c                cache_sector_invalidate
 .text.nitrofs_close
                0x02007b90       0x10 /opt/wonderful/thirdparty/blocksds/core/libs/libnds/lib/libnds9.a(nitrofs.c.o)
                0x02007b90                nitrofs_close
 .text.build_argv
                0x02007ba0       0x58 /opt/wonderful/thirdparty/blocksds/core/libs/libnds/lib/libnds9.a(crt0_argv.c.o)
                0x02007ba0                build_argv
 .text.putc_buffered
                0x02007bf8       0x98 /opt/wonderful/thirdparty/blocksds/core/libs/libnds/lib/libnds9.a(iob.c.o)
 .text.stdout_putc_buffered
                0x02007c90       0x20 /opt/wonderful/thirdparty/blocksds/core/libs/libnds/lib/libnds9.a(iob.c.o)
 .text.stderr_putc_buffered
                0x02007cb0       0x20 /opt/wonderful/thirdparty/blocksds/core/libs/libnds/lib/libnds9.a(iob.c.o)
 .text.dldiGetStubEnd
                0x02007cd0        0x8 /opt/wonderful/thirdparty/blocksds/core/libs/libnds/lib/libnds9.a(dldi.c.o)
                0x02007cd0                dldiGetStubEnd
 .text.fifo_buffer_enqueue_block
                0x02007cd8       0x44 /opt/wonderful/thirdparty/blocksds/core/libs/libnds/lib/libnds9.a(fifosystem.c.o)
 .text.fifo_buffer_wait_block
                0x02007d1c       0x80 /opt/wonderful/thirdparty/blocksds/core/libs/libnds/lib/libnds9.a(fifosystem.c.o)
 .text.fifoInternalSend.part.0
                0x02007d9c       0xcc /opt/wonderful/thirdparty/blocksds/core/libs/libnds/lib/libnds9.a(fifosystem.c.o)
 .text.fifoInternalSendInterrupt
                0x02007e68       0xb0 /opt/wonderful/thirdparty/blocksds/core/libs/libnds/lib/libnds9.a(fifosystem.c.o)
 .text.fifoSetValue32Handler
                0x02007f18       0xd4 /opt/wonderful/thirdparty/blocksds/core/libs/libnds/lib/libnds9.a(fifosystem.c.o)
                0x02007f18                fifoSetValue32Handler
 .text.fifoSendAddress
                0x02007fec       0x38 /opt/wonderful/thirdparty/blocksds/core/libs/libnds/lib/libnds9.a(fifosystem.c.o)
                0x02007fec                fifoSendAddress
 .text.fifoSendValue32
                0x02008024       0x50 /opt/wonderful/thirdparty/blocksds/core/libs/libnds/lib/libnds9.a(fifosystem.c.o)
                0x02008024                fifoSendValue32
 .text.fifoGetValue32
                0x02008074       0x70 /opt/wonderful/thirdparty/blocksds/core/libs/libnds/lib/libnds9.a(fifosystem.c.o)
                0x02008074                fifoGetValue32
 .text.fifoGetDatamsg
                0x020080e4       0xe8 /opt/wonderful/thirdparty/blocksds/core/libs/libnds/lib/libnds9.a(fifosystem.c.o)
                0x020080e4                fifoGetDatamsg
 .text.fifoInternalRecvInterrupt
                0x020081cc      0x310 /opt/wonderful/thirdparty/blocksds/core/libs/libnds/lib/libnds9.a(fifosystem.c.o)
 .text.fifoSetDatamsgHandler
                0x020084dc       0x9c /opt/wonderful/thirdparty/blocksds/core/libs/libnds/lib/libnds9.a(fifosystem.c.o)
                0x020084dc                fifoSetDatamsgHandler
 .text.fifoCheckValue32
                0x02008578       0x24 /opt/wonderful/thirdparty/blocksds/core/libs/libnds/lib/libnds9.a(fifosystem.c.o)
                0x02008578                fifoCheckValue32
 .text.fifoInit
                0x0200859c      0x114 /opt/wonderful/thirdparty/blocksds/core/libs/libnds/lib/libnds9.a(fifosystem.c.o)
                0x0200859c                fifoInit
 .text.fifoMutexAcquire
                0x020086b0       0x30 /opt/wonderful/thirdparty/blocksds/core/libs/libnds/lib/libnds9.a(fifosystem.c.o)
                0x020086b0                fifoMutexAcquire
 .text.fifoMutexRelease
                0x020086e0       0x14 /opt/wonderful/thirdparty/blocksds/core/libs/libnds/lib/libnds9.a(fifosystem.c.o)
                0x020086e0                fifoMutexRelease
 .text.irqDummy
                0x020086f4        0x4 /opt/wonderful/thirdparty/blocksds/core/libs/libnds/lib/libnds9.a(interrupts.c.o)
                0x020086f4                irqDummy
 .text.irqSet   0x020086f8       0x78 /opt/wonderful/thirdparty/blocksds/core/libs/libnds/lib/libnds9.a(interrupts.c.o)
                0x020086f8                irqSet
 .text.irqInit  0x02008770       0x50 /opt/wonderful/thirdparty/blocksds/core/libs/libnds/lib/libnds9.a(interrupts.c.o)
                0x02008770                irqInit
 .text.irqEnable
                0x020087c0       0x64 /opt/wonderful/thirdparty/blocksds/core/libs/libnds/lib/libnds9.a(interrupts.c.o)
                0x020087c0                irqEnable
 .text.systemErrorExit
                0x02008824        0x4 /opt/wonderful/thirdparty/blocksds/core/libs/libnds/lib/libnds9.a(exit.c.o)
                0x02008824                systemErrorExit
 .text.__libnds_exit
                0x02008828        0x8 /opt/wonderful/thirdparty/blocksds/core/libs/libnds/lib/libnds9.a(exit.c.o)
                0x02008828                __libnds_exit
 .text._exit    0x02008830       0x78 /opt/wonderful/thirdparty/blocksds/core/libs/libnds/lib/libnds9.a(exit.c.o)
                0x02008830                _exit
 .text.sbrk     0x020088a8       0x5c /opt/wonderful/thirdparty/blocksds/core/libs/libnds/lib/libnds9.a(sbrk.c.o)
                0x020088a8                sbrk
 .text.cothread_delete_internal
                0x02008904       0x3c /opt/wonderful/thirdparty/blocksds/core/libs/libnds/lib/libnds9.a(threads.c.o)
 .text.cothread_main
                0x02008940       0x10 /opt/wonderful/thirdparty/blocksds/core/libs/libnds/lib/libnds9.a(threads.c.o)
                0x02008940                cothread_main
 .text.cothread_yield
                0x02008950       0x14 /opt/wonderful/thirdparty/blocksds/core/libs/libnds/lib/libnds9.a(threads.c.o)
                0x02008950                cothread_yield
 .text.cothread_yield_irq
                0x02008964       0x18 /opt/wonderful/thirdparty/blocksds/core/libs/libnds/lib/libnds9.a(threads.c.o)
                0x02008964                cothread_yield_irq
 .text.cothread_start
                0x0200897c       0xe8 /opt/wonderful/thirdparty/blocksds/core/libs/libnds/lib/libnds9.a(threads.c.o)
                0x0200897c                cothread_start
 .text.sync_fs  0x02008a64       0xb4 /opt/wonderful/thirdparty/blocksds/core/libs/libnds/lib/libnds9.a(ff.c.o)
 .text.move_window
                0x02008b18       0x6c /opt/wonderful/thirdparty/blocksds/core/libs/libnds/lib/libnds9.a(ff.c.o)
 .text.validate
                0x02008b84       0x5c /opt/wonderful/thirdparty/blocksds/core/libs/libnds/lib/libnds9.a(ff.c.o)
 .text.f_sync   0x02008be0       0xe4 /opt/wonderful/thirdparty/blocksds/core/libs/libnds/lib/libnds9.a(ff.c.o)
                0x02008be0                f_sync
 .text.f_close  0x02008cc4       0x30 /opt/wonderful/thirdparty/blocksds/core/libs/libnds/lib/libnds9.a(ff.c.o)
                0x02008cc4                f_close
 .text.dmaSetParams
                0x02008cf4       0x1c /opt/wonderful/thirdparty/blocksds/core/libs/libnds/lib/libnds9.a(dma.s.o)
                0x02008cf4                dmaSetParams
 .text.__ndsabi_rmemcpy
                0x02008d10       0xcc /opt/wonderful/thirdparty/blocksds/core/libs/libnds/lib/libnds9.a(rmemcpy.s.o)
                0x02008d10                __ndsabi_rmemcpy
 .text.__ndsabi_rmemcpy1
                0x02008ddc       0x14 /opt/wonderful/thirdparty/blocksds/core/libs/libnds/lib/libnds9.a(rmemcpy.s.o)
                0x02008ddc                __ndsabi_rmemcpy1
 .text.__ndsabi_coro_resume
                0x02008df0       0x18 /opt/wonderful/thirdparty/blocksds/core/libs/libnds/lib/libnds9.a(coroutine.s.o)
                0x02008df0                __ndsabi_coro_resume
 .text.__ndsabi_coro_yield
                0x02008e08       0x1c /opt/wonderful/thirdparty/blocksds/core/libs/libnds/lib/libnds9.a(coroutine.s.o)
                0x02008e08                __ndsabi_coro_yield
 .text.__ndsabi_coro_pop_noctx
                0x02008e24       0x34 /opt/wonderful/thirdparty/blocksds/core/libs/libnds/lib/libnds9.a(coroutine.s.o)
                0x02008e24                __ndsabi_coro_pop_noctx
 .text.checkIfText
                0x02008e58       0x5c /opt/wonderful/thirdparty/blocksds/core/libs/libnds/lib/libnds9.a(background.c.o)
                0x02008e58                checkIfText
 .text.bgUpdate
                0x02008eb4       0xf4 /opt/wonderful/thirdparty/blocksds/core/libs/libnds/lib/libnds9.a(background.c.o)
                0x02008eb4                bgUpdate
 .text.bgInit_call
                0x02008fa8       0xac /opt/wonderful/thirdparty/blocksds/core/libs/libnds/lib/libnds9.a(background.c.o)
                0x02008fa8                bgInit_call
 .text.bgInitSub_call
                0x02009054       0xb4 /opt/wonderful/thirdparty/blocksds/core/libs/libnds/lib/libnds9.a(background.c.o)
                0x02009054                bgInitSub_call
 .text.vramDefault
                0x02009108       0xc8 /opt/wonderful/thirdparty/blocksds/core/libs/libnds/lib/libnds9.a(video.c.o)
                0x02009108                vramDefault
 .text.systemValueHandler
                0x020091d0       0x44 /opt/wonderful/thirdparty/blocksds/core/libs/libnds/lib/libnds9.a(system.c.o)
                0x020091d0                systemValueHandler
 .text.systemMsgHandler
                0x02009214       0x2c /opt/wonderful/thirdparty/blocksds/core/libs/libnds/lib/libnds9.a(system.c.o)
                0x02009214                systemMsgHandler
 .text.powerOn  0x02009240       0x2c /opt/wonderful/thirdparty/blocksds/core/libs/libnds/lib/libnds9.a(system.c.o)
                0x02009240                powerOn
 .text.sinLutLookup
                0x0200926c       0x4c /opt/wonderful/thirdparty/blocksds/core/libs/libnds/lib/libnds9.a(trig.c.o)
                0x0200926c                sinLutLookup
 .text.sinLerp  0x020092b8       0x38 /opt/wonderful/thirdparty/blocksds/core/libs/libnds/lib/libnds9.a(trig.c.o)
                0x020092b8                sinLerp
 .text.cosLerp  0x020092f0       0x48 /opt/wonderful/thirdparty/blocksds/core/libs/libnds/lib/libnds9.a(trig.c.o)
                0x020092f0                cosLerp
 .text.ff_mutex_take
                0x02009338       0x1c /opt/wonderful/thirdparty/blocksds/core/libs/libnds/lib/libnds9.a(ffsystem.c.o)
                0x02009338                ff_mutex_take
 .text.ff_mutex_give
                0x02009354       0x10 /opt/wonderful/thirdparty/blocksds/core/libs/libnds/lib/libnds9.a(ffsystem.c.o)
                0x02009354                ff_mutex_give
 .text.disk_status
                0x02009364       0x28 /opt/wonderful/thirdparty/blocksds/core/libs/libnds/lib/libnds9.a(diskio.c.o)
                0x02009364                disk_status
 .text.disk_read
                0x0200938c       0xf8 /opt/wonderful/thirdparty/blocksds/core/libs/libnds/lib/libnds9.a(diskio.c.o)
                0x0200938c                disk_read
 .text.disk_write
                0x02009484       0xc8 /opt/wonderful/thirdparty/blocksds/core/libs/libnds/lib/libnds9.a(diskio.c.o)
                0x02009484                disk_write
 .text.disk_ioctl
                0x0200954c       0x2c /opt/wonderful/thirdparty/blocksds/core/libs/libnds/lib/libnds9.a(diskio.c.o)
                0x0200954c                disk_ioctl
 .text.get_fattime
                0x02009578       0x1c /opt/wonderful/thirdparty/blocksds/core/libs/libnds/lib/libnds9.a(diskio.c.o)
                0x02009578                get_fattime
 .text.retarget_lock_crash
                0x02009594        0x4 /opt/wonderful/thirdparty/blocksds/core/libs/libnds/lib/libnds9.a(locks.c.o)
 .text.__retarget_lock_acquire_recursive
                0x02009598       0x40 /opt/wonderful/thirdparty/blocksds/core/libs/libnds/lib/libnds9.a(locks.c.o)
                0x02009598                __retarget_lock_acquire_recursive
 .text.__retarget_lock_release_recursive
                0x020095d8       0x48 /opt/wonderful/thirdparty/blocksds/core/libs/libnds/lib/libnds9.a(locks.c.o)
                0x020095d8                __retarget_lock_release_recursive
 .text.__ndsabi_coro_make_noctx
                0x02009620       0x24 /opt/wonderful/thirdparty/blocksds/core/libs/libnds/lib/libnds9.a(coroutine.c.o)
                0x02009620                __ndsabi_coro_make_noctx
 .text.malloc_trim
                0x02009644       0xa0 /opt/wonderful/toolchain/gcc-arm-none-eabi/lib/gcc/arm-none-eabi/13.2.0/../../../../arm-none-eabi/lib/thumb/arm7tdmi/libc.a(malloc-free.c.o)
                0x02009644                malloc_trim
 .text.free     0x020096e4      0x168 /opt/wonderful/toolchain/gcc-arm-none-eabi/lib/gcc/arm-none-eabi/13.2.0/../../../../arm-none-eabi/lib/thumb/arm7tdmi/libc.a(malloc-free.c.o)
                0x020096e4                __malloc_free
                0x020096e4                free
 .text.malloc   0x0200984c      0x434 /opt/wonderful/toolchain/gcc-arm-none-eabi/lib/gcc/arm-none-eabi/13.2.0/../../../../arm-none-eabi/lib/thumb/arm7tdmi/libc.a(malloc-malloc.c.o)
                0x0200984c                malloc
 .text.__libc_init_array
                0x02009c80       0x60 /opt/wonderful/toolchain/gcc-arm-none-eabi/lib/gcc/arm-none-eabi/13.2.0/../../../../arm-none-eabi/lib/thumb/arm7tdmi/libc.a(libc_misc_init.c.o)
                0x02009c80                __libc_init_array
 .text.exit     0x02009ce0       0x20 /opt/wonderful/toolchain/gcc-arm-none-eabi/lib/gcc/arm-none-eabi/13.2.0/../../../../arm-none-eabi/lib/thumb/arm7tdmi/libc.a(libc_stdlib_pico-exit.c.o)
                0x02009ce0                exit
 .text.strcasecmp
                0x02009d00       0x34 /opt/wonderful/toolchain/gcc-arm-none-eabi/lib/gcc/arm-none-eabi/13.2.0/../../../../arm-none-eabi/lib/thumb/arm7tdmi/libc.a(libc_string_strcasecmp.c.o)
                0x02009d00                strcasecmp
 .text.strchr   0x02009d34       0x1e /opt/wonderful/toolchain/gcc-arm-none-eabi/lib/gcc/arm-none-eabi/13.2.0/../../../../arm-none-eabi/lib/thumb/arm7tdmi/libc.a(libc_string_strchr.c.o)
                0x02009d34                strchr
 .text.strncmp  0x02009d52       0x26 /opt/wonderful/toolchain/gcc-arm-none-eabi/lib/gcc/arm-none-eabi/13.2.0/../../../../arm-none-eabi/lib/thumb/arm7tdmi/libc.a(libc_string_strncmp.c.o)
                0x02009d52                strncmp
 .text.strncpy  0x02009d78       0x26 /opt/wonderful/toolchain/gcc-arm-none-eabi/lib/gcc/arm-none-eabi/13.2.0/../../../../arm-none-eabi/lib/thumb/arm7tdmi/libc.a(libc_string_strncpy.c.o)
                0x02009d78                strncpy
 .text.strstr   0x02009d9e       0x30 /opt/wonderful/toolchain/gcc-arm-none-eabi/lib/gcc/arm-none-eabi/13.2.0/../../../../arm-none-eabi/lib/thumb/arm7tdmi/libc.a(libc_string_strstr.c.o)
                0x02009d9e                strstr
 *fill*         0x02009dce        0x2 ff
 .text.localtime
                0x02009dd0       0x1c /opt/wonderful/toolchain/gcc-arm-none-eabi/lib/gcc/arm-none-eabi/13.2.0/../../../../arm-none-eabi/lib/thumb/arm7tdmi/libc.a(libc_time_lcltime.c.o)
                0x02009dd0                localtime
 .text.localtime_r
                0x02009dec      0x1fc /opt/wonderful/toolchain/gcc-arm-none-eabi/lib/gcc/arm-none-eabi/13.2.0/../../../../arm-none-eabi/lib/thumb/arm7tdmi/libc.a(libc_time_lcltime_r.c.o)
                0x02009dec                localtime_r
 .text.time     0x02009fe8       0x2e /opt/wonderful/toolchain/gcc-arm-none-eabi/lib/gcc/arm-none-eabi/13.2.0/../../../../arm-none-eabi/lib/thumb/arm7tdmi/libc.a(libc_time_time.c.o)
                0x02009fe8                time
 *fill*         0x0200a016        0x2 ff
 .text.__tzcalc_limits
                0x0200a018      0x180 /opt/wonderful/toolchain/gcc-arm-none-eabi/lib/gcc/arm-none-eabi/13.2.0/../../../../arm-none-eabi/lib/thumb/arm7tdmi/libc.a(libc_time_tzcalc_limits.c.o)
                0x0200a018                __tzcalc_limits
 .text._tzset_unlocked
                0x0200a198      0x3f4 /opt/wonderful/toolchain/gcc-arm-none-eabi/lib/gcc/arm-none-eabi/13.2.0/../../../../arm-none-eabi/lib/thumb/arm7tdmi/libc.a(libc_time_tzset.c.o)
                0x0200a198                _tzset_unlocked
 .text.fflush   0x0200a58c       0x1a /opt/wonderful/toolchain/gcc-arm-none-eabi/lib/gcc/arm-none-eabi/13.2.0/../../../../arm-none-eabi/lib/thumb/arm7tdmi/libc.a(libc_tinystdio_fflush.c.o)
                0x0200a58c                fflush
 *fill*         0x0200a5a6        0x2 ff
 .text.perror   0x0200a5a8       0x48 /opt/wonderful/toolchain/gcc-arm-none-eabi/lib/gcc/arm-none-eabi/13.2.0/../../../../arm-none-eabi/lib/thumb/arm7tdmi/libc.a(libc_tinystdio_perror.c.o)
                0x0200a5a8                perror
 .text.printf   0x0200a5f0       0x20 /opt/wonderful/toolchain/gcc-arm-none-eabi/lib/gcc/arm-none-eabi/13.2.0/../../../../arm-none-eabi/lib/thumb/arm7tdmi/libc.a(libc_tinystdio_printf.c.o)
                0x0200a5f0                printf
 .text.putchar  0x0200a610       0x14 /opt/wonderful/toolchain/gcc-arm-none-eabi/lib/gcc/arm-none-eabi/13.2.0/../../../../arm-none-eabi/lib/thumb/arm7tdmi/libc.a(libc_tinystdio_putchar.c.o)
                0x0200a610                putchar
 .text.puts     0x0200a624       0x4c /opt/wonderful/toolchain/gcc-arm-none-eabi/lib/gcc/arm-none-eabi/13.2.0/../../../../arm-none-eabi/lib/thumb/arm7tdmi/libc.a(libc_tinystdio_puts.c.o)
                0x0200a624                puts
 .text.setvbuf  0x0200a670       0x20 /opt/wonderful/toolchain/gcc-arm-none-eabi/lib/gcc/arm-none-eabi/13.2.0/../../../../arm-none-eabi/lib/thumb/arm7tdmi/libc.a(libc_tinystdio_setvbuf.c.o)
                0x0200a670                setvbuf
 .text.snprintf
                0x0200a690       0x5c /opt/wonderful/toolchain/gcc-arm-none-eabi/lib/gcc/arm-none-eabi/13.2.0/../../../../arm-none-eabi/lib/thumb/arm7tdmi/libc.a(libc_tinystdio_snprintf.c.o)
                0x0200a690                snprintf
 .text.sscanf   0x0200a6ec       0x3c /opt/wonderful/toolchain/gcc-arm-none-eabi/lib/gcc/arm-none-eabi/13.2.0/../../../../arm-none-eabi/lib/thumb/arm7tdmi/libc.a(libc_tinystdio_sscanf.c.o)
                0x0200a6ec                sscanf
 .text.strtoul  0x0200a728      0x130 /opt/wonderful/toolchain/gcc-arm-none-eabi/lib/gcc/arm-none-eabi/13.2.0/../../../../arm-none-eabi/lib/thumb/arm7tdmi/libc.a(libc_tinystdio_strtoul.c.o)
                0x0200a728                strtoul
 .text.__ultoa_invert
                0x0200a858       0x56 /opt/wonderful/toolchain/gcc-arm-none-eabi/lib/gcc/arm-none-eabi/13.2.0/../../../../arm-none-eabi/lib/thumb/arm7tdmi/libc.a(libc_tinystdio_vfprintf.c.o)
 *fill*         0x0200a8ae        0x2 ff
 .text.skip_to_arg
                0x0200a8b0      0x140 /opt/wonderful/toolchain/gcc-arm-none-eabi/lib/gcc/arm-none-eabi/13.2.0/../../../../arm-none-eabi/lib/thumb/arm7tdmi/libc.a(libc_tinystdio_vfprintf.c.o)
 .text.vfprintf
                0x0200a9f0      0xa30 /opt/wonderful/toolchain/gcc-arm-none-eabi/lib/gcc/arm-none-eabi/13.2.0/../../../../arm-none-eabi/lib/thumb/arm7tdmi/libc.a(libc_tinystdio_vfprintf.c.o)
                0x0200a9f0                __d_vfprintf
                0x0200a9f0                vfprintf
 .text.scanf_getc
                0x0200b420       0x18 /opt/wonderful/toolchain/gcc-arm-none-eabi/lib/gcc/arm-none-eabi/13.2.0/../../../../arm-none-eabi/lib/thumb/arm7tdmi/libc.a(libc_tinystdio_vfscanf.c.o)
 .text.putval   0x0200b438       0x2e /opt/wonderful/toolchain/gcc-arm-none-eabi/lib/gcc/arm-none-eabi/13.2.0/../../../../arm-none-eabi/lib/thumb/arm7tdmi/libc.a(libc_tinystdio_vfscanf.c.o)
 .text.scanf_ungetc.isra.0
                0x0200b466       0x18 /opt/wonderful/toolchain/gcc-arm-none-eabi/lib/gcc/arm-none-eabi/13.2.0/../../../../arm-none-eabi/lib/thumb/arm7tdmi/libc.a(libc_tinystdio_vfscanf.c.o)
 .text.skip_spaces
                0x0200b47e       0x2e /opt/wonderful/toolchain/gcc-arm-none-eabi/lib/gcc/arm-none-eabi/13.2.0/../../../../arm-none-eabi/lib/thumb/arm7tdmi/libc.a(libc_tinystdio_vfscanf.c.o)
 .text.vfscanf  0x0200b4ac      0x984 /opt/wonderful/toolchain/gcc-arm-none-eabi/lib/gcc/arm-none-eabi/13.2.0/../../../../arm-none-eabi/lib/thumb/arm7tdmi/libc.a(libc_tinystdio_vfscanf.c.o)
                0x0200b4ac                __d_vfscanf
                0x0200b4ac                vfscanf
 .text.mulShift64
                0x0200be30       0x68 /opt/wonderful/toolchain/gcc-arm-none-eabi/lib/gcc/arm-none-eabi/13.2.0/../../../../arm-none-eabi/lib/thumb/arm7tdmi/libc.a(libc_tinystdio_atod_ryu.c.o)
 .text.__atod_engine
                0x0200be98      0x164 /opt/wonderful/toolchain/gcc-arm-none-eabi/lib/gcc/arm-none-eabi/13.2.0/../../../../arm-none-eabi/lib/thumb/arm7tdmi/libc.a(libc_tinystdio_atod_ryu.c.o)
                0x0200be98                __atod_engine
 .text.__atof_engine
                0x0200bffc      0x122 /opt/wonderful/toolchain/gcc-arm-none-eabi/lib/gcc/arm-none-eabi/13.2.0/../../../../arm-none-eabi/lib/thumb/arm7tdmi/libc.a(libc_tinystdio_atof_ryu.c.o)
                0x0200bffc                __atof_engine
 .text.mulShiftAll64
                0x0200c11e      0x1ea /opt/wonderful/toolchain/gcc-arm-none-eabi/lib/gcc/arm-none-eabi/13.2.0/../../../../arm-none-eabi/lib/thumb/arm7tdmi/libc.a(libc_tinystdio_dtoa_ryu.c.o)
 .text.div10    0x0200c308       0x28 /opt/wonderful/toolchain/gcc-arm-none-eabi/lib/gcc/arm-none-eabi/13.2.0/../../../../arm-none-eabi/lib/thumb/arm7tdmi/libc.a(libc_tinystdio_dtoa_ryu.c.o)
 .text.__dtoa_engine
                0x0200c330      0x494 /opt/wonderful/toolchain/gcc-arm-none-eabi/lib/gcc/arm-none-eabi/13.2.0/../../../../arm-none-eabi/lib/thumb/arm7tdmi/libc.a(libc_tinystdio_dtoa_ryu.c.o)
                0x0200c330                __dtoa_engine
 .text.mulShift32
                0x0200c7c4       0x4e /opt/wonderful/toolchain/gcc-arm-none-eabi/lib/gcc/arm-none-eabi/13.2.0/../../../../arm-none-eabi/lib/thumb/arm7tdmi/libc.a(libc_tinystdio_ryu_divpow2.c.o)
 .text.__mulPow5InvDivPow2
                0x0200c812       0x2c /opt/wonderful/toolchain/gcc-arm-none-eabi/lib/gcc/arm-none-eabi/13.2.0/../../../../arm-none-eabi/lib/thumb/arm7tdmi/libc.a(libc_tinystdio_ryu_divpow2.c.o)
                0x0200c812                __mulPow5InvDivPow2
 .text.__mulPow5divPow2
                0x0200c83e       0x24 /opt/wonderful/toolchain/gcc-arm-none-eabi/lib/gcc/arm-none-eabi/13.2.0/../../../../arm-none-eabi/lib/thumb/arm7tdmi/libc.a(libc_tinystdio_ryu_divpow2.c.o)
                0x0200c83e                __mulPow5divPow2
 *fill*         0x0200c862        0x2 ff
 .text.__log10Pow2
                0x0200c864        0xc /opt/wonderful/toolchain/gcc-arm-none-eabi/lib/gcc/arm-none-eabi/13.2.0/../../../../arm-none-eabi/lib/thumb/arm7tdmi/libc.a(libc_tinystdio_ryu_log10.c.o)
                0x0200c864                __log10Pow2
 .text.__log10Pow5
                0x0200c870        0xc /opt/wonderful/toolchain/gcc-arm-none-eabi/lib/gcc/arm-none-eabi/13.2.0/../../../../arm-none-eabi/lib/thumb/arm7tdmi/libc.a(libc_tinystdio_ryu_log10.c.o)
                0x0200c870                __log10Pow5
 .text.__log2pow5
                0x0200c87c        0xc /opt/wonderful/toolchain/gcc-arm-none-eabi/lib/gcc/arm-none-eabi/13.2.0/../../../../arm-none-eabi/lib/thumb/arm7tdmi/libc.a(libc_tinystdio_ryu_log2pow5.c.o)
                0x0200c87c                __log2pow5
 .text.__ceil_log2pow5
                0x0200c888       0x10 /opt/wonderful/toolchain/gcc-arm-none-eabi/lib/gcc/arm-none-eabi/13.2.0/../../../../arm-none-eabi/lib/thumb/arm7tdmi/libc.a(libc_tinystdio_ryu_log2pow5.c.o)
                0x0200c888                __ceil_log2pow5
 .text.__pow5bits
                0x0200c898       0x10 /opt/wonderful/toolchain/gcc-arm-none-eabi/lib/gcc/arm-none-eabi/13.2.0/../../../../arm-none-eabi/lib/thumb/arm7tdmi/libc.a(libc_tinystdio_ryu_pow5bits.c.o)
                0x0200c898                __pow5bits
 .text.__pow5Factor
                0x0200c8a8       0x30 /opt/wonderful/toolchain/gcc-arm-none-eabi/lib/gcc/arm-none-eabi/13.2.0/../../../../arm-none-eabi/lib/thumb/arm7tdmi/libc.a(libc_tinystdio_ryu_table.c.o)
                0x0200c8a8                __pow5Factor
 .text.__double_computePow5
                0x0200c8d8      0x100 /opt/wonderful/toolchain/gcc-arm-none-eabi/lib/gcc/arm-none-eabi/13.2.0/../../../../arm-none-eabi/lib/thumb/arm7tdmi/libc.a(libc_tinystdio_ryu_table.c.o)
                0x0200c8d8                __double_computePow5
 .text.__double_computeInvPow5
                0x0200c9d8      0x104 /opt/wonderful/toolchain/gcc-arm-none-eabi/lib/gcc/arm-none-eabi/13.2.0/../../../../arm-none-eabi/lib/thumb/arm7tdmi/libc.a(libc_tinystdio_ryu_table.c.o)
                0x0200c9d8                __double_computeInvPow5
 .text.__umul128
                0x0200cadc       0x74 /opt/wonderful/toolchain/gcc-arm-none-eabi/lib/gcc/arm-none-eabi/13.2.0/../../../../arm-none-eabi/lib/thumb/arm7tdmi/libc.a(libc_tinystdio_ryu_umul128.c.o)
                0x0200cadc                __umul128
 .text.__shiftright128
                0x0200cb50       0x2c /opt/wonderful/toolchain/gcc-arm-none-eabi/lib/gcc/arm-none-eabi/13.2.0/../../../../arm-none-eabi/lib/thumb/arm7tdmi/libc.a(libc_tinystdio_ryu_umul128.c.o)
                0x0200cb50                __shiftright128
 .text.__picolibc_non_atomic_exchange_ungetc
                0x0200cb7c        0x8 /opt/wonderful/toolchain/gcc-arm-none-eabi/lib/gcc/arm-none-eabi/13.2.0/../../../../arm-none-eabi/lib/thumb/arm7tdmi/libc.a(libc_tinystdio_exchange.c.o)
                0x0200cb7c                __atomic_exchange_ungetc
                0x0200cb7c                __picolibc_non_atomic_exchange_ungetc
 .text.__libc_fini_array
                0x0200cb84       0x3c /opt/wonderful/toolchain/gcc-arm-none-eabi/lib/gcc/arm-none-eabi/13.2.0/../../../../arm-none-eabi/lib/thumb/arm7tdmi/libc.a(libc_misc_fini.c.o)
                0x0200cb84                __libc_fini_array
 .text.getenv   0x0200cbc0        0xe /opt/wonderful/toolchain/gcc-arm-none-eabi/lib/gcc/arm-none-eabi/13.2.0/../../../../arm-none-eabi/lib/thumb/arm7tdmi/libc.a(libc_stdlib_getenv.c.o)
                0x0200cbc0                getenv
 *fill*         0x0200cbce        0x2 ff
 .text._findenv
                0x0200cbd0       0x80 /opt/wonderful/toolchain/gcc-arm-none-eabi/lib/gcc/arm-none-eabi/13.2.0/../../../../arm-none-eabi/lib/thumb/arm7tdmi/libc.a(libc_stdlib_getenv_r.c.o)
                0x0200cbd0                _findenv
 .text._strerror_r
                0x0200cc50      0x3cc /opt/wonderful/toolchain/gcc-arm-none-eabi/lib/gcc/arm-none-eabi/13.2.0/../../../../arm-none-eabi/lib/thumb/arm7tdmi/libc.a(libc_string_strerror.c.o)
                0x0200cc50                _strerror_r
 .text.strerror
                0x0200d01c       0x10 /opt/wonderful/toolchain/gcc-arm-none-eabi/lib/gcc/arm-none-eabi/13.2.0/../../../../arm-none-eabi/lib/thumb/arm7tdmi/libc.a(libc_string_strerror.c.o)
                0x0200d01c                strerror
 .text.strnlen  0x0200d02c       0x16 /opt/wonderful/toolchain/gcc-arm-none-eabi/lib/gcc/arm-none-eabi/13.2.0/../../../../arm-none-eabi/lib/thumb/arm7tdmi/libc.a(libc_string_strnlen.c.o)
                0x0200d02c                strnlen
 .text._user_strerror
                0x0200d042        0x4 /opt/wonderful/toolchain/gcc-arm-none-eabi/lib/gcc/arm-none-eabi/13.2.0/../../../../arm-none-eabi/lib/thumb/arm7tdmi/libc.a(libc_string_u_strerr.c.o)
                0x0200d042                _user_strerror
 *fill*         0x0200d046        0x2 ff
 .text.__gettzinfo
                0x0200d048        0x8 /opt/wonderful/toolchain/gcc-arm-none-eabi/lib/gcc/arm-none-eabi/13.2.0/../../../../arm-none-eabi/lib/thumb/arm7tdmi/libc.a(libc_time_gettzinfo.c.o)
                0x0200d048                __gettzinfo
 .text.gmtime_r
                0x0200d050      0x1ac /opt/wonderful/toolchain/gcc-arm-none-eabi/lib/gcc/arm-none-eabi/13.2.0/../../../../arm-none-eabi/lib/thumb/arm7tdmi/libc.a(libc_time_gmtime_r.c.o)
                0x0200d050                gmtime_r
 .text.__dtox_engine
                0x0200d1fc      0x140 /opt/wonderful/toolchain/gcc-arm-none-eabi/lib/gcc/arm-none-eabi/13.2.0/../../../../arm-none-eabi/lib/thumb/arm7tdmi/libc.a(libc_tinystdio_dtox_engine.c.o)
                0x0200d1fc                __dtox_engine
 .text.fgetc    0x0200d33c       0x48 /opt/wonderful/toolchain/gcc-arm-none-eabi/lib/gcc/arm-none-eabi/13.2.0/../../../../arm-none-eabi/lib/thumb/arm7tdmi/libc.a(libc_tinystdio_fgetc.c.o)
                0x0200d33c                getc
                0x0200d33c                fgetc
 .text.__file_str_get
                0x0200d384       0x16 /opt/wonderful/toolchain/gcc-arm-none-eabi/lib/gcc/arm-none-eabi/13.2.0/../../../../arm-none-eabi/lib/thumb/arm7tdmi/libc.a(libc_tinystdio_filestrget.c.o)
                0x0200d384                __file_str_get
 .text.__file_str_put
                0x0200d39a       0x10 /opt/wonderful/toolchain/gcc-arm-none-eabi/lib/gcc/arm-none-eabi/13.2.0/../../../../arm-none-eabi/lib/thumb/arm7tdmi/libc.a(libc_tinystdio_filestrput.c.o)
                0x0200d39a                __file_str_put
 .text.fprintf  0x0200d3aa       0x16 /opt/wonderful/toolchain/gcc-arm-none-eabi/lib/gcc/arm-none-eabi/13.2.0/../../../../arm-none-eabi/lib/thumb/arm7tdmi/libc.a(libc_tinystdio_fprintf.c.o)
                0x0200d3aa                fprintf
 .text.fputc    0x0200d3c0       0x34 /opt/wonderful/toolchain/gcc-arm-none-eabi/lib/gcc/arm-none-eabi/13.2.0/../../../../arm-none-eabi/lib/thumb/arm7tdmi/libc.a(libc_tinystdio_fputc.c.o)
                0x0200d3c0                putc
                0x0200d3c0                fputc
 .text.ungetc   0x0200d3f4       0x3a /opt/wonderful/toolchain/gcc-arm-none-eabi/lib/gcc/arm-none-eabi/13.2.0/../../../../arm-none-eabi/lib/thumb/arm7tdmi/libc.a(libc_tinystdio_ungetc.c.o)
                0x0200d3f4                ungetc
 .text.__picolibc_non_atomic_compare_exchange_ungetc
                0x0200d42e       0x16 /opt/wonderful/toolchain/gcc-arm-none-eabi/lib/gcc/arm-none-eabi/13.2.0/../../../../arm-none-eabi/lib/thumb/arm7tdmi/libc.a(libc_tinystdio_compare_exchange.c.o)
                0x0200d42e                __picolibc_non_atomic_compare_exchange_ungetc
                0x0200d42e                __atomic_compare_exchange_ungetc
 .text.gettimeofday
                0x0200d444       0x1c /opt/wonderful/thirdparty/blocksds/core/libs/libnds/lib/libnds9.a(syscalls.c.o)
                0x0200d444                gettimeofday
 .text.gettimeofday.__stub
                0x0200d460      0x100 linker stubs
 *(EXCLUDE_FILE(*.twl*) .gnu.warning)
 *(EXCLUDE_FILE(*.twl*) .gnu.linkonce.t*)
 *(.glue_7)
 .glue_7        0x0200d578        0x0 linker stubs
 *(.glue_7t)
 .glue_7t       0x0200d578        0x0 linker stubs
                0x0200d578                        . = ALIGN (0x4)

.vfp11_veneer   0x0200d578        0x0
 .vfp11_veneer  0x0200d578        0x0 linker stubs

.v4_bx          0x0200d578        0x0
 .v4_bx         0x0200d578        0x0 linker stubs

.iplt           0x0200d578        0x0
 .iplt          0x0200d578        0x0 build/source/main.c.o

.fini
 *(.fini)
                0x0200d578                        __text_end = .

.rodata         0x0200d578     0x12a4
 *(EXCLUDE_FILE(*.twl*) .rodata)
 .rodata        0x0200d578       0x14 /opt/wonderful/thirdparty/blocksds/core/libs/libnds/lib/libnds9.a(fatfs.c.o)
 .rodata        0x0200d58c       0x18 /opt/wonderful/toolchain/gcc-arm-none-eabi/lib/gcc/arm-none-eabi/13.2.0/../../../../arm-none-eabi/lib/thumb/arm7tdmi/libc.a(libc_time_month_lengths.c.o)
                0x0200d58c                __month_lengths
 .rodata        0x0200d5a4        0xb /opt/wonderful/toolchain/gcc-arm-none-eabi/lib/gcc/arm-none-eabi/13.2.0/../../../../arm-none-eabi/lib/thumb/arm7tdmi/libc.a(libc_tinystdio_vfscanf.c.o)
 *fill*         0x0200d5af        0x1 ff
 .rodata        0x0200d5b0      0x338 /opt/wonderful/toolchain/gcc-arm-none-eabi/lib/gcc/arm-none-eabi/13.2.0/../../../../arm-none-eabi/lib/thumb/arm7tdmi/libc.a(libc_tinystdio_ryu_table.c.o)
 *all.rodata*(*)
 *(EXCLUDE_FILE(*.twl*) .roda)
 *(EXCLUDE_FILE(*.twl*) .rodata.*)
 .rodata.getHttp.str1.4
                0x0200d8e8      0x2d4 build/source/main.c.o
                                0x1f2 (size before relaxing)
 .rodata.main.str1.4
                0x0200dbbc       0x98 build/source/main.c.o
 .rodata.Wifi_AssocStatus
                0x0200dbbc       0x14 /opt/wonderful/thirdparty/blocksds/core/libs/dswifi/lib/libdswifi9.a(wifi_arm9.c.o)
 .rodata.sgIP_DHCP_Init.str1.4
                0x0200dbd0        0xb /opt/wonderful/thirdparty/blocksds/core/libs/dswifi/lib/libdswifi9.a(sgIP_DHCP.c.o)
 .rodata.sgIP_DHCP_BeginDgram.str1.4
                0x0200dbd0        0x9 /opt/wonderful/thirdparty/blocksds/core/libs/dswifi/lib/libdswifi9.a(sgIP_DHCP.c.o)
 .rodata.sgIP_TCP_Timer
                0x0200dbd0       0x24 /opt/wonderful/thirdparty/blocksds/core/libs/dswifi/lib/libdswifi9.a(sgIP_TCP.c.o)
 .rodata.sgIP_TCP_ReceivePacket
                0x0200dbf4       0x48 /opt/wonderful/thirdparty/blocksds/core/libs/dswifi/lib/libdswifi9.a(sgIP_TCP.c.o)
 .rodata.con_write.str1.4
                0x0200dc3c       0x30 /opt/wonderful/thirdparty/blocksds/core/libs/libnds/lib/libnds9.a(console.c.o)
 .rodata.con_write
                0x0200dc3c       0xd4 /opt/wonderful/thirdparty/blocksds/core/libs/libnds/lib/libnds9.a(console.c.o)
 .rodata.stderr
                0x0200dd10        0x4 /opt/wonderful/thirdparty/blocksds/core/libs/libnds/lib/libnds9.a(iob.c.o)
                0x0200dd10                stderr
 .rodata.stdout
                0x0200dd14        0x4 /opt/wonderful/thirdparty/blocksds/core/libs/libnds/lib/libnds9.a(iob.c.o)
                0x0200dd14                stdout
 .rodata.default_fontTiles
                0x0200dd18      0x300 /opt/wonderful/thirdparty/blocksds/core/libs/libnds/lib/libnds9.a(default_font.png.o)
                0x0200dd18                default_fontTiles
 .rodata.SIN_LUT
                0x0200e018      0x102 /opt/wonderful/thirdparty/blocksds/core/libs/libnds/lib/libnds9.a(trig.c.o)
                0x0200e018                SIN_LUT
 .rodata.str1.1
                0x0200e11a      0x702 /opt/wonderful/toolchain/gcc-arm-none-eabi/lib/gcc/arm-none-eabi/13.2.0/../../../../arm-none-eabi/lib/thumb/arm7tdmi/libc.a(libc_time_tzset.c.o)
                                 0x61 (size before relaxing)
 .rodata.str1.1
                0x0200e81c        0x4 /opt/wonderful/toolchain/gcc-arm-none-eabi/lib/gcc/arm-none-eabi/13.2.0/../../../../arm-none-eabi/lib/thumb/arm7tdmi/libc.a(libc_time_tzvars.c.o)
 .rodata.str1.1
                0x0200e81c        0x9 /opt/wonderful/toolchain/gcc-arm-none-eabi/lib/gcc/arm-none-eabi/13.2.0/../../../../arm-none-eabi/lib/thumb/arm7tdmi/libc.a(libc_tinystdio_perror.c.o)
 .rodata.str1.1
                0x0200e81c        0xf /opt/wonderful/toolchain/gcc-arm-none-eabi/lib/gcc/arm-none-eabi/13.2.0/../../../../arm-none-eabi/lib/thumb/arm7tdmi/libc.a(libc_tinystdio_vfprintf.c.o)
 .rodata.str1.1
                0x0200e81c       0x13 /opt/wonderful/toolchain/gcc-arm-none-eabi/lib/gcc/arm-none-eabi/13.2.0/../../../../arm-none-eabi/lib/thumb/arm7tdmi/libc.a(libc_tinystdio_vfscanf.c.o)
 .rodata.str1.1
                0x0200e81c      0x68a /opt/wonderful/toolchain/gcc-arm-none-eabi/lib/gcc/arm-none-eabi/13.2.0/../../../../arm-none-eabi/lib/thumb/arm7tdmi/libc.a(libc_string_strerror.c.o)
 *(EXCLUDE_FILE(*.twl*) .gnu.linkonce.r*)
                0x0200eea8                        . = ALIGN (0x4)

.ARM.extab
 *(.ARM.extab* .gnu.linkonce.armextab.*)
                0x0200e81c                        __exidx_start = .

ARM.exidx       0x0200e81c        0x8
 *(.ARM.exidx* .gnu.linkonce.armexidx.*)
 .ARM.exidx     0x0200e81c        0x8 /opt/wonderful/toolchain/gcc-arm-none-eabi/lib/gcc/arm-none-eabi/13.2.0/thumb/arm7tdmi/libgcc.a(_udivmoddi4.o)
                0x0200e824                        __exidx_end = .
                0x0200e824                        . = ALIGN (0x4)
                0x0200e824                        PROVIDE (__preinit_array_start = .)

.preinit_array
 *(.preinit_array)
                0x0200e824                        PROVIDE (__preinit_array_end = .)
                0x0200e824                        PROVIDE (__init_array_start = .)

.init_array
 *(SORT_BY_NAME(.init_array.*))
 *(.init_array)
                0x0200e824                        PROVIDE (__init_array_end = .)
                0x0200e824                        PROVIDE (__fini_array_start = .)

.fini_array
 *(.fini_array)
 *(SORT_BY_NAME(.fini_array.*))
                0x0200e824                        PROVIDE (__fini_array_end = .)

.ctors          0x0200e824        0x0
 *crtbegin.o(.ctors)
 *(EXCLUDE_FILE(*crtend.o) .ctors)
 *(SORT_BY_NAME(.ctors.*))
 *(.ctors)
                0x0200e824                        . = ALIGN (0x4)

.dtors          0x0200e824        0x0
 *crtbegin.o(.dtors)
 *(EXCLUDE_FILE(*crtend.o) .dtors)
 *(SORT_BY_NAME(.dtors.*))
 *(.dtors)
                0x0200e824                        . = ALIGN (0x4)

.eh_frame       0x0200e824        0x0
 *(.eh_frame)
                0x0200e824                        . = ALIGN (0x4)

.gcc_except_table
                0x0200e824        0x0
 *(.gcc_except_table)
                0x0200e824                        . = ALIGN (0x4)

.jcr
 *(.jcr)

.got            0x0200e824       0x10
 *(.got.plt)
 .got.plt       0x0200e824        0xc build/source/main.c.o
                0x0200e824                _GLOBAL_OFFSET_TABLE_
 *(.got)
 .got           0x0200e830        0x4 build/source/main.c.o
 *(.rel.got)
 .rel.got       0x0200e834        0x0 build/source/main.c.o

.ewram          0x0200e834        0x0
                0x0200e834                        __ewram_start = ABSOLUTE (.)
 *(.ewram)
 *ewram.*(.text)
                0x0200e834                        . = ALIGN (0x4)

.data           0x0200e834      0x540
                0x0200e834                        __data_start = ABSOLUTE (.)
 *(EXCLUDE_FILE(*.twl*) .data)
 .data          0x0200e834       0x28 /opt/wonderful/thirdparty/blocksds/core/libs/libnds/lib/libnds9.a(mpu_setup.s.o)
 .data          0x0200e85c      0x410 /opt/wonderful/toolchain/gcc-arm-none-eabi/lib/gcc/arm-none-eabi/13.2.0/../../../../arm-none-eabi/lib/thumb/arm7tdmi/libc.a(malloc-malloc.c.o)
                0x0200e85c                __malloc_sbrk_base
                0x0200e860                __malloc_trim_threshold
                0x0200e864                __malloc_av_
 .data          0x0200ec6c        0x8 /opt/wonderful/toolchain/gcc-arm-none-eabi/lib/gcc/arm-none-eabi/13.2.0/../../../../arm-none-eabi/lib/thumb/arm7tdmi/libc.a(libc_time_tzvars.c.o)
                0x0200ec6c                _tzname
 .data          0x0200ec74        0x4 /opt/wonderful/toolchain/gcc-arm-none-eabi/lib/gcc/arm-none-eabi/13.2.0/../../../../arm-none-eabi/lib/thumb/arm7tdmi/libc.a(libc_stdlib_environ.c.o)
                0x0200ec74                environ
 *(EXCLUDE_FILE(*.twl*) .data.*)
 .data.count    0x0200ec78        0x1 /opt/wonderful/thirdparty/blocksds/core/libs/libnds/lib/libnds9.a(keys.c.o)
 .data.repeat   0x0200ec79        0x1 /opt/wonderful/thirdparty/blocksds/core/libs/libnds/lib/libnds9.a(keys.c.o)
 .data.delay    0x0200ec7a        0x1 /opt/wonderful/thirdparty/blocksds/core/libs/libnds/lib/libnds9.a(keys.c.o)
 *fill*         0x0200ec7b        0x1 ff
 .data.latchedArm7Buttons
                0x0200ec7c        0x2 /opt/wonderful/thirdparty/blocksds/core/libs/libnds/lib/libnds9.a(keys.c.o)
 .data.receivedArm7Buttons
                0x0200ec7e        0x2 /opt/wonderful/thirdparty/blocksds/core/libs/libnds/lib/libnds9.a(keys.c.o)
 .data.firstConsoleInit.0
                0x0200ec80        0x1 /opt/wonderful/thirdparty/blocksds/core/libs/libnds/lib/libnds9.a(console.c.o)
 *fill*         0x0200ec81        0x3 ff
 .data.currentConsole
                0x0200ec84        0x4 /opt/wonderful/thirdparty/blocksds/core/libs/libnds/lib/libnds9.a(console.c.o)
                0x0200ec84                currentConsole
 .data.defaultConsole
                0x0200ec88       0x5c /opt/wonderful/thirdparty/blocksds/core/libs/libnds/lib/libnds9.a(console.c.o)
                0x0200ec88                defaultConsole
 .data.__stderr
                0x0200ece4       0x10 /opt/wonderful/thirdparty/blocksds/core/libs/libnds/lib/libnds9.a(iob.c.o)
 .data.__stdout
                0x0200ecf4       0x10 /opt/wonderful/thirdparty/blocksds/core/libs/libnds/lib/libnds9.a(iob.c.o)
 .data.fifo_freewords
                0x0200ed04        0x4 /opt/wonderful/thirdparty/blocksds/core/libs/libnds/lib/libnds9.a(fifosystem.c.o)
 .data.fifo_receive_queue
                0x0200ed08        0x4 /opt/wonderful/thirdparty/blocksds/core/libs/libnds/lib/libnds9.a(fifosystem.c.o)
 .data.fifo_send_queue
                0x0200ed0c        0x4 /opt/wonderful/thirdparty/blocksds/core/libs/libnds/lib/libnds9.a(fifosystem.c.o)
 .data.fifo_buffer_free
                0x0200ed10        0x4 /opt/wonderful/thirdparty/blocksds/core/libs/libnds/lib/libnds9.a(fifosystem.c.o)
 .data.bgTransform
                0x0200ed14       0x20 /opt/wonderful/thirdparty/blocksds/core/libs/libnds/lib/libnds9.a(background.c.o)
                0x0200ed14                bgTransform
 .data.bgScrollTable
                0x0200ed34       0x20 /opt/wonderful/thirdparty/blocksds/core/libs/libnds/lib/libnds9.a(background.c.o)
                0x0200ed34                bgScrollTable
 .data.bgControl
                0x0200ed54       0x20 /opt/wonderful/thirdparty/blocksds/core/libs/libnds/lib/libnds9.a(background.c.o)
                0x0200ed54                bgControl
 *(EXCLUDE_FILE(*.twl*) .gnu.linkonce.d*)
                0x0200ed74                        . = ALIGN (0x4)

.igot.plt       0x0200ed74        0x0
 .igot.plt      0x0200ed74        0x0 build/source/main.c.o

.tdata          0x0200ed74        0x0
                0x0200ed74                        __tdata_start = ABSOLUTE (.)
 *(.tdata .tdata.* .gnu.linkonce.td.*)
                0x0200ed74                        . = ALIGN (0x4)
                0x0200ed74                        __tdata_end = ABSOLUTE (.)
                0x0200ed74                        __data_end = .
                0x00000000                        __tdata_size = (__tdata_end - __tdata_start)

.tbss           0x0200ed74       0x28
                0x0200ed74                        __tbss_start = ABSOLUTE (.)
 *(.tbss .tbss.* .gnu.linkonce.tb.*)
 .tbss          0x0200ed74        0x4 /opt/wonderful/toolchain/gcc-arm-none-eabi/lib/gcc/arm-none-eabi/13.2.0/../../../../arm-none-eabi/lib/thumb/arm7tdmi/libc.a(libc_errno_errno.c.o)
                0x0200ed74                errno
 .tbss          0x0200ed78       0x24 /opt/wonderful/toolchain/gcc-arm-none-eabi/lib/gcc/arm-none-eabi/13.2.0/../../../../arm-none-eabi/lib/thumb/arm7tdmi/libc.a(libc_time_lcltime_buf.c.o)
                0x0200ed78                _localtime_buf
 *(.tcommon)
                0x0200ed9c                        . = ALIGN (0x4)
                0x0200ed9c                        __tbss_end = ABSOLUTE (.)
                0x00000028                        __tbss_size = (__tbss_end - __tbss_start)
                0x0200ed74                        __bss_vma = .

.dtcm           0x02ff0000        0x0 load address 0x0200ed74
                0x0200ed74                        __dtcm_lma = LOADADDR (.dtcm)
                0x02ff0000                        __dtcm_start = ABSOLUTE (.)
 *(.dtcm)
 *(.dtcm.*)
                0x02ff0000                        . = ALIGN (0x4)
                0x02ff0000                        __dtcm_end = ABSOLUTE (.)

.itcm           0x01000100      0x26c load address 0x0200ed74
                0x0200ed74                        __itcm_lma = LOADADDR (.itcm)
                0x01000100                        __itcm_start = ABSOLUTE (.)
 *(.itcm)
 *(.itcm.*)
 .itcm.data     0x01000100      0x100 /opt/wonderful/thirdparty/blocksds/core/libs/libnds/lib/libnds9.a(interrupts.c.o)
                0x01000100                irqTable
 .itcm.text     0x01000200       0x3c /opt/wonderful/thirdparty/blocksds/core/libs/libnds/lib/libnds9.a(threads.c.o)
                0x01000200                cothread_scheduler_refresh_irq_flags
 .itcm.setCpuClock
                0x0100023c       0x50 /opt/wonderful/thirdparty/blocksds/core/libs/libnds/lib/libnds9.a(cpu_clock.s.o)
                0x0100023c                setCpuClock
 .itcm.IntrMain
                0x0100028c       0xe0 /opt/wonderful/thirdparty/blocksds/core/libs/libnds/lib/libnds9.a(interruptDispatcher.s.o)
                0x0100028c                IntrMain
 *.itcm*(.text .stub .text.*)
                0x0100036c                        . = ALIGN (0x4)
                0x0100036c                        __itcm_end = ABSOLUTE (.)

.vectors        0x01000000        0x0 load address 0x0200efe0
                0x0200efe0                        __vectors_lma = LOADADDR (.vectors)
                0x01000000                        __vectors_start = ABSOLUTE (.)
 *(.vectors .vectors.*)
                0x01000000                        . = ALIGN (0x4)
                0x01000000                        __vectors_end = ABSOLUTE (.)

.sbss           0x02ff0000        0x4
                0x02ff0000                        __sbss_start = ABSOLUTE (.)
                0x02ff0000                        __sbss_start__ = ABSOLUTE (.)
 *(.sbss)
 .sbss          0x02ff0000        0x4 /opt/wonderful/thirdparty/blocksds/core/libs/libnds/lib/libnds9.a(threads.c.o)
                0x02ff0000                cothread_irq_flags
                0x02ff0004                        . = ALIGN (0x4)
                0x02ff0004                        __sbss_end = ABSOLUTE (.)

.bss            0x0200ed74    0x82ac8
                0x0200ed74                        __bss_start = ABSOLUTE (.)
                0x0200ed74                        __bss_start__ = ABSOLUTE (.)
 *(EXCLUDE_FILE(*.twl*) .dynbss)
 *(EXCLUDE_FILE(*.twl*) .gnu.linkonce.b*)
 *(EXCLUDE_FILE(*.twl*) .bss*)
 .bss.response_buffer.0
                0x0200ed74    0x80000 build/source/main.c.o
 .bss.request_text.1
                0x0208ed74      0x400 build/source/main.c.o
 .bss.wifi_connect_point
                0x0208f174       0x58 /opt/wonderful/thirdparty/blocksds/core/libs/dswifi/lib/libdswifi9.a(wifi_arm9.c.o)
                0x0208f174                wifi_connect_point
 .bss.wifi_connect_state
                0x0208f1cc        0x4 /opt/wonderful/thirdparty/blocksds/core/libs/dswifi/lib/libdswifi9.a(wifi_arm9.c.o)
                0x0208f1cc                wifi_connect_state
 .bss.synchandler
                0x0208f1d0        0x4 /opt/wonderful/thirdparty/blocksds/core/libs/dswifi/lib/libdswifi9.a(wifi_arm9.c.o)
                0x0208f1d0                synchandler
 .bss.packethandler
                0x0208f1d4        0x4 /opt/wonderful/thirdparty/blocksds/core/libs/dswifi/lib/libdswifi9.a(wifi_arm9.c.o)
                0x0208f1d4                packethandler
 .bss.WifiData  0x0208f1d8        0x4 /opt/wonderful/thirdparty/blocksds/core/libs/dswifi/lib/libdswifi9.a(wifi_arm9.c.o)
                0x0208f1d8                WifiData
 .bss.Wifi_Data_Struct
                0x0208f1dc        0x4 /opt/wonderful/thirdparty/blocksds/core/libs/dswifi/lib/libdswifi9.a(wifi_arm9.c.o)
                0x0208f1dc                Wifi_Data_Struct
 .bss.wHeapFirst
                0x0208f1e0        0x4 /opt/wonderful/thirdparty/blocksds/core/libs/dswifi/lib/libdswifi9.a(wifi_arm9.c.o)
                0x0208f1e0                wHeapFirst
 .bss.wHeapStart
                0x0208f1e4        0x4 /opt/wonderful/thirdparty/blocksds/core/libs/dswifi/lib/libdswifi9.a(wifi_arm9.c.o)
                0x0208f1e4                wHeapStart
 .bss.wifi_hw   0x0208f1e8        0x4 /opt/wonderful/thirdparty/blocksds/core/libs/dswifi/lib/libdswifi9.a(wifi_arm9.c.o)
                0x0208f1e8                wifi_hw
 .bss.socketlist
                0x0208f1ec      0x100 /opt/wonderful/thirdparty/blocksds/core/libs/dswifi/lib/libdswifi9.a(sgIP_sockets.c.o)
                0x0208f1ec                socketlist
 .bss.dhcp_serverip
                0x0208f2ec        0x4 /opt/wonderful/thirdparty/blocksds/core/libs/dswifi/lib/libdswifi9.a(sgIP_DHCP.c.o)
                0x0208f2ec                dhcp_serverip
 .bss.dhcp_rcvd_dns
                0x0208f2f0        0xc /opt/wonderful/thirdparty/blocksds/core/libs/dswifi/lib/libdswifi9.a(sgIP_DHCP.c.o)
                0x0208f2f0                dhcp_rcvd_dns
 .bss.dhcp_rcvd_snmask
                0x0208f2fc        0x4 /opt/wonderful/thirdparty/blocksds/core/libs/dswifi/lib/libdswifi9.a(sgIP_DHCP.c.o)
                0x0208f2fc                dhcp_rcvd_snmask
 .bss.dhcp_rcvd_gateway
                0x0208f300        0x4 /opt/wonderful/thirdparty/blocksds/core/libs/dswifi/lib/libdswifi9.a(sgIP_DHCP.c.o)
                0x0208f300                dhcp_rcvd_gateway
 .bss.dhcp_rcvd_ip
                0x0208f304        0x4 /opt/wonderful/thirdparty/blocksds/core/libs/dswifi/lib/libdswifi9.a(sgIP_DHCP.c.o)
                0x0208f304                dhcp_rcvd_ip
 .bss.dhcp_state
                0x0208f308        0x4 /opt/wonderful/thirdparty/blocksds/core/libs/dswifi/lib/libdswifi9.a(sgIP_DHCP.c.o)
                0x0208f308                dhcp_state
 .bss.dhcp_status
                0x0208f30c        0x4 /opt/wonderful/thirdparty/blocksds/core/libs/dswifi/lib/libdswifi9.a(sgIP_DHCP.c.o)
                0x0208f30c                dhcp_status
 .bss.dhcp_requestDNS
                0x0208f310        0x4 /opt/wonderful/thirdparty/blocksds/core/libs/dswifi/lib/libdswifi9.a(sgIP_DHCP.c.o)
                0x0208f310                dhcp_requestDNS
 .bss.dhcp_optionptr
                0x0208f314        0x4 /opt/wonderful/thirdparty/blocksds/core/libs/dswifi/lib/libdswifi9.a(sgIP_DHCP.c.o)
                0x0208f314                dhcp_optionptr
 .bss.dhcp_int  0x0208f318        0x4 /opt/wonderful/thirdparty/blocksds/core/libs/dswifi/lib/libdswifi9.a(sgIP_DHCP.c.o)
                0x0208f318                dhcp_int
 .bss.dhcp_p    0x0208f31c        0x4 /opt/wonderful/thirdparty/blocksds/core/libs/dswifi/lib/libdswifi9.a(sgIP_DHCP.c.o)
                0x0208f31c                dhcp_p
 .bss.dhcp_timelastaction
                0x0208f320        0x4 /opt/wonderful/thirdparty/blocksds/core/libs/dswifi/lib/libdswifi9.a(sgIP_DHCP.c.o)
                0x0208f320                dhcp_timelastaction
 .bss.dhcp_timestart
                0x0208f324        0x4 /opt/wonderful/thirdparty/blocksds/core/libs/dswifi/lib/libdswifi9.a(sgIP_DHCP.c.o)
                0x0208f324                dhcp_timestart
 .bss.dhcp_tid  0x0208f328        0x4 /opt/wonderful/thirdparty/blocksds/core/libs/dswifi/lib/libdswifi9.a(sgIP_DHCP.c.o)
                0x0208f328                dhcp_tid
 .bss.dhcp_hostname
                0x0208f32c       0x40 /opt/wonderful/thirdparty/blocksds/core/libs/dswifi/lib/libdswifi9.a(sgIP_DHCP.c.o)
                0x0208f32c                dhcp_hostname
 .bss.dhcp_socket
                0x0208f36c        0x4 /opt/wonderful/thirdparty/blocksds/core/libs/dswifi/lib/libdswifi9.a(sgIP_DHCP.c.o)
                0x0208f36c                dhcp_socket
 .bss.responsedata
                0x0208f370      0x200 /opt/wonderful/thirdparty/blocksds/core/libs/dswifi/lib/libdswifi9.a(sgIP_DNS.c.o)
                0x0208f370                responsedata
 .bss.querydata
                0x0208f570      0x200 /opt/wonderful/thirdparty/blocksds/core/libs/dswifi/lib/libdswifi9.a(sgIP_DNS.c.o)
                0x0208f570                querydata
 .bss.dnsrecord_hostent
                0x0208f770       0x14 /opt/wonderful/thirdparty/blocksds/core/libs/dswifi/lib/libdswifi9.a(sgIP_DNS.c.o)
                0x0208f770                dnsrecord_hostent
 .bss.ipaddr_ip
                0x0208f784        0x4 /opt/wonderful/thirdparty/blocksds/core/libs/dswifi/lib/libdswifi9.a(sgIP_DNS.c.o)
                0x0208f784                ipaddr_ip
 .bss.ipaddr_alias
                0x0208f788      0x100 /opt/wonderful/thirdparty/blocksds/core/libs/dswifi/lib/libdswifi9.a(sgIP_DNS.c.o)
                0x0208f788                ipaddr_alias
 .bss.addr_list
                0x0208f888       0x14 /opt/wonderful/thirdparty/blocksds/core/libs/dswifi/lib/libdswifi9.a(sgIP_DNS.c.o)
                0x0208f888                addr_list
 .bss.alias_list
                0x0208f89c       0x14 /opt/wonderful/thirdparty/blocksds/core/libs/dswifi/lib/libdswifi9.a(sgIP_DNS.c.o)
                0x0208f89c                alias_list
 .bss.dnsrecord_return
                0x0208f8b0      0x524 /opt/wonderful/thirdparty/blocksds/core/libs/dswifi/lib/libdswifi9.a(sgIP_DNS.c.o)
                0x0208f8b0                dnsrecord_return
 .bss.dnsrecords
                0x0208fdd4       0x40 /opt/wonderful/thirdparty/blocksds/core/libs/dswifi/lib/libdswifi9.a(sgIP_DNS.c.o)
                0x0208fdd4                dnsrecords
 .bss.query_time_start
                0x0208fe14        0x4 /opt/wonderful/thirdparty/blocksds/core/libs/dswifi/lib/libdswifi9.a(sgIP_DNS.c.o)
                0x0208fe14                query_time_start
 .bss.last_id   0x0208fe18        0x4 /opt/wonderful/thirdparty/blocksds/core/libs/dswifi/lib/libdswifi9.a(sgIP_DNS.c.o)
                0x0208fe18                last_id
 .bss.time_count
                0x0208fe1c        0x4 /opt/wonderful/thirdparty/blocksds/core/libs/dswifi/lib/libdswifi9.a(sgIP_DNS.c.o)
                0x0208fe1c                time_count
 .bss.dns_sock  0x0208fe20        0x4 /opt/wonderful/thirdparty/blocksds/core/libs/dswifi/lib/libdswifi9.a(sgIP_DNS.c.o)
                0x0208fe20                dns_sock
 .bss.numsynlist
                0x0208fe24        0x4 /opt/wonderful/thirdparty/blocksds/core/libs/dswifi/lib/libdswifi9.a(sgIP_TCP.c.o)
                0x0208fe24                numsynlist
 .bss.synlist   0x0208fe28      0x800 /opt/wonderful/thirdparty/blocksds/core/libs/dswifi/lib/libdswifi9.a(sgIP_TCP.c.o)
                0x0208fe28                synlist
 .bss.lasttime  0x02090628        0x4 /opt/wonderful/thirdparty/blocksds/core/libs/dswifi/lib/libdswifi9.a(sgIP_TCP.c.o)
                0x02090628                lasttime
 .bss.port_counter
                0x0209062c        0x4 /opt/wonderful/thirdparty/blocksds/core/libs/dswifi/lib/libdswifi9.a(sgIP_TCP.c.o)
                0x0209062c                port_counter
 .bss.tcprecords
                0x02090630        0x4 /opt/wonderful/thirdparty/blocksds/core/libs/dswifi/lib/libdswifi9.a(sgIP_TCP.c.o)
                0x02090630                tcprecords
 .bss.udpport_counter
                0x02090634        0x4 /opt/wonderful/thirdparty/blocksds/core/libs/dswifi/lib/libdswifi9.a(sgIP_UDP.c.o)
                0x02090634                udpport_counter
 .bss.udprecords
                0x02090638        0x4 /opt/wonderful/thirdparty/blocksds/core/libs/dswifi/lib/libdswifi9.a(sgIP_UDP.c.o)
                0x02090638                udprecords
 .bss.HWInterfaces
                0x0209063c       0x30 /opt/wonderful/thirdparty/blocksds/core/libs/dswifi/lib/libdswifi9.a(sgIP_Hub.c.o)
                0x0209063c                HWInterfaces
 .bss.ProtocolInterfaces
                0x0209066c        0x8 /opt/wonderful/thirdparty/blocksds/core/libs/dswifi/lib/libdswifi9.a(sgIP_Hub.c.o)
                0x0209066c                ProtocolInterfaces
 .bss.NumProtocolInterfaces
                0x02090674        0x4 /opt/wonderful/thirdparty/blocksds/core/libs/dswifi/lib/libdswifi9.a(sgIP_Hub.c.o)
                0x02090674                NumProtocolInterfaces
 .bss.NumHWInterfaces
                0x02090678        0x4 /opt/wonderful/thirdparty/blocksds/core/libs/dswifi/lib/libdswifi9.a(sgIP_Hub.c.o)
                0x02090678                NumHWInterfaces
 .bss.ArpRecords
                0x0209067c      0x400 /opt/wonderful/thirdparty/blocksds/core/libs/dswifi/lib/libdswifi9.a(sgIP_ARP.c.o)
                0x0209067c                ArpRecords
 .bss.count_1000ms
                0x02090a7c        0x4 /opt/wonderful/thirdparty/blocksds/core/libs/dswifi/lib/libdswifi9.a(sgIP.c.o)
                0x02090a7c                count_1000ms
 .bss.count_100ms
                0x02090a80        0x4 /opt/wonderful/thirdparty/blocksds/core/libs/dswifi/lib/libdswifi9.a(sgIP.c.o)
                0x02090a80                count_100ms
 .bss.sgIP_timems
                0x02090a84        0x4 /opt/wonderful/thirdparty/blocksds/core/libs/dswifi/lib/libdswifi9.a(sgIP.c.o)
                0x02090a84                sgIP_timems
 .bss.idnum_count
                0x02090a88        0x4 /opt/wonderful/thirdparty/blocksds/core/libs/dswifi/lib/libdswifi9.a(sgIP_IP.c.o)
                0x02090a88                idnum_count
 .bss.keysrepeat
                0x02090a8c        0x2 /opt/wonderful/thirdparty/blocksds/core/libs/libnds/lib/libnds9.a(keys.c.o)
 .bss.keysold   0x02090a8e        0x2 /opt/wonderful/thirdparty/blocksds/core/libs/libnds/lib/libnds9.a(keys.c.o)
 .bss.keys      0x02090a90        0x2 /opt/wonderful/thirdparty/blocksds/core/libs/libnds/lib/libnds9.a(keys.c.o)
 *fill*         0x02090a92        0x2 
 .bss.latchedTouchPosition
                0x02090a94        0xc /opt/wonderful/thirdparty/blocksds/core/libs/libnds/lib/libnds9.a(keys.c.o)
 .bss.receivedTouchPosition
                0x02090aa0        0xc /opt/wonderful/thirdparty/blocksds/core/libs/libnds/lib/libnds9.a(keys.c.o)
 .bss.punixTime
                0x02090aac        0x4 /opt/wonderful/thirdparty/blocksds/core/libs/libnds/lib/libnds9.a(initSystem.c.o)
                0x02090aac                punixTime
 .bss.__debugger_unit
                0x02090ab0        0x1 /opt/wonderful/thirdparty/blocksds/core/libs/libnds/lib/libnds9.a(initSystem.c.o)
                0x02090ab0                __debugger_unit
 .bss.__dsimode
                0x02090ab1        0x1 /opt/wonderful/thirdparty/blocksds/core/libs/libnds/lib/libnds9.a(initSystem.c.o)
                0x02090ab1                __dsimode
 *fill*         0x02090ab2        0x2 
 .bss.libnds_stderr_write